
*** Running vivado
    with args -log top_level_output_diff_0_2.vds -m64 -product Vivado -mode batch -messageDb vivado.pb -notrace -source top_level_output_diff_0_2.tcl


****** Vivado v2025.2 (64-bit)
  **** SW Build 6299465 on Fri Nov 14 12:34:56 MST 2025
  **** IP Build 6300035 on Fri Nov 14 10:48:45 MST 2025
  **** SharedData Build 6298862 on Thu Nov 13 04:50:51 MST 2025
  **** Start of session at: Mon May  4 11:49:48 2026
    ** Copyright 1986-2022 Xilinx, Inc. All Rights Reserved.
    ** Copyright 2022-2025 Advanced Micro Devices, Inc. All Rights Reserved.

source top_level_output_diff_0_2.tcl -notrace
create_project: Time (s): cpu = 00:00:14 ; elapsed = 00:00:11 . Memory (MB): peak = 1561.230 ; gain = 77.055 ; free physical = 8386 ; free virtual = 10695
INFO: [IP_Flow 19-234] Refreshing IP repositories
INFO: [IP_Flow 19-1700] Loaded user IP repository '/home/kasper-ubuntu/Documents/APPL_project_tetris/IPs'.
INFO: [IP_Flow 19-2313] Loaded Vivado IP repository '/home/kasper-ubuntu/Vivado/2025.2/data/ip'.
Command: synth_design -top top_level_output_diff_0_2 -part xc7s15ftgb196-1 -incremental_mode off -mode out_of_context
Starting synth_design
Attempting to get a license for feature 'Synthesis' and/or device 'xc7s15'
INFO: [Common 17-349] Got license for feature 'Synthesis' and/or device 'xc7s15'
INFO: [Device 21-403] Loading part xc7s15ftgb196-1
INFO: [Synth 8-7079] Multithreading enabled for synth_design using a maximum of 7 processes.
INFO: [Synth 8-7078] Launching helper process for spawning children vivado processes
INFO: [Synth 8-7075] Helper process launched with PID 31009
---------------------------------------------------------------------------------
Starting RTL Elaboration : Time (s): cpu = 00:00:09 ; elapsed = 00:00:17 . Memory (MB): peak = 2164.152 ; gain = 481.844 ; free physical = 5768 ; free virtual = 8076
---------------------------------------------------------------------------------
INFO: [Synth 8-638] synthesizing module 'top_level_output_diff_0_2' [/home/kasper-ubuntu/Documents/APPL_project_tetris/frame_gen/frame_gen.gen/sources_1/bd/top_level/ip/top_level_output_diff_0_2/synth/top_level_output_diff_0_2.vhd:64]
INFO: [Synth 8-3491] module 'output_diff' declared at '/home/kasper-ubuntu/Documents/APPL_project_tetris/frame_gen/frame_gen.srcs/sources_1/new/output_diff.vhd:34' bound to instance 'U0' of component 'output_diff' [/home/kasper-ubuntu/Documents/APPL_project_tetris/frame_gen/frame_gen.gen/sources_1/bd/top_level/ip/top_level_output_diff_0_2/synth/top_level_output_diff_0_2.vhd:83]
INFO: [Synth 8-638] synthesizing module 'output_diff' [/home/kasper-ubuntu/Documents/APPL_project_tetris/frame_gen/frame_gen.srcs/sources_1/new/output_diff.vhd:40]
INFO: [Synth 8-6157] synthesizing module 'OBUFDS' [/home/kasper-ubuntu/Vivado/2025.2/Vivado/scripts/rt/data/unisim_comp.v:113534]
INFO: [Synth 8-6155] done synthesizing module 'OBUFDS' (0#1) [/home/kasper-ubuntu/Vivado/2025.2/Vivado/scripts/rt/data/unisim_comp.v:113534]
INFO: [Synth 8-256] done synthesizing module 'output_diff' (0#1) [/home/kasper-ubuntu/Documents/APPL_project_tetris/frame_gen/frame_gen.srcs/sources_1/new/output_diff.vhd:40]
INFO: [Synth 8-256] done synthesizing module 'top_level_output_diff_0_2' (0#1) [/home/kasper-ubuntu/Documents/APPL_project_tetris/frame_gen/frame_gen.gen/sources_1/bd/top_level/ip/top_level_output_diff_0_2/synth/top_level_output_diff_0_2.vhd:64]
---------------------------------------------------------------------------------
Finished RTL Elaboration : Time (s): cpu = 00:00:12 ; elapsed = 00:00:21 . Memory (MB): peak = 2252.090 ; gain = 569.781 ; free physical = 5233 ; free virtual = 7543
---------------------------------------------------------------------------------
---------------------------------------------------------------------------------
Start Handling Custom Attributes
---------------------------------------------------------------------------------
---------------------------------------------------------------------------------
Finished Handling Custom Attributes : Time (s): cpu = 00:00:12 ; elapsed = 00:00:21 . Memory (MB): peak = 2263.965 ; gain = 581.656 ; free physical = 5210 ; free virtual = 7519
---------------------------------------------------------------------------------
---------------------------------------------------------------------------------
Finished RTL Optimization Phase 1 : Time (s): cpu = 00:00:12 ; elapsed = 00:00:21 . Memory (MB): peak = 2263.965 ; gain = 581.656 ; free physical = 5210 ; free virtual = 7519
---------------------------------------------------------------------------------
Netlist sorting complete. Time (s): cpu = 00:00:00 ; elapsed = 00:00:00 . Memory (MB): peak = 2269.902 ; gain = 0.000 ; free physical = 5198 ; free virtual = 7508
INFO: [Netlist 29-17] Analyzing 1 Unisim elements for replacement
INFO: [Netlist 29-28] Unisim Transformation completed in 0 CPU seconds
INFO: [Project 1-570] Preparing netlist for logic optimization

Processing XDC Constraints
Initializing timing engine
Completed Processing XDC Constraints

Netlist sorting complete. Time (s): cpu = 00:00:00 ; elapsed = 00:00:00 . Memory (MB): peak = 2312.891 ; gain = 0.000 ; free physical = 4912 ; free virtual = 7222
INFO: [Project 1-111] Unisim Transformation Summary:
No Unisim elements were transformed.

Constraint Validation Runtime : Time (s): cpu = 00:00:00.02 ; elapsed = 00:00:00.04 . Memory (MB): peak = 2312.926 ; gain = 0.000 ; free physical = 4907 ; free virtual = 7217
INFO: [Designutils 20-5008] Incremental synthesis strategy off
---------------------------------------------------------------------------------
Finished Constraint Validation : Time (s): cpu = 00:00:25 ; elapsed = 00:00:40 . Memory (MB): peak = 2312.926 ; gain = 630.617 ; free physical = 4252 ; free virtual = 6567
---------------------------------------------------------------------------------
---------------------------------------------------------------------------------
Start Loading Part and Timing Information
---------------------------------------------------------------------------------
Loading part: xc7s15ftgb196-1
---------------------------------------------------------------------------------
Finished Loading Part and Timing Information : Time (s): cpu = 00:00:25 ; elapsed = 00:00:40 . Memory (MB): peak = 2320.895 ; gain = 638.586 ; free physical = 4252 ; free virtual = 6567
---------------------------------------------------------------------------------
---------------------------------------------------------------------------------
Start Applying 'set_property' XDC Constraints
---------------------------------------------------------------------------------
---------------------------------------------------------------------------------
Finished applying 'set_property' XDC Constraints : Time (s): cpu = 00:00:25 ; elapsed = 00:00:40 . Memory (MB): peak = 2320.895 ; gain = 638.586 ; free physical = 4252 ; free virtual = 6567
---------------------------------------------------------------------------------
---------------------------------------------------------------------------------
Finished RTL Optimization Phase 2 : Time (s): cpu = 00:00:26 ; elapsed = 00:00:40 . Memory (MB): peak = 2320.895 ; gain = 638.586 ; free physical = 4257 ; free virtual = 6573
---------------------------------------------------------------------------------
No constraint files found.
---------------------------------------------------------------------------------
Start RTL Component Statistics 
---------------------------------------------------------------------------------
Detailed RTL Component Info : 
---------------------------------------------------------------------------------
Finished RTL Component Statistics 
---------------------------------------------------------------------------------
---------------------------------------------------------------------------------
Start Part Resource Summary
---------------------------------------------------------------------------------
Part Resources:
DSPs: 20 (col length:20)
BRAMs: 20 (col length: RAMB18 20 RAMB36 10)
---------------------------------------------------------------------------------
Finished Part Resource Summary
---------------------------------------------------------------------------------
No constraint files found.
---------------------------------------------------------------------------------
Start Cross Boundary and Area Optimization
---------------------------------------------------------------------------------
---------------------------------------------------------------------------------
Finished Cross Boundary and Area Optimization : Time (s): cpu = 00:00:28 ; elapsed = 00:00:43 . Memory (MB): peak = 2320.895 ; gain = 638.586 ; free physical = 4257 ; free virtual = 6573
---------------------------------------------------------------------------------
No constraint files found.
---------------------------------------------------------------------------------
Start Timing Optimization
---------------------------------------------------------------------------------
---------------------------------------------------------------------------------
Finished Timing Optimization : Time (s): cpu = 00:00:28 ; elapsed = 00:00:43 . Memory (MB): peak = 2320.895 ; gain = 638.586 ; free physical = 4257 ; free virtual = 6574
---------------------------------------------------------------------------------
---------------------------------------------------------------------------------
Start Technology Mapping
---------------------------------------------------------------------------------
---------------------------------------------------------------------------------
Finished Technology Mapping : Time (s): cpu = 00:00:28 ; elapsed = 00:00:43 . Memory (MB): peak = 2320.895 ; gain = 638.586 ; free physical = 4257 ; free virtual = 6575
---------------------------------------------------------------------------------
---------------------------------------------------------------------------------
Start IO Insertion
---------------------------------------------------------------------------------
---------------------------------------------------------------------------------
Start Flattening Before IO Insertion
---------------------------------------------------------------------------------
---------------------------------------------------------------------------------
Finished Flattening Before IO Insertion
---------------------------------------------------------------------------------
---------------------------------------------------------------------------------
Start Final Netlist Cleanup
---------------------------------------------------------------------------------
---------------------------------------------------------------------------------
Finished Final Netlist Cleanup
---------------------------------------------------------------------------------
---------------------------------------------------------------------------------
Finished IO Insertion : Time (s): cpu = 00:00:36 ; elapsed = 00:00:52 . Memory (MB): peak = 2454.707 ; gain = 772.398 ; free physical = 4043 ; free virtual = 6361
---------------------------------------------------------------------------------
---------------------------------------------------------------------------------
Start Renaming Generated Instances
---------------------------------------------------------------------------------
---------------------------------------------------------------------------------
Finished Renaming Generated Instances : Time (s): cpu = 00:00:36 ; elapsed = 00:00:52 . Memory (MB): peak = 2454.707 ; gain = 772.398 ; free physical = 4043 ; free virtual = 6361
---------------------------------------------------------------------------------
---------------------------------------------------------------------------------
Start Rebuilding User Hierarchy
---------------------------------------------------------------------------------
---------------------------------------------------------------------------------
Finished Rebuilding User Hierarchy : Time (s): cpu = 00:00:36 ; elapsed = 00:00:52 . Memory (MB): peak = 2454.707 ; gain = 772.398 ; free physical = 4042 ; free virtual = 6360
---------------------------------------------------------------------------------
---------------------------------------------------------------------------------
Start Renaming Generated Ports
---------------------------------------------------------------------------------
---------------------------------------------------------------------------------
Finished Renaming Generated Ports : Time (s): cpu = 00:00:36 ; elapsed = 00:00:52 . Memory (MB): peak = 2454.707 ; gain = 772.398 ; free physical = 4042 ; free virtual = 6360
---------------------------------------------------------------------------------
---------------------------------------------------------------------------------
Start Handling Custom Attributes
---------------------------------------------------------------------------------
---------------------------------------------------------------------------------
Finished Handling Custom Attributes : Time (s): cpu = 00:00:36 ; elapsed = 00:00:52 . Memory (MB): peak = 2454.707 ; gain = 772.398 ; free physical = 4042 ; free virtual = 6360
---------------------------------------------------------------------------------
---------------------------------------------------------------------------------
Start Renaming Generated Nets
---------------------------------------------------------------------------------
---------------------------------------------------------------------------------
Finished Renaming Generated Nets : Time (s): cpu = 00:00:36 ; elapsed = 00:00:52 . Memory (MB): peak = 2454.707 ; gain = 772.398 ; free physical = 4042 ; free virtual = 6360
---------------------------------------------------------------------------------
---------------------------------------------------------------------------------
Start Writing Synthesis Report
---------------------------------------------------------------------------------

Report BlackBoxes: 
+-+--------------+----------+
| |BlackBox name |Instances |
+-+--------------+----------+
+-+--------------+----------+

Report Cell Usage: 
+------+-------+------+
|      |Cell   |Count |
+------+-------+------+
|1     |OBUFDS |     1|
+------+-------+------+
---------------------------------------------------------------------------------
Finished Writing Synthesis Report : Time (s): cpu = 00:00:36 ; elapsed = 00:00:52 . Memory (MB): peak = 2454.707 ; gain = 772.398 ; free physical = 4042 ; free virtual = 6360
---------------------------------------------------------------------------------
Synthesis finished with 0 errors, 0 critical warnings and 0 warnings.
Synthesis Optimization Runtime : Time (s): cpu = 00:00:33 ; elapsed = 00:00:47 . Memory (MB): peak = 2454.707 ; gain = 723.438 ; free physical = 4038 ; free virtual = 6356
Synthesis Optimization Complete : Time (s): cpu = 00:00:36 ; elapsed = 00:00:52 . Memory (MB): peak = 2454.715 ; gain = 772.398 ; free physical = 4038 ; free virtual = 6356
INFO: [Project 1-571] Translating synthesized netlist
Netlist sorting complete. Time (s): cpu = 00:00:00 ; elapsed = 00:00:00 . Memory (MB): peak = 2454.715 ; gain = 0.000 ; free physical = 4025 ; free virtual = 6342
INFO: [Netlist 29-17] Analyzing 1 Unisim elements for replacement
INFO: [Netlist 29-28] Unisim Transformation completed in 0 CPU seconds
INFO: [Project 1-570] Preparing netlist for logic optimization
INFO: [Opt 31-138] Pushed 0 inverter(s) to 0 load pin(s).
Netlist sorting complete. Time (s): cpu = 00:00:00 ; elapsed = 00:00:00 . Memory (MB): peak = 2558.238 ; gain = 0.000 ; free physical = 3900 ; free virtual = 6218
INFO: [Project 1-111] Unisim Transformation Summary:
No Unisim elements were transformed.

Synth Design complete | Checksum: 2dbd2fa2
INFO: [Common 17-83] Releasing license: Synthesis
27 Infos, 0 Warnings, 0 Critical Warnings and 0 Errors encountered.
synth_design completed successfully
synth_design: Time (s): cpu = 00:00:48 ; elapsed = 00:01:05 . Memory (MB): peak = 2558.273 ; gain = 997.043 ; free physical = 4001 ; free virtual = 6318
INFO: [Common 17-2834] synth_design peak Physical Memory [PSS] (MB): overall = 1527.110; main = 1455.806; forked = 256.216
INFO: [Common 17-2834] synth_design peak Virtual Memory [VSS] (MB): overall = 3418.816; main = 2558.242; forked = 1063.988
Write ShapeDB Complete: Time (s): cpu = 00:00:00 ; elapsed = 00:00:00 . Memory (MB): peak = 2582.250 ; gain = 0.000 ; free physical = 3993 ; free virtual = 6311
INFO: [Common 17-1381] The checkpoint '/home/kasper-ubuntu/Documents/APPL_project_tetris/QLink_2020/QLink_2020.runs/top_level_output_diff_0_2_synth_1/top_level_output_diff_0_2.dcp' has been generated.
INFO: [Vivado 12-24828] Executing command : report_utilization -file top_level_output_diff_0_2_utilization_synth.rpt -pb top_level_output_diff_0_2_utilization_synth.pb
INFO: [Common 17-206] Exiting Vivado at Mon May  4 11:51:14 2026...
