
*** Running vivado
    with args -log top_level_row_fetcher_0_0.vds -m64 -product Vivado -mode batch -messageDb vivado.pb -notrace -source top_level_row_fetcher_0_0.tcl


****** Vivado v2025.2 (64-bit)
  **** SW Build 6299465 on Fri Nov 14 12:34:56 MST 2025
  **** IP Build 6300035 on Fri Nov 14 10:48:45 MST 2025
  **** SharedData Build 6298862 on Thu Nov 13 04:50:51 MST 2025
  **** Start of session at: Mon May  4 11:48:25 2026
    ** Copyright 1986-2022 Xilinx, Inc. All Rights Reserved.
    ** Copyright 2022-2025 Advanced Micro Devices, Inc. All Rights Reserved.

source top_level_row_fetcher_0_0.tcl -notrace
create_project: Time (s): cpu = 00:00:14 ; elapsed = 00:00:14 . Memory (MB): peak = 1560.719 ; gain = 75.055 ; free physical = 9558 ; free virtual = 11862
INFO: [IP_Flow 19-234] Refreshing IP repositories
INFO: [IP_Flow 19-1700] Loaded user IP repository '/home/kasper-ubuntu/Documents/APPL_project_tetris/IPs'.
INFO: [IP_Flow 19-2313] Loaded Vivado IP repository '/home/kasper-ubuntu/Vivado/2025.2/data/ip'.
Command: synth_design -top top_level_row_fetcher_0_0 -part xc7s15ftgb196-1 -incremental_mode off -mode out_of_context
Starting synth_design
Attempting to get a license for feature 'Synthesis' and/or device 'xc7s15'
INFO: [Common 17-349] Got license for feature 'Synthesis' and/or device 'xc7s15'
INFO: [Device 21-403] Loading part xc7s15ftgb196-1
INFO: [Synth 8-7079] Multithreading enabled for synth_design using a maximum of 7 processes.
INFO: [Synth 8-7078] Launching helper process for spawning children vivado processes
INFO: [Synth 8-7075] Helper process launched with PID 30102
---------------------------------------------------------------------------------
Starting RTL Elaboration : Time (s): cpu = 00:00:09 ; elapsed = 00:00:18 . Memory (MB): peak = 2163.391 ; gain = 483.594 ; free physical = 4762 ; free virtual = 7068
---------------------------------------------------------------------------------
INFO: [Synth 8-638] synthesizing module 'top_level_row_fetcher_0_0' [/home/kasper-ubuntu/Documents/APPL_project_tetris/frame_gen/frame_gen.gen/sources_1/bd/top_level/ip/top_level_row_fetcher_0_0/synth/top_level_row_fetcher_0_0.vhd:67]
	Parameter start_address bound to: 32'b00000000000000000000000000000000 
	Parameter num_tetris_cols bound to: 10 - type: integer 
	Parameter num_tetris_rows bound to: 20 - type: integer 
	Parameter num_pixel_rows bound to: 45 - type: integer 
	Parameter first_pixel_row bound to: 91 - type: integer 
INFO: [Synth 8-3491] module 'row_fetcher' declared at '/home/kasper-ubuntu/Documents/APPL_project_tetris/frame_gen/frame_gen.srcs/sources_1/new/row_fetcher.vhd:38' bound to instance 'U0' of component 'row_fetcher' [/home/kasper-ubuntu/Documents/APPL_project_tetris/frame_gen/frame_gen.gen/sources_1/bd/top_level/ip/top_level_row_fetcher_0_0/synth/top_level_row_fetcher_0_0.vhd:96]
INFO: [Synth 8-638] synthesizing module 'row_fetcher' [/home/kasper-ubuntu/Documents/APPL_project_tetris/frame_gen/frame_gen.srcs/sources_1/new/row_fetcher.vhd:55]
INFO: [Synth 8-256] done synthesizing module 'row_fetcher' (0#1) [/home/kasper-ubuntu/Documents/APPL_project_tetris/frame_gen/frame_gen.srcs/sources_1/new/row_fetcher.vhd:55]
INFO: [Synth 8-256] done synthesizing module 'top_level_row_fetcher_0_0' (0#1) [/home/kasper-ubuntu/Documents/APPL_project_tetris/frame_gen/frame_gen.gen/sources_1/bd/top_level/ip/top_level_row_fetcher_0_0/synth/top_level_row_fetcher_0_0.vhd:67]
INFO: [Synth 8-7129] Port data_in[31] in module row_fetcher is either unconnected or has no load
INFO: [Synth 8-7129] Port data_in[30] in module row_fetcher is either unconnected or has no load
INFO: [Synth 8-7129] Port data_in[29] in module row_fetcher is either unconnected or has no load
INFO: [Synth 8-7129] Port data_in[28] in module row_fetcher is either unconnected or has no load
INFO: [Synth 8-7129] Port data_in[27] in module row_fetcher is either unconnected or has no load
INFO: [Synth 8-7129] Port data_in[26] in module row_fetcher is either unconnected or has no load
INFO: [Synth 8-7129] Port data_in[25] in module row_fetcher is either unconnected or has no load
INFO: [Synth 8-7129] Port data_in[24] in module row_fetcher is either unconnected or has no load
INFO: [Synth 8-7129] Port data_in[23] in module row_fetcher is either unconnected or has no load
INFO: [Synth 8-7129] Port data_in[22] in module row_fetcher is either unconnected or has no load
INFO: [Synth 8-7129] Port data_in[21] in module row_fetcher is either unconnected or has no load
INFO: [Synth 8-7129] Port data_in[20] in module row_fetcher is either unconnected or has no load
INFO: [Synth 8-7129] Port data_in[19] in module row_fetcher is either unconnected or has no load
INFO: [Synth 8-7129] Port data_in[18] in module row_fetcher is either unconnected or has no load
INFO: [Synth 8-7129] Port data_in[17] in module row_fetcher is either unconnected or has no load
INFO: [Synth 8-7129] Port data_in[16] in module row_fetcher is either unconnected or has no load
INFO: [Synth 8-7129] Port data_in[15] in module row_fetcher is either unconnected or has no load
INFO: [Synth 8-7129] Port data_in[14] in module row_fetcher is either unconnected or has no load
INFO: [Synth 8-7129] Port data_in[13] in module row_fetcher is either unconnected or has no load
INFO: [Synth 8-7129] Port data_in[12] in module row_fetcher is either unconnected or has no load
INFO: [Synth 8-7129] Port data_in[11] in module row_fetcher is either unconnected or has no load
INFO: [Synth 8-7129] Port data_in[10] in module row_fetcher is either unconnected or has no load
INFO: [Synth 8-7129] Port data_in[9] in module row_fetcher is either unconnected or has no load
INFO: [Synth 8-7129] Port data_in[8] in module row_fetcher is either unconnected or has no load
INFO: [Synth 8-7129] Port data_in[7] in module row_fetcher is either unconnected or has no load
INFO: [Synth 8-7129] Port data_in[6] in module row_fetcher is either unconnected or has no load
INFO: [Synth 8-7129] Port data_in[5] in module row_fetcher is either unconnected or has no load
INFO: [Synth 8-7129] Port data_in[4] in module row_fetcher is either unconnected or has no load
---------------------------------------------------------------------------------
Finished RTL Elaboration : Time (s): cpu = 00:00:12 ; elapsed = 00:00:22 . Memory (MB): peak = 2252.359 ; gain = 572.562 ; free physical = 4296 ; free virtual = 6606
---------------------------------------------------------------------------------
---------------------------------------------------------------------------------
Start Handling Custom Attributes
---------------------------------------------------------------------------------
---------------------------------------------------------------------------------
Finished Handling Custom Attributes : Time (s): cpu = 00:00:12 ; elapsed = 00:00:22 . Memory (MB): peak = 2275.203 ; gain = 595.406 ; free physical = 4295 ; free virtual = 6605
---------------------------------------------------------------------------------
---------------------------------------------------------------------------------
Finished RTL Optimization Phase 1 : Time (s): cpu = 00:00:12 ; elapsed = 00:00:22 . Memory (MB): peak = 2275.203 ; gain = 595.406 ; free physical = 4295 ; free virtual = 6605
---------------------------------------------------------------------------------
Netlist sorting complete. Time (s): cpu = 00:00:00 ; elapsed = 00:00:00.01 . Memory (MB): peak = 2275.203 ; gain = 0.000 ; free physical = 4295 ; free virtual = 6605
INFO: [Project 1-570] Preparing netlist for logic optimization

Processing XDC Constraints
Initializing timing engine
Completed Processing XDC Constraints

Netlist sorting complete. Time (s): cpu = 00:00:00 ; elapsed = 00:00:00 . Memory (MB): peak = 2386.941 ; gain = 0.000 ; free physical = 4269 ; free virtual = 6579
INFO: [Project 1-111] Unisim Transformation Summary:
No Unisim elements were transformed.

Constraint Validation Runtime : Time (s): cpu = 00:00:00.03 ; elapsed = 00:00:00.06 . Memory (MB): peak = 2386.977 ; gain = 0.000 ; free physical = 4269 ; free virtual = 6579
INFO: [Designutils 20-5008] Incremental synthesis strategy off
---------------------------------------------------------------------------------
Finished Constraint Validation : Time (s): cpu = 00:00:24 ; elapsed = 00:00:36 . Memory (MB): peak = 2386.977 ; gain = 707.180 ; free physical = 4282 ; free virtual = 6598
---------------------------------------------------------------------------------
---------------------------------------------------------------------------------
Start Loading Part and Timing Information
---------------------------------------------------------------------------------
Loading part: xc7s15ftgb196-1
---------------------------------------------------------------------------------
Finished Loading Part and Timing Information : Time (s): cpu = 00:00:24 ; elapsed = 00:00:36 . Memory (MB): peak = 2394.945 ; gain = 715.148 ; free physical = 4282 ; free virtual = 6598
---------------------------------------------------------------------------------
---------------------------------------------------------------------------------
Start Applying 'set_property' XDC Constraints
---------------------------------------------------------------------------------
---------------------------------------------------------------------------------
Finished applying 'set_property' XDC Constraints : Time (s): cpu = 00:00:24 ; elapsed = 00:00:36 . Memory (MB): peak = 2394.945 ; gain = 715.148 ; free physical = 4282 ; free virtual = 6598
---------------------------------------------------------------------------------
INFO: [Synth 8-802] inferred FSM for state register 'state_reg' in module 'row_fetcher'
---------------------------------------------------------------------------------------------------
                   State |                     New Encoding |                Previous Encoding 
---------------------------------------------------------------------------------------------------
*
                    idle |                              000 |                              000
                   issue |                              001 |                              001
               wait_data |                              010 |                              101
                 capture |                              011 |                              010
                    hold |                              100 |                              100
                   latch |                              101 |                              011
---------------------------------------------------------------------------------------------------
INFO: [Synth 8-3354] encoded FSM with state register 'state_reg' using encoding 'sequential' in module 'row_fetcher'
---------------------------------------------------------------------------------
Finished RTL Optimization Phase 2 : Time (s): cpu = 00:00:25 ; elapsed = 00:00:37 . Memory (MB): peak = 2394.945 ; gain = 715.148 ; free physical = 4278 ; free virtual = 6593
---------------------------------------------------------------------------------
No constraint files found.
---------------------------------------------------------------------------------
Start RTL Component Statistics 
---------------------------------------------------------------------------------
Detailed RTL Component Info : 
+---Adders : 
	   2 Input   32 Bit       Adders := 1     
	   2 Input   10 Bit       Adders := 1     
	   2 Input    8 Bit       Adders := 1     
	   2 Input    5 Bit       Adders := 2     
+---Registers : 
	               32 Bit    Registers := 2     
	               30 Bit    Registers := 2     
	               12 Bit    Registers := 1     
	               10 Bit    Registers := 1     
	                8 Bit    Registers := 1     
	                5 Bit    Registers := 1     
	                4 Bit    Registers := 1     
+---Muxes : 
	   7 Input   32 Bit        Muxes := 1     
	   7 Input   30 Bit        Muxes := 1     
	   7 Input    8 Bit        Muxes := 1     
	   2 Input    5 Bit        Muxes := 2     
	   7 Input    3 Bit        Muxes := 1     
	   2 Input    3 Bit        Muxes := 2     
	   7 Input    1 Bit        Muxes := 7     
---------------------------------------------------------------------------------
Finished RTL Component Statistics 
---------------------------------------------------------------------------------
---------------------------------------------------------------------------------
Start Part Resource Summary
---------------------------------------------------------------------------------
Part Resources:
DSPs: 20 (col length:20)
BRAMs: 20 (col length: RAMB18 20 RAMB36 10)
---------------------------------------------------------------------------------
Finished Part Resource Summary
---------------------------------------------------------------------------------
No constraint files found.
---------------------------------------------------------------------------------
Start Cross Boundary and Area Optimization
---------------------------------------------------------------------------------
DSP Report: Generating DSP U0/plusOp, operation Mode is: (C:0x5b)+A2*(B:0x2d).
DSP Report: register U0/plusOp is absorbed into DSP U0/plusOp.
DSP Report: operator U0/plusOp is absorbed into DSP U0/plusOp.
DSP Report: operator U0/multOp is absorbed into DSP U0/plusOp.
INFO: [Synth 8-7129] Port data_in[31] in module top_level_row_fetcher_0_0 is either unconnected or has no load
INFO: [Synth 8-7129] Port data_in[30] in module top_level_row_fetcher_0_0 is either unconnected or has no load
INFO: [Synth 8-7129] Port data_in[29] in module top_level_row_fetcher_0_0 is either unconnected or has no load
INFO: [Synth 8-7129] Port data_in[28] in module top_level_row_fetcher_0_0 is either unconnected or has no load
INFO: [Synth 8-7129] Port data_in[27] in module top_level_row_fetcher_0_0 is either unconnected or has no load
INFO: [Synth 8-7129] Port data_in[26] in module top_level_row_fetcher_0_0 is either unconnected or has no load
INFO: [Synth 8-7129] Port data_in[25] in module top_level_row_fetcher_0_0 is either unconnected or has no load
INFO: [Synth 8-7129] Port data_in[24] in module top_level_row_fetcher_0_0 is either unconnected or has no load
INFO: [Synth 8-7129] Port data_in[23] in module top_level_row_fetcher_0_0 is either unconnected or has no load
INFO: [Synth 8-7129] Port data_in[22] in module top_level_row_fetcher_0_0 is either unconnected or has no load
INFO: [Synth 8-7129] Port data_in[21] in module top_level_row_fetcher_0_0 is either unconnected or has no load
INFO: [Synth 8-7129] Port data_in[20] in module top_level_row_fetcher_0_0 is either unconnected or has no load
INFO: [Synth 8-7129] Port data_in[19] in module top_level_row_fetcher_0_0 is either unconnected or has no load
INFO: [Synth 8-7129] Port data_in[18] in module top_level_row_fetcher_0_0 is either unconnected or has no load
INFO: [Synth 8-7129] Port data_in[17] in module top_level_row_fetcher_0_0 is either unconnected or has no load
INFO: [Synth 8-7129] Port data_in[16] in module top_level_row_fetcher_0_0 is either unconnected or has no load
INFO: [Synth 8-7129] Port data_in[15] in module top_level_row_fetcher_0_0 is either unconnected or has no load
INFO: [Synth 8-7129] Port data_in[14] in module top_level_row_fetcher_0_0 is either unconnected or has no load
INFO: [Synth 8-7129] Port data_in[13] in module top_level_row_fetcher_0_0 is either unconnected or has no load
INFO: [Synth 8-7129] Port data_in[12] in module top_level_row_fetcher_0_0 is either unconnected or has no load
INFO: [Synth 8-7129] Port data_in[11] in module top_level_row_fetcher_0_0 is either unconnected or has no load
INFO: [Synth 8-7129] Port data_in[10] in module top_level_row_fetcher_0_0 is either unconnected or has no load
INFO: [Synth 8-7129] Port data_in[9] in module top_level_row_fetcher_0_0 is either unconnected or has no load
INFO: [Synth 8-7129] Port data_in[8] in module top_level_row_fetcher_0_0 is either unconnected or has no load
INFO: [Synth 8-7129] Port data_in[7] in module top_level_row_fetcher_0_0 is either unconnected or has no load
INFO: [Synth 8-7129] Port data_in[6] in module top_level_row_fetcher_0_0 is either unconnected or has no load
INFO: [Synth 8-7129] Port data_in[5] in module top_level_row_fetcher_0_0 is either unconnected or has no load
INFO: [Synth 8-7129] Port data_in[4] in module top_level_row_fetcher_0_0 is either unconnected or has no load
---------------------------------------------------------------------------------
Finished Cross Boundary and Area Optimization : Time (s): cpu = 00:00:28 ; elapsed = 00:00:40 . Memory (MB): peak = 2394.945 ; gain = 715.148 ; free physical = 4237 ; free virtual = 6553
---------------------------------------------------------------------------------
 Sort Area is  U0/plusOp_0 : 0 0 : 222 222 : Used 1 time 0
---------------------------------------------------------------------------------
Start ROM, RAM, DSP, Shift Register and Retiming Reporting
---------------------------------------------------------------------------------

DSP: Preliminary Mapping Report (see note below. The ' indicates corresponding REG is set)
+--------------------------+----------------------+--------+--------+--------+--------+--------+------+------+------+------+-------+------+------+
|Module Name               | DSP Mapping          | A Size | B Size | C Size | D Size | P Size | AREG | BREG | CREG | DREG | ADREG | MREG | PREG | 
+--------------------------+----------------------+--------+--------+--------+--------+--------+------+------+------+------+-------+------+------+
|top_level_row_fetcher_0_0 | (C:0x5b)+A2*(B:0x2d) | 12     | 6      | 7      | -      | 18     | 1    | 0    | 0    | -    | -     | 0    | 0    | 
+--------------------------+----------------------+--------+--------+--------+--------+--------+------+------+------+------+-------+------+------+

Note: The table above is a preliminary report that shows the DSPs inferred at the current stage of the synthesis flow. Some DSP may be reimplemented as non DSP primitives later in the synthesis flow. Multiple instantiated DSPs are reported only once.
---------------------------------------------------------------------------------
Finished ROM, RAM, DSP, Shift Register and Retiming Reporting
---------------------------------------------------------------------------------
No constraint files found.
---------------------------------------------------------------------------------
Start Timing Optimization
---------------------------------------------------------------------------------
---------------------------------------------------------------------------------
Finished Timing Optimization : Time (s): cpu = 00:00:28 ; elapsed = 00:00:40 . Memory (MB): peak = 2394.945 ; gain = 715.148 ; free physical = 4237 ; free virtual = 6553
---------------------------------------------------------------------------------
---------------------------------------------------------------------------------
Start Technology Mapping
---------------------------------------------------------------------------------
---------------------------------------------------------------------------------
Finished Technology Mapping : Time (s): cpu = 00:00:28 ; elapsed = 00:00:40 . Memory (MB): peak = 2394.945 ; gain = 715.148 ; free physical = 4237 ; free virtual = 6553
---------------------------------------------------------------------------------
---------------------------------------------------------------------------------
Start IO Insertion
---------------------------------------------------------------------------------
---------------------------------------------------------------------------------
Start Flattening Before IO Insertion
---------------------------------------------------------------------------------
---------------------------------------------------------------------------------
Finished Flattening Before IO Insertion
---------------------------------------------------------------------------------
---------------------------------------------------------------------------------
Start Final Netlist Cleanup
---------------------------------------------------------------------------------
---------------------------------------------------------------------------------
Finished Final Netlist Cleanup
---------------------------------------------------------------------------------
---------------------------------------------------------------------------------
Finished IO Insertion : Time (s): cpu = 00:00:35 ; elapsed = 00:00:48 . Memory (MB): peak = 2477.727 ; gain = 797.930 ; free physical = 3985 ; free virtual = 6301
---------------------------------------------------------------------------------
---------------------------------------------------------------------------------
Start Renaming Generated Instances
---------------------------------------------------------------------------------
---------------------------------------------------------------------------------
Finished Renaming Generated Instances : Time (s): cpu = 00:00:35 ; elapsed = 00:00:48 . Memory (MB): peak = 2477.727 ; gain = 797.930 ; free physical = 3985 ; free virtual = 6301
---------------------------------------------------------------------------------
---------------------------------------------------------------------------------
Start Rebuilding User Hierarchy
---------------------------------------------------------------------------------
---------------------------------------------------------------------------------
Finished Rebuilding User Hierarchy : Time (s): cpu = 00:00:35 ; elapsed = 00:00:48 . Memory (MB): peak = 2477.727 ; gain = 797.930 ; free physical = 3977 ; free virtual = 6293
---------------------------------------------------------------------------------
---------------------------------------------------------------------------------
Start Renaming Generated Ports
---------------------------------------------------------------------------------
---------------------------------------------------------------------------------
Finished Renaming Generated Ports : Time (s): cpu = 00:00:35 ; elapsed = 00:00:48 . Memory (MB): peak = 2477.727 ; gain = 797.930 ; free physical = 3977 ; free virtual = 6293
---------------------------------------------------------------------------------
---------------------------------------------------------------------------------
Start Handling Custom Attributes
---------------------------------------------------------------------------------
---------------------------------------------------------------------------------
Finished Handling Custom Attributes : Time (s): cpu = 00:00:35 ; elapsed = 00:00:48 . Memory (MB): peak = 2477.727 ; gain = 797.930 ; free physical = 3977 ; free virtual = 6293
---------------------------------------------------------------------------------
---------------------------------------------------------------------------------
Start Renaming Generated Nets
---------------------------------------------------------------------------------
---------------------------------------------------------------------------------
Finished Renaming Generated Nets : Time (s): cpu = 00:00:35 ; elapsed = 00:00:48 . Memory (MB): peak = 2477.727 ; gain = 797.930 ; free physical = 3977 ; free virtual = 6293
---------------------------------------------------------------------------------
---------------------------------------------------------------------------------
Start Writing Synthesis Report
---------------------------------------------------------------------------------

DSP Final Report (the ' indicates corresponding REG is set)
+--------------------------+-------------+--------+--------+--------+--------+--------+------+------+------+------+-------+------+------+
|Module Name               | DSP Mapping | A Size | B Size | C Size | D Size | P Size | AREG | BREG | CREG | DREG | ADREG | MREG | PREG | 
+--------------------------+-------------+--------+--------+--------+--------+--------+------+------+------+------+-------+------+------+
|top_level_row_fetcher_0_0 | C+A'*B      | 5      | 6      | 7      | -      | 18     | 1    | 0    | 0    | -    | -     | 0    | 0    | 
+--------------------------+-------------+--------+--------+--------+--------+--------+------+------+------+------+-------+------+------+


Report BlackBoxes: 
+-+--------------+----------+
| |BlackBox name |Instances |
+-+--------------+----------+
+-+--------------+----------+

Report Cell Usage: 
+------+--------+------+
|      |Cell    |Count |
+------+--------+------+
|1     |CARRY4  |    16|
|2     |DSP48E1 |     1|
|3     |LUT1    |     2|
|4     |LUT2    |     5|
|5     |LUT3    |    45|
|6     |LUT4    |     8|
|7     |LUT5    |    31|
|8     |LUT6    |    21|
|9     |FDRE    |   162|
+------+--------+------+
---------------------------------------------------------------------------------
Finished Writing Synthesis Report : Time (s): cpu = 00:00:35 ; elapsed = 00:00:48 . Memory (MB): peak = 2477.727 ; gain = 797.930 ; free physical = 3977 ; free virtual = 6293
---------------------------------------------------------------------------------
Synthesis finished with 0 errors, 0 critical warnings and 0 warnings.
Synthesis Optimization Runtime : Time (s): cpu = 00:00:32 ; elapsed = 00:00:45 . Memory (MB): peak = 2477.727 ; gain = 686.156 ; free physical = 3977 ; free virtual = 6293
Synthesis Optimization Complete : Time (s): cpu = 00:00:35 ; elapsed = 00:00:48 . Memory (MB): peak = 2477.734 ; gain = 797.930 ; free physical = 3977 ; free virtual = 6293
INFO: [Project 1-571] Translating synthesized netlist
Netlist sorting complete. Time (s): cpu = 00:00:00 ; elapsed = 00:00:00.01 . Memory (MB): peak = 2491.602 ; gain = 0.000 ; free physical = 3962 ; free virtual = 6278
INFO: [Netlist 29-17] Analyzing 17 Unisim elements for replacement
INFO: [Netlist 29-28] Unisim Transformation completed in 0 CPU seconds
INFO: [Project 1-570] Preparing netlist for logic optimization
INFO: [Opt 31-138] Pushed 0 inverter(s) to 0 load pin(s).
Netlist sorting complete. Time (s): cpu = 00:00:00 ; elapsed = 00:00:00 . Memory (MB): peak = 2623.277 ; gain = 0.000 ; free physical = 3913 ; free virtual = 6229
INFO: [Project 1-111] Unisim Transformation Summary:
No Unisim elements were transformed.

Synth Design complete | Checksum: f4459164
INFO: [Common 17-83] Releasing license: Synthesis
81 Infos, 0 Warnings, 0 Critical Warnings and 0 Errors encountered.
synth_design completed successfully
synth_design: Time (s): cpu = 00:00:47 ; elapsed = 00:00:56 . Memory (MB): peak = 2623.312 ; gain = 1062.594 ; free physical = 3910 ; free virtual = 6223
INFO: [Common 17-2834] synth_design peak Physical Memory [PSS] (MB): overall = 1494.430; main = 1494.430; forked = 263.100
INFO: [Common 17-2834] synth_design peak Virtual Memory [VSS] (MB): overall = 3389.867; main = 2623.281; forked = 1063.988
Write ShapeDB Complete: Time (s): cpu = 00:00:00 ; elapsed = 00:00:00 . Memory (MB): peak = 2647.289 ; gain = 0.000 ; free physical = 3910 ; free virtual = 6223
INFO: [Common 17-1381] The checkpoint '/home/kasper-ubuntu/Documents/APPL_project_tetris/QLink_2020/QLink_2020.runs/top_level_row_fetcher_0_0_synth_1/top_level_row_fetcher_0_0.dcp' has been generated.
INFO: [Vivado 12-24828] Executing command : report_utilization -file top_level_row_fetcher_0_0_utilization_synth.rpt -pb top_level_row_fetcher_0_0_utilization_synth.pb
INFO: [Common 17-206] Exiting Vivado at Mon May  4 11:49:47 2026...
