
*** Running vivado
    with args -log main_top_wrapper.vds -m64 -product Vivado -mode batch -messageDb vivado.pb -notrace -source main_top_wrapper.tcl


****** Vivado v2025.2 (64-bit)
  **** SW Build 6299465 on Fri Nov 14 12:34:56 MST 2025
  **** IP Build 6300035 on Fri Nov 14 10:48:45 MST 2025
  **** SharedData Build 6298862 on Thu Nov 13 04:50:51 MST 2025
  **** Start of session at: Mon May 18 12:24:18 2026
    ** Copyright 1986-2022 Xilinx, Inc. All Rights Reserved.
    ** Copyright 2022-2025 Advanced Micro Devices, Inc. All Rights Reserved.

source main_top_wrapper.tcl -notrace
INFO: [IP_Flow 19-234] Refreshing IP repositories
INFO: [IP_Flow 19-1700] Loaded user IP repository '/home/kasper-ubuntu/Documents/APPL_project_tetris/IPs'.
INFO: [IP_Flow 19-2313] Loaded Vivado IP repository '/home/kasper-ubuntu/Vivado/2025.2/data/ip'.
INFO: [Project 1-5698] Found the below utility IPs instantiated in block design /home/kasper-ubuntu/Documents/APPL_project_tetris/QLink_2020/QLink_2020.srcs/sources_1/bd/main_top/main_top.bd which have equivalent inline hdl with improved performance and reduced diskspace.
It is recommended to migrate these utility IPs to inline hdl  using the command upgrade_project -migrate_to_inline_hdl.  The utility IPs may be deprecated in future releases.
More information on inline hdl is available in UG994.
Utility IP Component Instances:
 main_top_xlconstant_0_0
main_top_xlconstant_1_0
Command: read_checkpoint -auto_incremental -incremental /home/kasper-ubuntu/Documents/APPL_project_tetris/QLink_2020/QLink_2020.srcs/utils_1/imports/synth_1/receiver_top.dcp
INFO: [Vivado 12-5825] Read reference checkpoint from /home/kasper-ubuntu/Documents/APPL_project_tetris/QLink_2020/QLink_2020.srcs/utils_1/imports/synth_1/receiver_top.dcp for incremental synthesis
INFO: [Vivado 12-7989] Please ensure there are no constraint changes
Command: synth_design -top main_top_wrapper -part xc7s15ftgb196-1
Starting synth_design
Attempting to get a license for feature 'Synthesis' and/or device 'xc7s15'
INFO: [Common 17-349] Got license for feature 'Synthesis' and/or device 'xc7s15'
INFO: [Device 21-403] Loading part xc7s15ftgb196-1
INFO: [Designutils 20-5440] No compile time benefit to using incremental synthesis; A full resynthesis will be run
INFO: [Designutils 20-4379] Flow is switching to default flow due to incremental criteria not met. If you would like to alter this behaviour and have the flow terminate instead, please set the following parameter config_implementation {autoIncr.Synth.RejectBehavior Terminate}
INFO: [Synth 8-7079] Multithreading enabled for synth_design using a maximum of 7 processes.
INFO: [Synth 8-7078] Launching helper process for spawning children vivado processes
INFO: [Synth 8-7075] Helper process launched with PID 65581
---------------------------------------------------------------------------------
Starting RTL Elaboration : Time (s): cpu = 00:00:04 ; elapsed = 00:00:04 . Memory (MB): peak = 2166.277 ; gain = 485.125 ; free physical = 4713 ; free virtual = 12724
---------------------------------------------------------------------------------
INFO: [Synth 8-638] synthesizing module 'main_top_wrapper' [/home/kasper-ubuntu/Documents/APPL_project_tetris/QLink_2020/QLink_2020.gen/sources_1/bd/main_top/hdl/main_top_wrapper.vhd:38]
INFO: [Synth 8-3491] module 'main_top' declared at '/home/kasper-ubuntu/Documents/APPL_project_tetris/QLink_2020/QLink_2020.gen/sources_1/bd/main_top/synth/main_top.vhd:15' bound to instance 'main_top_i' of component 'main_top' [/home/kasper-ubuntu/Documents/APPL_project_tetris/QLink_2020/QLink_2020.gen/sources_1/bd/main_top/hdl/main_top_wrapper.vhd:62]
INFO: [Synth 8-638] synthesizing module 'main_top' [/home/kasper-ubuntu/Documents/APPL_project_tetris/QLink_2020/QLink_2020.gen/sources_1/bd/main_top/synth/main_top.vhd:42]
INFO: [Synth 8-3491] module 'main_top_com_side_wrapper_0_2' declared at '/home/kasper-ubuntu/Documents/APPL_project_tetris/QLink_2020/QLink_2020.runs/synth_1/.Xil/Vivado-65526-kasper-ubuntu-pc/realtime/main_top_com_side_wrapper_0_2_stub.vhdl:6' bound to instance 'com_side_wrapper_0' of component 'main_top_com_side_wrapper_0_2' [/home/kasper-ubuntu/Documents/APPL_project_tetris/QLink_2020/QLink_2020.gen/sources_1/bd/main_top/synth/main_top.vhd:102]
INFO: [Synth 8-638] synthesizing module 'main_top_com_side_wrapper_0_2' [/home/kasper-ubuntu/Documents/APPL_project_tetris/QLink_2020/QLink_2020.runs/synth_1/.Xil/Vivado-65526-kasper-ubuntu-pc/realtime/main_top_com_side_wrapper_0_2_stub.vhdl:33]
INFO: [Synth 8-3491] module 'main_top_top_level_0_1' declared at '/home/kasper-ubuntu/Documents/APPL_project_tetris/QLink_2020/QLink_2020.runs/synth_1/.Xil/Vivado-65526-kasper-ubuntu-pc/realtime/main_top_top_level_0_1_stub.vhdl:6' bound to instance 'top_level_0' of component 'main_top_top_level_0_1' [/home/kasper-ubuntu/Documents/APPL_project_tetris/QLink_2020/QLink_2020.gen/sources_1/bd/main_top/synth/main_top.vhd:118]
INFO: [Synth 8-638] synthesizing module 'main_top_top_level_0_1' [/home/kasper-ubuntu/Documents/APPL_project_tetris/QLink_2020/QLink_2020.runs/synth_1/.Xil/Vivado-65526-kasper-ubuntu-pc/realtime/main_top_top_level_0_1_stub.vhdl:31]
INFO: [Synth 8-3491] module 'main_top_xlconstant_0_0' declared at '/home/kasper-ubuntu/Documents/APPL_project_tetris/QLink_2020/QLink_2020.gen/sources_1/bd/main_top/ip/main_top_xlconstant_0_0/synth/main_top_xlconstant_0_0.v:53' bound to instance 'xlconstant_0' of component 'main_top_xlconstant_0_0' [/home/kasper-ubuntu/Documents/APPL_project_tetris/QLink_2020/QLink_2020.gen/sources_1/bd/main_top/synth/main_top.vhd:134]
INFO: [Synth 8-6157] synthesizing module 'main_top_xlconstant_0_0' [/home/kasper-ubuntu/Documents/APPL_project_tetris/QLink_2020/QLink_2020.gen/sources_1/bd/main_top/ip/main_top_xlconstant_0_0/synth/main_top_xlconstant_0_0.v:53]
INFO: [Synth 8-6157] synthesizing module 'xlconstant_v1_1_10_xlconstant' [/home/kasper-ubuntu/Documents/APPL_project_tetris/QLink_2020/QLink_2020.gen/sources_1/bd/main_top/ipshared/a165/hdl/xlconstant_v1_1_vl_rfs.v:68]
INFO: [Synth 8-6155] done synthesizing module 'xlconstant_v1_1_10_xlconstant' (0#1) [/home/kasper-ubuntu/Documents/APPL_project_tetris/QLink_2020/QLink_2020.gen/sources_1/bd/main_top/ipshared/a165/hdl/xlconstant_v1_1_vl_rfs.v:68]
INFO: [Synth 8-6155] done synthesizing module 'main_top_xlconstant_0_0' (0#1) [/home/kasper-ubuntu/Documents/APPL_project_tetris/QLink_2020/QLink_2020.gen/sources_1/bd/main_top/ip/main_top_xlconstant_0_0/synth/main_top_xlconstant_0_0.v:53]
INFO: [Synth 8-3491] module 'main_top_xlconstant_1_0' declared at '/home/kasper-ubuntu/Documents/APPL_project_tetris/QLink_2020/QLink_2020.gen/sources_1/bd/main_top/ip/main_top_xlconstant_1_0/synth/main_top_xlconstant_1_0.v:53' bound to instance 'xlconstant_1' of component 'main_top_xlconstant_1_0' [/home/kasper-ubuntu/Documents/APPL_project_tetris/QLink_2020/QLink_2020.gen/sources_1/bd/main_top/synth/main_top.vhd:138]
INFO: [Synth 8-6157] synthesizing module 'main_top_xlconstant_1_0' [/home/kasper-ubuntu/Documents/APPL_project_tetris/QLink_2020/QLink_2020.gen/sources_1/bd/main_top/ip/main_top_xlconstant_1_0/synth/main_top_xlconstant_1_0.v:53]
INFO: [Synth 8-6157] synthesizing module 'xlconstant_v1_1_10_xlconstant__parameterized0' [/home/kasper-ubuntu/Documents/APPL_project_tetris/QLink_2020/QLink_2020.gen/sources_1/bd/main_top/ipshared/a165/hdl/xlconstant_v1_1_vl_rfs.v:68]
INFO: [Synth 8-6155] done synthesizing module 'xlconstant_v1_1_10_xlconstant__parameterized0' (0#1) [/home/kasper-ubuntu/Documents/APPL_project_tetris/QLink_2020/QLink_2020.gen/sources_1/bd/main_top/ipshared/a165/hdl/xlconstant_v1_1_vl_rfs.v:68]
INFO: [Synth 8-6155] done synthesizing module 'main_top_xlconstant_1_0' (0#1) [/home/kasper-ubuntu/Documents/APPL_project_tetris/QLink_2020/QLink_2020.gen/sources_1/bd/main_top/ip/main_top_xlconstant_1_0/synth/main_top_xlconstant_1_0.v:53]
INFO: [Synth 8-256] done synthesizing module 'main_top' (0#1) [/home/kasper-ubuntu/Documents/APPL_project_tetris/QLink_2020/QLink_2020.gen/sources_1/bd/main_top/synth/main_top.vhd:42]
INFO: [Synth 8-256] done synthesizing module 'main_top_wrapper' (0#1) [/home/kasper-ubuntu/Documents/APPL_project_tetris/QLink_2020/QLink_2020.gen/sources_1/bd/main_top/hdl/main_top_wrapper.vhd:38]
WARNING: [Synth 8-7129] Port BB_09 in module main_top is either unconnected or has no load
---------------------------------------------------------------------------------
Finished RTL Elaboration : Time (s): cpu = 00:00:05 ; elapsed = 00:00:06 . Memory (MB): peak = 2255.246 ; gain = 574.094 ; free physical = 4644 ; free virtual = 12655
---------------------------------------------------------------------------------
---------------------------------------------------------------------------------
Start Handling Custom Attributes
---------------------------------------------------------------------------------
---------------------------------------------------------------------------------
Finished Handling Custom Attributes : Time (s): cpu = 00:00:05 ; elapsed = 00:00:06 . Memory (MB): peak = 2267.121 ; gain = 585.969 ; free physical = 4644 ; free virtual = 12655
---------------------------------------------------------------------------------
---------------------------------------------------------------------------------
Finished RTL Optimization Phase 1 : Time (s): cpu = 00:00:05 ; elapsed = 00:00:06 . Memory (MB): peak = 2267.121 ; gain = 585.969 ; free physical = 4644 ; free virtual = 12655
---------------------------------------------------------------------------------
Netlist sorting complete. Time (s): cpu = 00:00:00 ; elapsed = 00:00:00 . Memory (MB): peak = 2267.121 ; gain = 0.000 ; free physical = 4644 ; free virtual = 12655
INFO: [Project 1-570] Preparing netlist for logic optimization

Processing XDC Constraints
Initializing timing engine
Parsing XDC File [/home/kasper-ubuntu/Documents/APPL_project_tetris/QLink_2020/QLink_2020.gen/sources_1/bd/main_top/ip/main_top_top_level_0_1/main_top_top_level_0_1/main_top_top_level_0_1_in_context.xdc] for cell 'main_top_i/top_level_0'
Finished Parsing XDC File [/home/kasper-ubuntu/Documents/APPL_project_tetris/QLink_2020/QLink_2020.gen/sources_1/bd/main_top/ip/main_top_top_level_0_1/main_top_top_level_0_1/main_top_top_level_0_1_in_context.xdc] for cell 'main_top_i/top_level_0'
Parsing XDC File [/home/kasper-ubuntu/Documents/APPL_project_tetris/QLink_2020/QLink_2020.gen/sources_1/bd/main_top/ip/main_top_com_side_wrapper_0_2/main_top_com_side_wrapper_0_2/main_top_com_side_wrapper_0_2_in_context.xdc] for cell 'main_top_i/com_side_wrapper_0'
Finished Parsing XDC File [/home/kasper-ubuntu/Documents/APPL_project_tetris/QLink_2020/QLink_2020.gen/sources_1/bd/main_top/ip/main_top_com_side_wrapper_0_2/main_top_com_side_wrapper_0_2/main_top_com_side_wrapper_0_2_in_context.xdc] for cell 'main_top_i/com_side_wrapper_0'
Parsing XDC File [/home/kasper-ubuntu/Documents/APPL_project_tetris/vhdl/sindri_constraints.xdc]
WARNING: [Vivado 12-584] No ports matched 'nBUTTON_I'. [/home/kasper-ubuntu/Documents/APPL_project_tetris/vhdl/sindri_constraints.xdc:35]
WARNING: [Vivado 12-584] No ports matched 'nBUTTON_I'. [/home/kasper-ubuntu/Documents/APPL_project_tetris/vhdl/sindri_constraints.xdc:36]
WARNING: [Vivado 12-584] No ports matched 'LED_1[0]'. [/home/kasper-ubuntu/Documents/APPL_project_tetris/vhdl/sindri_constraints.xdc:49]
WARNING: [Vivado 12-584] No ports matched 'LED_1[0]'. [/home/kasper-ubuntu/Documents/APPL_project_tetris/vhdl/sindri_constraints.xdc:50]
WARNING: [Vivado 12-584] No ports matched 'LED_1[1]'. [/home/kasper-ubuntu/Documents/APPL_project_tetris/vhdl/sindri_constraints.xdc:51]
WARNING: [Vivado 12-584] No ports matched 'LED_1[1]'. [/home/kasper-ubuntu/Documents/APPL_project_tetris/vhdl/sindri_constraints.xdc:52]
WARNING: [Vivado 12-584] No ports matched 'LED_1[2]'. [/home/kasper-ubuntu/Documents/APPL_project_tetris/vhdl/sindri_constraints.xdc:53]
WARNING: [Vivado 12-584] No ports matched 'LED_1[2]'. [/home/kasper-ubuntu/Documents/APPL_project_tetris/vhdl/sindri_constraints.xdc:54]
WARNING: [Vivado 12-584] No ports matched 'LED_1[3]'. [/home/kasper-ubuntu/Documents/APPL_project_tetris/vhdl/sindri_constraints.xdc:55]
WARNING: [Vivado 12-584] No ports matched 'LED_1[3]'. [/home/kasper-ubuntu/Documents/APPL_project_tetris/vhdl/sindri_constraints.xdc:56]
WARNING: [Vivado 12-5846] Redefining clock group XCLK [/home/kasper-ubuntu/Documents/APPL_project_tetris/vhdl/sindri_constraints.xdc:77]
WARNING: [Vivado 12-584] No ports matched 'BB_05'. [/home/kasper-ubuntu/Documents/APPL_project_tetris/vhdl/sindri_constraints.xdc:89]
WARNING: [Vivado 12-584] No ports matched 'BB_05'. [/home/kasper-ubuntu/Documents/APPL_project_tetris/vhdl/sindri_constraints.xdc:90]
WARNING: [Vivado 12-584] No ports matched 'BB_06'. [/home/kasper-ubuntu/Documents/APPL_project_tetris/vhdl/sindri_constraints.xdc:93]
WARNING: [Vivado 12-584] No ports matched 'BB_06'. [/home/kasper-ubuntu/Documents/APPL_project_tetris/vhdl/sindri_constraints.xdc:94]
WARNING: [Vivado 12-584] No ports matched 'BB_07'. [/home/kasper-ubuntu/Documents/APPL_project_tetris/vhdl/sindri_constraints.xdc:97]
WARNING: [Vivado 12-584] No ports matched 'BB_07'. [/home/kasper-ubuntu/Documents/APPL_project_tetris/vhdl/sindri_constraints.xdc:98]
WARNING: [Vivado 12-584] No ports matched 'BB_08'. [/home/kasper-ubuntu/Documents/APPL_project_tetris/vhdl/sindri_constraints.xdc:101]
WARNING: [Vivado 12-584] No ports matched 'BB_08'. [/home/kasper-ubuntu/Documents/APPL_project_tetris/vhdl/sindri_constraints.xdc:102]
WARNING: [Vivado 12-584] No ports matched 'BB_10'. [/home/kasper-ubuntu/Documents/APPL_project_tetris/vhdl/sindri_constraints.xdc:109]
WARNING: [Vivado 12-584] No ports matched 'BB_10'. [/home/kasper-ubuntu/Documents/APPL_project_tetris/vhdl/sindri_constraints.xdc:110]
WARNING: [Vivado 12-584] No ports matched 'BB_11'. [/home/kasper-ubuntu/Documents/APPL_project_tetris/vhdl/sindri_constraints.xdc:113]
WARNING: [Vivado 12-584] No ports matched 'BB_11'. [/home/kasper-ubuntu/Documents/APPL_project_tetris/vhdl/sindri_constraints.xdc:114]
WARNING: [Vivado 12-584] No ports matched 'BB_12'. [/home/kasper-ubuntu/Documents/APPL_project_tetris/vhdl/sindri_constraints.xdc:117]
WARNING: [Vivado 12-584] No ports matched 'BB_12'. [/home/kasper-ubuntu/Documents/APPL_project_tetris/vhdl/sindri_constraints.xdc:118]
WARNING: [Vivado 12-584] No ports matched 'BB_13'. [/home/kasper-ubuntu/Documents/APPL_project_tetris/vhdl/sindri_constraints.xdc:121]
WARNING: [Vivado 12-584] No ports matched 'BB_13'. [/home/kasper-ubuntu/Documents/APPL_project_tetris/vhdl/sindri_constraints.xdc:122]
WARNING: [Vivado 12-584] No ports matched 'BB_14'. [/home/kasper-ubuntu/Documents/APPL_project_tetris/vhdl/sindri_constraints.xdc:125]
WARNING: [Vivado 12-584] No ports matched 'BB_14'. [/home/kasper-ubuntu/Documents/APPL_project_tetris/vhdl/sindri_constraints.xdc:126]
WARNING: [Vivado 12-584] No ports matched 'BB_15'. [/home/kasper-ubuntu/Documents/APPL_project_tetris/vhdl/sindri_constraints.xdc:129]
WARNING: [Vivado 12-584] No ports matched 'BB_15'. [/home/kasper-ubuntu/Documents/APPL_project_tetris/vhdl/sindri_constraints.xdc:130]
WARNING: [Vivado 12-584] No ports matched 'BB_17'. [/home/kasper-ubuntu/Documents/APPL_project_tetris/vhdl/sindri_constraints.xdc:137]
WARNING: [Vivado 12-584] No ports matched 'BB_17'. [/home/kasper-ubuntu/Documents/APPL_project_tetris/vhdl/sindri_constraints.xdc:138]
WARNING: [Vivado 12-584] No ports matched 'BB_18'. [/home/kasper-ubuntu/Documents/APPL_project_tetris/vhdl/sindri_constraints.xdc:141]
WARNING: [Vivado 12-584] No ports matched 'BB_18'. [/home/kasper-ubuntu/Documents/APPL_project_tetris/vhdl/sindri_constraints.xdc:142]
WARNING: [Vivado 12-584] No ports matched 'BB_19'. [/home/kasper-ubuntu/Documents/APPL_project_tetris/vhdl/sindri_constraints.xdc:145]
WARNING: [Vivado 12-584] No ports matched 'BB_19'. [/home/kasper-ubuntu/Documents/APPL_project_tetris/vhdl/sindri_constraints.xdc:146]
WARNING: [Vivado 12-584] No ports matched 'BB_20'. [/home/kasper-ubuntu/Documents/APPL_project_tetris/vhdl/sindri_constraints.xdc:149]
WARNING: [Vivado 12-584] No ports matched 'BB_20'. [/home/kasper-ubuntu/Documents/APPL_project_tetris/vhdl/sindri_constraints.xdc:150]
WARNING: [Vivado 12-584] No ports matched 'BB_22'. [/home/kasper-ubuntu/Documents/APPL_project_tetris/vhdl/sindri_constraints.xdc:157]
WARNING: [Vivado 12-584] No ports matched 'BB_22'. [/home/kasper-ubuntu/Documents/APPL_project_tetris/vhdl/sindri_constraints.xdc:158]
WARNING: [Vivado 12-584] No ports matched 'BB_23'. [/home/kasper-ubuntu/Documents/APPL_project_tetris/vhdl/sindri_constraints.xdc:161]
WARNING: [Vivado 12-584] No ports matched 'BB_23'. [/home/kasper-ubuntu/Documents/APPL_project_tetris/vhdl/sindri_constraints.xdc:162]
WARNING: [Vivado 12-584] No ports matched 'BB_25'. [/home/kasper-ubuntu/Documents/APPL_project_tetris/vhdl/sindri_constraints.xdc:169]
WARNING: [Vivado 12-584] No ports matched 'BB_25'. [/home/kasper-ubuntu/Documents/APPL_project_tetris/vhdl/sindri_constraints.xdc:170]
WARNING: [Vivado 12-584] No ports matched 'BB_26'. [/home/kasper-ubuntu/Documents/APPL_project_tetris/vhdl/sindri_constraints.xdc:173]
WARNING: [Vivado 12-584] No ports matched 'BB_26'. [/home/kasper-ubuntu/Documents/APPL_project_tetris/vhdl/sindri_constraints.xdc:174]
WARNING: [Vivado 12-584] No ports matched 'BB_28'. [/home/kasper-ubuntu/Documents/APPL_project_tetris/vhdl/sindri_constraints.xdc:181]
WARNING: [Vivado 12-584] No ports matched 'BB_28'. [/home/kasper-ubuntu/Documents/APPL_project_tetris/vhdl/sindri_constraints.xdc:182]
WARNING: [Vivado 12-584] No ports matched 'BB_29'. [/home/kasper-ubuntu/Documents/APPL_project_tetris/vhdl/sindri_constraints.xdc:185]
WARNING: [Vivado 12-584] No ports matched 'BB_29'. [/home/kasper-ubuntu/Documents/APPL_project_tetris/vhdl/sindri_constraints.xdc:186]
WARNING: [Vivado 12-584] No ports matched 'HDMI_11'. [/home/kasper-ubuntu/Documents/APPL_project_tetris/vhdl/sindri_constraints.xdc:195]
WARNING: [Vivado 12-584] No ports matched 'HDMI_11'. [/home/kasper-ubuntu/Documents/APPL_project_tetris/vhdl/sindri_constraints.xdc:196]
WARNING: [Vivado 12-584] No ports matched 'HDMI_12'. [/home/kasper-ubuntu/Documents/APPL_project_tetris/vhdl/sindri_constraints.xdc:198]
WARNING: [Vivado 12-584] No ports matched 'HDMI_12'. [/home/kasper-ubuntu/Documents/APPL_project_tetris/vhdl/sindri_constraints.xdc:199]
WARNING: [Vivado 12-584] No ports matched 'HDMI_21'. [/home/kasper-ubuntu/Documents/APPL_project_tetris/vhdl/sindri_constraints.xdc:203]
WARNING: [Vivado 12-584] No ports matched 'HDMI_21'. [/home/kasper-ubuntu/Documents/APPL_project_tetris/vhdl/sindri_constraints.xdc:204]
WARNING: [Vivado 12-584] No ports matched 'HDMI_22'. [/home/kasper-ubuntu/Documents/APPL_project_tetris/vhdl/sindri_constraints.xdc:206]
WARNING: [Vivado 12-584] No ports matched 'HDMI_22'. [/home/kasper-ubuntu/Documents/APPL_project_tetris/vhdl/sindri_constraints.xdc:207]
WARNING: [Vivado 12-584] No ports matched 'HDMI_31'. [/home/kasper-ubuntu/Documents/APPL_project_tetris/vhdl/sindri_constraints.xdc:211]
WARNING: [Vivado 12-584] No ports matched 'HDMI_31'. [/home/kasper-ubuntu/Documents/APPL_project_tetris/vhdl/sindri_constraints.xdc:212]
WARNING: [Vivado 12-584] No ports matched 'HDMI_32'. [/home/kasper-ubuntu/Documents/APPL_project_tetris/vhdl/sindri_constraints.xdc:214]
WARNING: [Vivado 12-584] No ports matched 'HDMI_32'. [/home/kasper-ubuntu/Documents/APPL_project_tetris/vhdl/sindri_constraints.xdc:215]
WARNING: [Vivado 12-584] No ports matched 'HDMI_41'. [/home/kasper-ubuntu/Documents/APPL_project_tetris/vhdl/sindri_constraints.xdc:219]
WARNING: [Vivado 12-584] No ports matched 'HDMI_41'. [/home/kasper-ubuntu/Documents/APPL_project_tetris/vhdl/sindri_constraints.xdc:220]
WARNING: [Vivado 12-584] No ports matched 'HDMI_42'. [/home/kasper-ubuntu/Documents/APPL_project_tetris/vhdl/sindri_constraints.xdc:222]
WARNING: [Vivado 12-584] No ports matched 'HDMI_42'. [/home/kasper-ubuntu/Documents/APPL_project_tetris/vhdl/sindri_constraints.xdc:223]
Finished Parsing XDC File [/home/kasper-ubuntu/Documents/APPL_project_tetris/vhdl/sindri_constraints.xdc]
WARNING: [Project 1-498] One or more constraints failed evaluation while reading constraint file [/home/kasper-ubuntu/Documents/APPL_project_tetris/vhdl/sindri_constraints.xdc] and the design contains unresolved black boxes. These constraints will be read post-synthesis (as long as their source constraint file is marked as used_in_implementation) and should be applied correctly then. You should review the constraints listed in the file [.Xil/main_top_wrapper_propImpl.xdc] and check the run log file to verify that these constraints were correctly applied.
INFO: [Project 1-236] Implementation specific constraints were found while reading constraint file [/home/kasper-ubuntu/Documents/APPL_project_tetris/vhdl/sindri_constraints.xdc]. These constraints will be ignored for synthesis but will be used in implementation. Impacted constraints are listed in the file [.Xil/main_top_wrapper_propImpl.xdc].
Resolution: To avoid this warning, move constraints listed in [.Xil/main_top_wrapper_propImpl.xdc] to another XDC file and exclude this new file from synthesis with the used_in_synthesis property (File Properties dialog in GUI) and re-run elaboration/synthesis.
Parsing XDC File [/home/kasper-ubuntu/Documents/APPL_project_tetris/frame_gen/frame_gen.srcs/constrs_1/imports/vhdl/sindri_constraints.xdc]
WARNING: [Vivado 12-584] No ports matched 'nBUTTON_I'. [/home/kasper-ubuntu/Documents/APPL_project_tetris/frame_gen/frame_gen.srcs/constrs_1/imports/vhdl/sindri_constraints.xdc:35]
WARNING: [Vivado 12-584] No ports matched 'nBUTTON_I'. [/home/kasper-ubuntu/Documents/APPL_project_tetris/frame_gen/frame_gen.srcs/constrs_1/imports/vhdl/sindri_constraints.xdc:36]
WARNING: [Vivado 12-584] No ports matched 'LED_1[0]'. [/home/kasper-ubuntu/Documents/APPL_project_tetris/frame_gen/frame_gen.srcs/constrs_1/imports/vhdl/sindri_constraints.xdc:49]
WARNING: [Vivado 12-584] No ports matched 'LED_1[0]'. [/home/kasper-ubuntu/Documents/APPL_project_tetris/frame_gen/frame_gen.srcs/constrs_1/imports/vhdl/sindri_constraints.xdc:50]
WARNING: [Vivado 12-584] No ports matched 'LED_1[1]'. [/home/kasper-ubuntu/Documents/APPL_project_tetris/frame_gen/frame_gen.srcs/constrs_1/imports/vhdl/sindri_constraints.xdc:51]
WARNING: [Vivado 12-584] No ports matched 'LED_1[1]'. [/home/kasper-ubuntu/Documents/APPL_project_tetris/frame_gen/frame_gen.srcs/constrs_1/imports/vhdl/sindri_constraints.xdc:52]
WARNING: [Vivado 12-584] No ports matched 'LED_1[2]'. [/home/kasper-ubuntu/Documents/APPL_project_tetris/frame_gen/frame_gen.srcs/constrs_1/imports/vhdl/sindri_constraints.xdc:53]
WARNING: [Vivado 12-584] No ports matched 'LED_1[2]'. [/home/kasper-ubuntu/Documents/APPL_project_tetris/frame_gen/frame_gen.srcs/constrs_1/imports/vhdl/sindri_constraints.xdc:54]
WARNING: [Vivado 12-584] No ports matched 'LED_1[3]'. [/home/kasper-ubuntu/Documents/APPL_project_tetris/frame_gen/frame_gen.srcs/constrs_1/imports/vhdl/sindri_constraints.xdc:55]
WARNING: [Vivado 12-584] No ports matched 'LED_1[3]'. [/home/kasper-ubuntu/Documents/APPL_project_tetris/frame_gen/frame_gen.srcs/constrs_1/imports/vhdl/sindri_constraints.xdc:56]
WARNING: [Constraints 18-619] A clock with name 'CLK12_I' already exists, overwriting the previous clock with the same name. [/home/kasper-ubuntu/Documents/APPL_project_tetris/frame_gen/frame_gen.srcs/constrs_1/imports/vhdl/sindri_constraints.xdc:69]
WARNING: [Vivado 12-5846] Redefining clock group XCLK [/home/kasper-ubuntu/Documents/APPL_project_tetris/frame_gen/frame_gen.srcs/constrs_1/imports/vhdl/sindri_constraints.xdc:70]
WARNING: [Constraints 18-619] A clock with name 'CLK25_I' already exists, overwriting the previous clock with the same name. [/home/kasper-ubuntu/Documents/APPL_project_tetris/frame_gen/frame_gen.srcs/constrs_1/imports/vhdl/sindri_constraints.xdc:76]
WARNING: [Vivado 12-5846] Redefining clock group XCLK [/home/kasper-ubuntu/Documents/APPL_project_tetris/frame_gen/frame_gen.srcs/constrs_1/imports/vhdl/sindri_constraints.xdc:77]
WARNING: [Vivado 12-584] No ports matched 'BB_05'. [/home/kasper-ubuntu/Documents/APPL_project_tetris/frame_gen/frame_gen.srcs/constrs_1/imports/vhdl/sindri_constraints.xdc:89]
WARNING: [Vivado 12-584] No ports matched 'BB_05'. [/home/kasper-ubuntu/Documents/APPL_project_tetris/frame_gen/frame_gen.srcs/constrs_1/imports/vhdl/sindri_constraints.xdc:90]
WARNING: [Vivado 12-584] No ports matched 'BB_06'. [/home/kasper-ubuntu/Documents/APPL_project_tetris/frame_gen/frame_gen.srcs/constrs_1/imports/vhdl/sindri_constraints.xdc:93]
WARNING: [Vivado 12-584] No ports matched 'BB_06'. [/home/kasper-ubuntu/Documents/APPL_project_tetris/frame_gen/frame_gen.srcs/constrs_1/imports/vhdl/sindri_constraints.xdc:94]
WARNING: [Vivado 12-584] No ports matched 'BB_07'. [/home/kasper-ubuntu/Documents/APPL_project_tetris/frame_gen/frame_gen.srcs/constrs_1/imports/vhdl/sindri_constraints.xdc:97]
WARNING: [Vivado 12-584] No ports matched 'BB_07'. [/home/kasper-ubuntu/Documents/APPL_project_tetris/frame_gen/frame_gen.srcs/constrs_1/imports/vhdl/sindri_constraints.xdc:98]
WARNING: [Vivado 12-584] No ports matched 'BB_08'. [/home/kasper-ubuntu/Documents/APPL_project_tetris/frame_gen/frame_gen.srcs/constrs_1/imports/vhdl/sindri_constraints.xdc:101]
WARNING: [Vivado 12-584] No ports matched 'BB_08'. [/home/kasper-ubuntu/Documents/APPL_project_tetris/frame_gen/frame_gen.srcs/constrs_1/imports/vhdl/sindri_constraints.xdc:102]
WARNING: [Vivado 12-584] No ports matched 'BB_10'. [/home/kasper-ubuntu/Documents/APPL_project_tetris/frame_gen/frame_gen.srcs/constrs_1/imports/vhdl/sindri_constraints.xdc:109]
WARNING: [Vivado 12-584] No ports matched 'BB_10'. [/home/kasper-ubuntu/Documents/APPL_project_tetris/frame_gen/frame_gen.srcs/constrs_1/imports/vhdl/sindri_constraints.xdc:110]
WARNING: [Vivado 12-584] No ports matched 'BB_11'. [/home/kasper-ubuntu/Documents/APPL_project_tetris/frame_gen/frame_gen.srcs/constrs_1/imports/vhdl/sindri_constraints.xdc:113]
WARNING: [Vivado 12-584] No ports matched 'BB_11'. [/home/kasper-ubuntu/Documents/APPL_project_tetris/frame_gen/frame_gen.srcs/constrs_1/imports/vhdl/sindri_constraints.xdc:114]
WARNING: [Vivado 12-584] No ports matched 'BB_12'. [/home/kasper-ubuntu/Documents/APPL_project_tetris/frame_gen/frame_gen.srcs/constrs_1/imports/vhdl/sindri_constraints.xdc:117]
WARNING: [Vivado 12-584] No ports matched 'BB_12'. [/home/kasper-ubuntu/Documents/APPL_project_tetris/frame_gen/frame_gen.srcs/constrs_1/imports/vhdl/sindri_constraints.xdc:118]
WARNING: [Vivado 12-584] No ports matched 'BB_13'. [/home/kasper-ubuntu/Documents/APPL_project_tetris/frame_gen/frame_gen.srcs/constrs_1/imports/vhdl/sindri_constraints.xdc:121]
WARNING: [Vivado 12-584] No ports matched 'BB_13'. [/home/kasper-ubuntu/Documents/APPL_project_tetris/frame_gen/frame_gen.srcs/constrs_1/imports/vhdl/sindri_constraints.xdc:122]
WARNING: [Vivado 12-584] No ports matched 'BB_14'. [/home/kasper-ubuntu/Documents/APPL_project_tetris/frame_gen/frame_gen.srcs/constrs_1/imports/vhdl/sindri_constraints.xdc:125]
WARNING: [Vivado 12-584] No ports matched 'BB_14'. [/home/kasper-ubuntu/Documents/APPL_project_tetris/frame_gen/frame_gen.srcs/constrs_1/imports/vhdl/sindri_constraints.xdc:126]
WARNING: [Vivado 12-584] No ports matched 'BB_15'. [/home/kasper-ubuntu/Documents/APPL_project_tetris/frame_gen/frame_gen.srcs/constrs_1/imports/vhdl/sindri_constraints.xdc:129]
WARNING: [Vivado 12-584] No ports matched 'BB_15'. [/home/kasper-ubuntu/Documents/APPL_project_tetris/frame_gen/frame_gen.srcs/constrs_1/imports/vhdl/sindri_constraints.xdc:130]
WARNING: [Vivado 12-584] No ports matched 'BB_17'. [/home/kasper-ubuntu/Documents/APPL_project_tetris/frame_gen/frame_gen.srcs/constrs_1/imports/vhdl/sindri_constraints.xdc:137]
WARNING: [Vivado 12-584] No ports matched 'BB_17'. [/home/kasper-ubuntu/Documents/APPL_project_tetris/frame_gen/frame_gen.srcs/constrs_1/imports/vhdl/sindri_constraints.xdc:138]
WARNING: [Vivado 12-584] No ports matched 'BB_18'. [/home/kasper-ubuntu/Documents/APPL_project_tetris/frame_gen/frame_gen.srcs/constrs_1/imports/vhdl/sindri_constraints.xdc:141]
WARNING: [Vivado 12-584] No ports matched 'BB_18'. [/home/kasper-ubuntu/Documents/APPL_project_tetris/frame_gen/frame_gen.srcs/constrs_1/imports/vhdl/sindri_constraints.xdc:142]
INFO: [Common 17-14] Message 'Vivado 12-584' appears 100 times and further instances of the messages will be disabled. Use the Tcl command set_msg_config to change the current settings. [/home/kasper-ubuntu/Documents/APPL_project_tetris/frame_gen/frame_gen.srcs/constrs_1/imports/vhdl/sindri_constraints.xdc:142]
Finished Parsing XDC File [/home/kasper-ubuntu/Documents/APPL_project_tetris/frame_gen/frame_gen.srcs/constrs_1/imports/vhdl/sindri_constraints.xdc]
WARNING: [Project 1-498] One or more constraints failed evaluation while reading constraint file [/home/kasper-ubuntu/Documents/APPL_project_tetris/frame_gen/frame_gen.srcs/constrs_1/imports/vhdl/sindri_constraints.xdc] and the design contains unresolved black boxes. These constraints will be read post-synthesis (as long as their source constraint file is marked as used_in_implementation) and should be applied correctly then. You should review the constraints listed in the file [.Xil/main_top_wrapper_propImpl.xdc] and check the run log file to verify that these constraints were correctly applied.
INFO: [Project 1-236] Implementation specific constraints were found while reading constraint file [/home/kasper-ubuntu/Documents/APPL_project_tetris/frame_gen/frame_gen.srcs/constrs_1/imports/vhdl/sindri_constraints.xdc]. These constraints will be ignored for synthesis but will be used in implementation. Impacted constraints are listed in the file [.Xil/main_top_wrapper_propImpl.xdc].
Resolution: To avoid this warning, move constraints listed in [.Xil/main_top_wrapper_propImpl.xdc] to another XDC file and exclude this new file from synthesis with the used_in_synthesis property (File Properties dialog in GUI) and re-run elaboration/synthesis.
Parsing XDC File [/home/kasper-ubuntu/Documents/APPL_project_tetris/QLink_2020/QLink_2020.runs/synth_1/dont_touch.xdc]
Finished Parsing XDC File [/home/kasper-ubuntu/Documents/APPL_project_tetris/QLink_2020/QLink_2020.runs/synth_1/dont_touch.xdc]
Completed Processing XDC Constraints

Netlist sorting complete. Time (s): cpu = 00:00:00 ; elapsed = 00:00:00 . Memory (MB): peak = 2316.047 ; gain = 0.000 ; free physical = 4660 ; free virtual = 12671
INFO: [Project 1-111] Unisim Transformation Summary:
No Unisim elements were transformed.

Constraint Validation Runtime : Time (s): cpu = 00:00:00 ; elapsed = 00:00:00.01 . Memory (MB): peak = 2316.082 ; gain = 0.000 ; free physical = 4660 ; free virtual = 12671
INFO: [Designutils 20-5440] No compile time benefit to using incremental synthesis; A full resynthesis will be run
INFO: [Designutils 20-4379] Flow is switching to default flow due to incremental criteria not met. If you would like to alter this behaviour and have the flow terminate instead, please set the following parameter config_implementation {autoIncr.Synth.RejectBehavior Terminate}
---------------------------------------------------------------------------------
Finished Constraint Validation : Time (s): cpu = 00:00:11 ; elapsed = 00:00:12 . Memory (MB): peak = 2316.082 ; gain = 634.930 ; free physical = 4750 ; free virtual = 12761
---------------------------------------------------------------------------------
---------------------------------------------------------------------------------
Start Loading Part and Timing Information
---------------------------------------------------------------------------------
Loading part: xc7s15ftgb196-1
---------------------------------------------------------------------------------
Finished Loading Part and Timing Information : Time (s): cpu = 00:00:11 ; elapsed = 00:00:12 . Memory (MB): peak = 2324.051 ; gain = 642.898 ; free physical = 4750 ; free virtual = 12761
---------------------------------------------------------------------------------
---------------------------------------------------------------------------------
Start Applying 'set_property' XDC Constraints
---------------------------------------------------------------------------------
---------------------------------------------------------------------------------
Finished applying 'set_property' XDC Constraints : Time (s): cpu = 00:00:12 ; elapsed = 00:00:12 . Memory (MB): peak = 2324.051 ; gain = 642.898 ; free physical = 4742 ; free virtual = 12754
---------------------------------------------------------------------------------
---------------------------------------------------------------------------------
Finished RTL Optimization Phase 2 : Time (s): cpu = 00:00:12 ; elapsed = 00:00:12 . Memory (MB): peak = 2324.051 ; gain = 642.898 ; free physical = 4742 ; free virtual = 12753
---------------------------------------------------------------------------------
---------------------------------------------------------------------------------
Start RTL Component Statistics 
---------------------------------------------------------------------------------
Detailed RTL Component Info : 
---------------------------------------------------------------------------------
Finished RTL Component Statistics 
---------------------------------------------------------------------------------
---------------------------------------------------------------------------------
Start Part Resource Summary
---------------------------------------------------------------------------------
Part Resources:
DSPs: 20 (col length:20)
BRAMs: 20 (col length: RAMB18 20 RAMB36 10)
---------------------------------------------------------------------------------
Finished Part Resource Summary
---------------------------------------------------------------------------------
---------------------------------------------------------------------------------
Start Cross Boundary and Area Optimization
---------------------------------------------------------------------------------
WARNING: [Synth 8-7129] Port BB_09 in module main_top is either unconnected or has no load
---------------------------------------------------------------------------------
Finished Cross Boundary and Area Optimization : Time (s): cpu = 00:00:13 ; elapsed = 00:00:14 . Memory (MB): peak = 2324.051 ; gain = 642.898 ; free physical = 4754 ; free virtual = 12769
---------------------------------------------------------------------------------
---------------------------------------------------------------------------------
Start Applying XDC Timing Constraints
---------------------------------------------------------------------------------
WARNING: [Synth 8-565] redefining clock 'CLK12_I'
WARNING: [Synth 8-565] redefining clock 'CLK25_I'
---------------------------------------------------------------------------------
Finished Applying XDC Timing Constraints : Time (s): cpu = 00:00:17 ; elapsed = 00:00:18 . Memory (MB): peak = 2419.051 ; gain = 737.898 ; free physical = 4696 ; free virtual = 12712
---------------------------------------------------------------------------------
---------------------------------------------------------------------------------
Start Timing Optimization
---------------------------------------------------------------------------------
---------------------------------------------------------------------------------
Finished Timing Optimization : Time (s): cpu = 00:00:17 ; elapsed = 00:00:18 . Memory (MB): peak = 2419.051 ; gain = 737.898 ; free physical = 4696 ; free virtual = 12712
---------------------------------------------------------------------------------
---------------------------------------------------------------------------------
Start Technology Mapping
---------------------------------------------------------------------------------
---------------------------------------------------------------------------------
Finished Technology Mapping : Time (s): cpu = 00:00:17 ; elapsed = 00:00:18 . Memory (MB): peak = 2429.066 ; gain = 747.914 ; free physical = 4689 ; free virtual = 12704
---------------------------------------------------------------------------------
---------------------------------------------------------------------------------
Start IO Insertion
---------------------------------------------------------------------------------
---------------------------------------------------------------------------------
Start Flattening Before IO Insertion
---------------------------------------------------------------------------------
---------------------------------------------------------------------------------
Finished Flattening Before IO Insertion
---------------------------------------------------------------------------------
---------------------------------------------------------------------------------
Start Final Netlist Cleanup
---------------------------------------------------------------------------------
---------------------------------------------------------------------------------
Finished Final Netlist Cleanup
---------------------------------------------------------------------------------
---------------------------------------------------------------------------------
Finished IO Insertion : Time (s): cpu = 00:00:21 ; elapsed = 00:00:21 . Memory (MB): peak = 2614.879 ; gain = 933.727 ; free physical = 4541 ; free virtual = 12557
---------------------------------------------------------------------------------
---------------------------------------------------------------------------------
Start Renaming Generated Instances
---------------------------------------------------------------------------------
---------------------------------------------------------------------------------
Finished Renaming Generated Instances : Time (s): cpu = 00:00:21 ; elapsed = 00:00:21 . Memory (MB): peak = 2614.879 ; gain = 933.727 ; free physical = 4541 ; free virtual = 12557
---------------------------------------------------------------------------------
---------------------------------------------------------------------------------
Start Rebuilding User Hierarchy
---------------------------------------------------------------------------------
---------------------------------------------------------------------------------
Finished Rebuilding User Hierarchy : Time (s): cpu = 00:00:21 ; elapsed = 00:00:21 . Memory (MB): peak = 2614.879 ; gain = 933.727 ; free physical = 4541 ; free virtual = 12557
---------------------------------------------------------------------------------
---------------------------------------------------------------------------------
Start Renaming Generated Ports
---------------------------------------------------------------------------------
---------------------------------------------------------------------------------
Finished Renaming Generated Ports : Time (s): cpu = 00:00:21 ; elapsed = 00:00:21 . Memory (MB): peak = 2614.879 ; gain = 933.727 ; free physical = 4541 ; free virtual = 12557
---------------------------------------------------------------------------------
---------------------------------------------------------------------------------
Start Handling Custom Attributes
---------------------------------------------------------------------------------
---------------------------------------------------------------------------------
Finished Handling Custom Attributes : Time (s): cpu = 00:00:21 ; elapsed = 00:00:21 . Memory (MB): peak = 2614.879 ; gain = 933.727 ; free physical = 4541 ; free virtual = 12557
---------------------------------------------------------------------------------
---------------------------------------------------------------------------------
Start Renaming Generated Nets
---------------------------------------------------------------------------------
---------------------------------------------------------------------------------
Finished Renaming Generated Nets : Time (s): cpu = 00:00:21 ; elapsed = 00:00:21 . Memory (MB): peak = 2614.879 ; gain = 933.727 ; free physical = 4541 ; free virtual = 12557
---------------------------------------------------------------------------------
---------------------------------------------------------------------------------
Start Writing Synthesis Report
---------------------------------------------------------------------------------

Report BlackBoxes: 
+------+------------------------------+----------+
|      |BlackBox name                 |Instances |
+------+------------------------------+----------+
|1     |main_top_com_side_wrapper_0_2 |         1|
|2     |main_top_top_level_0_1        |         1|
+------+------------------------------+----------+

Report Cell Usage: 
+------+-----------------------------------+------+
|      |Cell                               |Count |
+------+-----------------------------------+------+
|1     |main_top_com_side_wrapper_0_2_bbox |     1|
|2     |main_top_top_level_0_1_bbox        |     1|
|3     |IBUF                               |     7|
|4     |OBUF                               |     5|
+------+-----------------------------------+------+
---------------------------------------------------------------------------------
Finished Writing Synthesis Report : Time (s): cpu = 00:00:21 ; elapsed = 00:00:21 . Memory (MB): peak = 2614.879 ; gain = 933.727 ; free physical = 4541 ; free virtual = 12557
---------------------------------------------------------------------------------
Synthesis finished with 0 errors, 0 critical warnings and 3 warnings.
Synthesis Optimization Runtime : Time (s): cpu = 00:00:19 ; elapsed = 00:00:20 . Memory (MB): peak = 2614.879 ; gain = 884.766 ; free physical = 4541 ; free virtual = 12557
Synthesis Optimization Complete : Time (s): cpu = 00:00:21 ; elapsed = 00:00:21 . Memory (MB): peak = 2614.887 ; gain = 933.727 ; free physical = 4541 ; free virtual = 12557
INFO: [Project 1-571] Translating synthesized netlist
Netlist sorting complete. Time (s): cpu = 00:00:00 ; elapsed = 00:00:00 . Memory (MB): peak = 2614.887 ; gain = 0.000 ; free physical = 4541 ; free virtual = 12557
INFO: [Project 1-570] Preparing netlist for logic optimization
INFO: [Opt 31-138] Pushed 0 inverter(s) to 0 load pin(s).
Netlist sorting complete. Time (s): cpu = 00:00:00 ; elapsed = 00:00:00 . Memory (MB): peak = 2614.887 ; gain = 0.000 ; free physical = 4730 ; free virtual = 12746
INFO: [Project 1-111] Unisim Transformation Summary:
No Unisim elements were transformed.

Synth Design complete | Checksum: 290b419
INFO: [Common 17-83] Releasing license: Synthesis
44 Infos, 111 Warnings, 0 Critical Warnings and 0 Errors encountered.
synth_design completed successfully
synth_design: Time (s): cpu = 00:00:29 ; elapsed = 00:00:27 . Memory (MB): peak = 2614.914 ; gain = 1001.121 ; free physical = 4730 ; free virtual = 12746
INFO: [Common 17-2834] synth_design peak Physical Memory [PSS] (MB): overall = 1919.545; main = 1748.630; forked = 281.848
INFO: [Common 17-2834] synth_design peak Virtual Memory [VSS] (MB): overall = 3533.992; main = 2614.883; forked = 994.922
Write ShapeDB Complete: Time (s): cpu = 00:00:00 ; elapsed = 00:00:00 . Memory (MB): peak = 2638.891 ; gain = 0.000 ; free physical = 4730 ; free virtual = 12746
INFO: [Common 17-1381] The checkpoint '/home/kasper-ubuntu/Documents/APPL_project_tetris/QLink_2020/QLink_2020.runs/synth_1/main_top_wrapper.dcp' has been generated.
INFO: [Vivado 12-24828] Executing command : report_utilization -file main_top_wrapper_utilization_synth.rpt -pb main_top_wrapper_utilization_synth.pb
INFO: [Common 17-206] Exiting Vivado at Mon May 18 12:24:51 2026...
