
*** Running vivado
    with args -log OSERDES_10_to_1.vds -m64 -product Vivado -mode batch -messageDb vivado.pb -notrace -source OSERDES_10_to_1.tcl


****** Vivado v2025.2 (64-bit)
  **** SW Build 6299465 on Fri Nov 14 12:34:56 MST 2025
  **** IP Build 6300035 on Fri Nov 14 10:48:45 MST 2025
  **** SharedData Build 6298862 on Thu Nov 13 04:50:51 MST 2025
  **** Start of session at: Wed Mar  4 12:24:15 2026
    ** Copyright 1986-2022 Xilinx, Inc. All Rights Reserved.
    ** Copyright 2022-2025 Advanced Micro Devices, Inc. All Rights Reserved.

source OSERDES_10_to_1.tcl -notrace
Command: read_checkpoint -auto_incremental -incremental /home/jacob/shared/Semester8/AAPL/project/vhdl/HDMI_example/HDMI_example.srcs/utils_1/imports/synth_1/OSERDES_10_to_1.dcp
INFO: [Vivado 12-5825] Read reference checkpoint from /home/jacob/shared/Semester8/AAPL/project/vhdl/HDMI_example/HDMI_example.srcs/utils_1/imports/synth_1/OSERDES_10_to_1.dcp for incremental synthesis
INFO: [Vivado 12-7989] Please ensure there are no constraint changes
Command: synth_design -top OSERDES_10_to_1 -part xc7s15ftgb196-1
Starting synth_design
Attempting to get a license for feature 'Synthesis' and/or device 'xc7s15'
INFO: [Common 17-349] Got license for feature 'Synthesis' and/or device 'xc7s15'
INFO: [Device 21-403] Loading part xc7s15ftgb196-1
INFO: [Designutils 20-5440] No compile time benefit to using incremental synthesis; A full resynthesis will be run
INFO: [Designutils 20-4379] Flow is switching to default flow due to incremental criteria not met. If you would like to alter this behaviour and have the flow terminate instead, please set the following parameter config_implementation {autoIncr.Synth.RejectBehavior Terminate}
INFO: [Synth 8-7079] Multithreading enabled for synth_design using a maximum of 7 processes.
INFO: [Synth 8-7078] Launching helper process for spawning children vivado processes
INFO: [Synth 8-7075] Helper process launched with PID 41374
---------------------------------------------------------------------------------
Starting RTL Elaboration : Time (s): cpu = 00:00:04 ; elapsed = 00:00:04 . Memory (MB): peak = 2153.227 ; gain = 485.156 ; free physical = 559 ; free virtual = 7834
---------------------------------------------------------------------------------
INFO: [Synth 8-638] synthesizing module 'OSERDES_10_to_1' [/home/jacob/shared/Semester8/AAPL/project/vhdl/HDMI_example/HDMI_example.srcs/sources_1/new/OSERDESE2.vhd:45]
	Parameter DATA_RATE_OQ bound to: DDR - type: string 
	Parameter DATA_RATE_TQ bound to: DDR - type: string 
	Parameter DATA_WIDTH bound to: 10 - type: integer 
	Parameter INIT_OQ bound to: 1'b0 
	Parameter INIT_TQ bound to: 1'b0 
	Parameter SERDES_MODE bound to: MASTER - type: string 
	Parameter SRVAL_OQ bound to: 1'b0 
	Parameter SRVAL_TQ bound to: 1'b0 
	Parameter TBYTE_CTL bound to: FALSE - type: string 
	Parameter TBYTE_SRC bound to: FALSE - type: string 
	Parameter TRISTATE_WIDTH bound to: 4 - type: integer 
INFO: [Synth 8-113] binding component instance 'OSERDESE2_master' to cell 'OSERDESE2' [/home/jacob/shared/Semester8/AAPL/project/vhdl/HDMI_example/HDMI_example.srcs/sources_1/new/OSERDESE2.vhd:54]
	Parameter DATA_RATE_OQ bound to: DDR - type: string 
	Parameter DATA_RATE_TQ bound to: DDR - type: string 
	Parameter DATA_WIDTH bound to: 10 - type: integer 
	Parameter INIT_OQ bound to: 1'b0 
	Parameter INIT_TQ bound to: 1'b0 
	Parameter SERDES_MODE bound to: SLAVE - type: string 
	Parameter SRVAL_OQ bound to: 1'b0 
	Parameter SRVAL_TQ bound to: 1'b0 
	Parameter TBYTE_CTL bound to: FALSE - type: string 
	Parameter TBYTE_SRC bound to: FALSE - type: string 
	Parameter TRISTATE_WIDTH bound to: 4 - type: integer 
INFO: [Synth 8-113] binding component instance 'OSERDESE2_slave' to cell 'OSERDESE2' [/home/jacob/shared/Semester8/AAPL/project/vhdl/HDMI_example/HDMI_example.srcs/sources_1/new/OSERDESE2.vhd:104]
INFO: [Synth 8-256] done synthesizing module 'OSERDES_10_to_1' (0#1) [/home/jacob/shared/Semester8/AAPL/project/vhdl/HDMI_example/HDMI_example.srcs/sources_1/new/OSERDESE2.vhd:45]
---------------------------------------------------------------------------------
Finished RTL Elaboration : Time (s): cpu = 00:00:06 ; elapsed = 00:00:06 . Memory (MB): peak = 2239.164 ; gain = 571.094 ; free physical = 467 ; free virtual = 7745
---------------------------------------------------------------------------------
---------------------------------------------------------------------------------
Start Handling Custom Attributes
---------------------------------------------------------------------------------
---------------------------------------------------------------------------------
Finished Handling Custom Attributes : Time (s): cpu = 00:00:06 ; elapsed = 00:00:06 . Memory (MB): peak = 2256.977 ; gain = 588.906 ; free physical = 467 ; free virtual = 7745
---------------------------------------------------------------------------------
---------------------------------------------------------------------------------
Finished RTL Optimization Phase 1 : Time (s): cpu = 00:00:06 ; elapsed = 00:00:06 . Memory (MB): peak = 2256.977 ; gain = 588.906 ; free physical = 467 ; free virtual = 7745
---------------------------------------------------------------------------------
Netlist sorting complete. Time (s): cpu = 00:00:00 ; elapsed = 00:00:00 . Memory (MB): peak = 2262.914 ; gain = 0.000 ; free physical = 466 ; free virtual = 7744
INFO: [Project 1-570] Preparing netlist for logic optimization

Processing XDC Constraints
Initializing timing engine
Parsing XDC File [/home/jacob/shared/Semester8/AAPL/project/vhdl/sindri_constraints.xdc]
WARNING: [Vivado 12-584] No ports matched 'nBUTTON_I'. [/home/jacob/shared/Semester8/AAPL/project/vhdl/sindri_constraints.xdc:35]
CRITICAL WARNING: [Common 17-55] 'set_property' expects at least one object. [/home/jacob/shared/Semester8/AAPL/project/vhdl/sindri_constraints.xdc:35]
Resolution: If [get_<value>] was used to populate the object, check to make sure this command returns at least one valid object.
WARNING: [Vivado 12-584] No ports matched 'nBUTTON_I'. [/home/jacob/shared/Semester8/AAPL/project/vhdl/sindri_constraints.xdc:36]
CRITICAL WARNING: [Common 17-55] 'set_property' expects at least one object. [/home/jacob/shared/Semester8/AAPL/project/vhdl/sindri_constraints.xdc:36]
Resolution: If [get_<value>] was used to populate the object, check to make sure this command returns at least one valid object.
WARNING: [Vivado 12-584] No ports matched 'LED_O[0]'. [/home/jacob/shared/Semester8/AAPL/project/vhdl/sindri_constraints.xdc:39]
CRITICAL WARNING: [Common 17-55] 'set_property' expects at least one object. [/home/jacob/shared/Semester8/AAPL/project/vhdl/sindri_constraints.xdc:39]
Resolution: If [get_<value>] was used to populate the object, check to make sure this command returns at least one valid object.
WARNING: [Vivado 12-584] No ports matched 'LED_O[0]'. [/home/jacob/shared/Semester8/AAPL/project/vhdl/sindri_constraints.xdc:40]
CRITICAL WARNING: [Common 17-55] 'set_property' expects at least one object. [/home/jacob/shared/Semester8/AAPL/project/vhdl/sindri_constraints.xdc:40]
Resolution: If [get_<value>] was used to populate the object, check to make sure this command returns at least one valid object.
WARNING: [Vivado 12-584] No ports matched 'LED_O[1]'. [/home/jacob/shared/Semester8/AAPL/project/vhdl/sindri_constraints.xdc:41]
CRITICAL WARNING: [Common 17-55] 'set_property' expects at least one object. [/home/jacob/shared/Semester8/AAPL/project/vhdl/sindri_constraints.xdc:41]
Resolution: If [get_<value>] was used to populate the object, check to make sure this command returns at least one valid object.
WARNING: [Vivado 12-584] No ports matched 'LED_O[1]'. [/home/jacob/shared/Semester8/AAPL/project/vhdl/sindri_constraints.xdc:42]
CRITICAL WARNING: [Common 17-55] 'set_property' expects at least one object. [/home/jacob/shared/Semester8/AAPL/project/vhdl/sindri_constraints.xdc:42]
Resolution: If [get_<value>] was used to populate the object, check to make sure this command returns at least one valid object.
WARNING: [Vivado 12-584] No ports matched 'LED_O[2]'. [/home/jacob/shared/Semester8/AAPL/project/vhdl/sindri_constraints.xdc:43]
CRITICAL WARNING: [Common 17-55] 'set_property' expects at least one object. [/home/jacob/shared/Semester8/AAPL/project/vhdl/sindri_constraints.xdc:43]
Resolution: If [get_<value>] was used to populate the object, check to make sure this command returns at least one valid object.
WARNING: [Vivado 12-584] No ports matched 'LED_O[2]'. [/home/jacob/shared/Semester8/AAPL/project/vhdl/sindri_constraints.xdc:44]
CRITICAL WARNING: [Common 17-55] 'set_property' expects at least one object. [/home/jacob/shared/Semester8/AAPL/project/vhdl/sindri_constraints.xdc:44]
Resolution: If [get_<value>] was used to populate the object, check to make sure this command returns at least one valid object.
WARNING: [Vivado 12-584] No ports matched 'LED_O[3]'. [/home/jacob/shared/Semester8/AAPL/project/vhdl/sindri_constraints.xdc:45]
CRITICAL WARNING: [Common 17-55] 'set_property' expects at least one object. [/home/jacob/shared/Semester8/AAPL/project/vhdl/sindri_constraints.xdc:45]
Resolution: If [get_<value>] was used to populate the object, check to make sure this command returns at least one valid object.
WARNING: [Vivado 12-584] No ports matched 'LED_O[3]'. [/home/jacob/shared/Semester8/AAPL/project/vhdl/sindri_constraints.xdc:46]
CRITICAL WARNING: [Common 17-55] 'set_property' expects at least one object. [/home/jacob/shared/Semester8/AAPL/project/vhdl/sindri_constraints.xdc:46]
Resolution: If [get_<value>] was used to populate the object, check to make sure this command returns at least one valid object.
WARNING: [Vivado 12-584] No ports matched 'RX_I'. [/home/jacob/shared/Semester8/AAPL/project/vhdl/sindri_constraints.xdc:49]
CRITICAL WARNING: [Common 17-55] 'set_property' expects at least one object. [/home/jacob/shared/Semester8/AAPL/project/vhdl/sindri_constraints.xdc:49]
Resolution: If [get_<value>] was used to populate the object, check to make sure this command returns at least one valid object.
WARNING: [Vivado 12-584] No ports matched 'RX_I'. [/home/jacob/shared/Semester8/AAPL/project/vhdl/sindri_constraints.xdc:50]
CRITICAL WARNING: [Common 17-55] 'set_property' expects at least one object. [/home/jacob/shared/Semester8/AAPL/project/vhdl/sindri_constraints.xdc:50]
Resolution: If [get_<value>] was used to populate the object, check to make sure this command returns at least one valid object.
WARNING: [Vivado 12-584] No ports matched 'TX_O'. [/home/jacob/shared/Semester8/AAPL/project/vhdl/sindri_constraints.xdc:51]
CRITICAL WARNING: [Common 17-55] 'set_property' expects at least one object. [/home/jacob/shared/Semester8/AAPL/project/vhdl/sindri_constraints.xdc:51]
Resolution: If [get_<value>] was used to populate the object, check to make sure this command returns at least one valid object.
WARNING: [Vivado 12-584] No ports matched 'TX_O'. [/home/jacob/shared/Semester8/AAPL/project/vhdl/sindri_constraints.xdc:52]
CRITICAL WARNING: [Common 17-55] 'set_property' expects at least one object. [/home/jacob/shared/Semester8/AAPL/project/vhdl/sindri_constraints.xdc:52]
Resolution: If [get_<value>] was used to populate the object, check to make sure this command returns at least one valid object.
WARNING: [Vivado 12-584] No ports matched 'CLK12_I'. [/home/jacob/shared/Semester8/AAPL/project/vhdl/sindri_constraints.xdc:57]
CRITICAL WARNING: [Common 17-55] 'set_property' expects at least one object. [/home/jacob/shared/Semester8/AAPL/project/vhdl/sindri_constraints.xdc:57]
Resolution: If [get_<value>] was used to populate the object, check to make sure this command returns at least one valid object.
WARNING: [Vivado 12-584] No ports matched 'CLK12_I'. [/home/jacob/shared/Semester8/AAPL/project/vhdl/sindri_constraints.xdc:58]
CRITICAL WARNING: [Common 17-55] 'set_property' expects at least one object. [/home/jacob/shared/Semester8/AAPL/project/vhdl/sindri_constraints.xdc:58]
Resolution: If [get_<value>] was used to populate the object, check to make sure this command returns at least one valid object.
WARNING: [Vivado 12-584] No ports matched 'CLK12_I'. [/home/jacob/shared/Semester8/AAPL/project/vhdl/sindri_constraints.xdc:59]
CRITICAL WARNING: [Vivado 12-4739] create_clock:No valid object(s) found for '-objects [get_ports CLK12_I]'. [/home/jacob/shared/Semester8/AAPL/project/vhdl/sindri_constraints.xdc:59]
Resolution: Check if the specified object(s) exists in the current design. If it does, ensure that the correct design hierarchy was specified for the object. If you are working with clocks, make sure create_clock was used to create the clock object before it is referenced.
WARNING: [Vivado 12-627] No clocks matched 'CLK12_I'. [/home/jacob/shared/Semester8/AAPL/project/vhdl/sindri_constraints.xdc:60]
INFO: [Vivado 12-626] No clocks found. Please use 'create_clock' or 'create_generated_clock' command to create clocks. [/home/jacob/shared/Semester8/AAPL/project/vhdl/sindri_constraints.xdc:60]
CRITICAL WARNING: [Vivado 12-4739] set_clock_groups:No valid object(s) found for '-group [get_clocks CLK12_I]'. [/home/jacob/shared/Semester8/AAPL/project/vhdl/sindri_constraints.xdc:60]
Resolution: Check if the specified object(s) exists in the current design. If it does, ensure that the correct design hierarchy was specified for the object. If you are working with clocks, make sure create_clock was used to create the clock object before it is referenced.
CRITICAL WARNING: [Vivado 12-4739] set_clock_groups:No valid object(s) found for '-group '. [/home/jacob/shared/Semester8/AAPL/project/vhdl/sindri_constraints.xdc:60]
Resolution: Check if the specified object(s) exists in the current design. If it does, ensure that the correct design hierarchy was specified for the object. If you are working with clocks, make sure create_clock was used to create the clock object before it is referenced.
CRITICAL WARNING: [Constraints 18-4644] set_clock_groups: All clock groups specified are empty. Please specify atleast one clock group which is not empty. [/home/jacob/shared/Semester8/AAPL/project/vhdl/sindri_constraints.xdc:60]
WARNING: [Vivado 12-584] No ports matched 'BB_05'. [/home/jacob/shared/Semester8/AAPL/project/vhdl/sindri_constraints.xdc:73]
CRITICAL WARNING: [Common 17-55] 'set_property' expects at least one object. [/home/jacob/shared/Semester8/AAPL/project/vhdl/sindri_constraints.xdc:73]
Resolution: If [get_<value>] was used to populate the object, check to make sure this command returns at least one valid object.
WARNING: [Vivado 12-584] No ports matched 'BB_05'. [/home/jacob/shared/Semester8/AAPL/project/vhdl/sindri_constraints.xdc:74]
CRITICAL WARNING: [Common 17-55] 'set_property' expects at least one object. [/home/jacob/shared/Semester8/AAPL/project/vhdl/sindri_constraints.xdc:74]
Resolution: If [get_<value>] was used to populate the object, check to make sure this command returns at least one valid object.
WARNING: [Vivado 12-584] No ports matched 'BB_06'. [/home/jacob/shared/Semester8/AAPL/project/vhdl/sindri_constraints.xdc:77]
CRITICAL WARNING: [Common 17-55] 'set_property' expects at least one object. [/home/jacob/shared/Semester8/AAPL/project/vhdl/sindri_constraints.xdc:77]
Resolution: If [get_<value>] was used to populate the object, check to make sure this command returns at least one valid object.
WARNING: [Vivado 12-584] No ports matched 'BB_06'. [/home/jacob/shared/Semester8/AAPL/project/vhdl/sindri_constraints.xdc:78]
CRITICAL WARNING: [Common 17-55] 'set_property' expects at least one object. [/home/jacob/shared/Semester8/AAPL/project/vhdl/sindri_constraints.xdc:78]
Resolution: If [get_<value>] was used to populate the object, check to make sure this command returns at least one valid object.
WARNING: [Vivado 12-584] No ports matched 'BB_07'. [/home/jacob/shared/Semester8/AAPL/project/vhdl/sindri_constraints.xdc:81]
CRITICAL WARNING: [Common 17-55] 'set_property' expects at least one object. [/home/jacob/shared/Semester8/AAPL/project/vhdl/sindri_constraints.xdc:81]
Resolution: If [get_<value>] was used to populate the object, check to make sure this command returns at least one valid object.
WARNING: [Vivado 12-584] No ports matched 'BB_07'. [/home/jacob/shared/Semester8/AAPL/project/vhdl/sindri_constraints.xdc:82]
CRITICAL WARNING: [Common 17-55] 'set_property' expects at least one object. [/home/jacob/shared/Semester8/AAPL/project/vhdl/sindri_constraints.xdc:82]
Resolution: If [get_<value>] was used to populate the object, check to make sure this command returns at least one valid object.
WARNING: [Vivado 12-584] No ports matched 'BB_08'. [/home/jacob/shared/Semester8/AAPL/project/vhdl/sindri_constraints.xdc:85]
CRITICAL WARNING: [Common 17-55] 'set_property' expects at least one object. [/home/jacob/shared/Semester8/AAPL/project/vhdl/sindri_constraints.xdc:85]
Resolution: If [get_<value>] was used to populate the object, check to make sure this command returns at least one valid object.
WARNING: [Vivado 12-584] No ports matched 'BB_08'. [/home/jacob/shared/Semester8/AAPL/project/vhdl/sindri_constraints.xdc:86]
CRITICAL WARNING: [Common 17-55] 'set_property' expects at least one object. [/home/jacob/shared/Semester8/AAPL/project/vhdl/sindri_constraints.xdc:86]
Resolution: If [get_<value>] was used to populate the object, check to make sure this command returns at least one valid object.
WARNING: [Vivado 12-584] No ports matched 'BB_09'. [/home/jacob/shared/Semester8/AAPL/project/vhdl/sindri_constraints.xdc:89]
CRITICAL WARNING: [Common 17-55] 'set_property' expects at least one object. [/home/jacob/shared/Semester8/AAPL/project/vhdl/sindri_constraints.xdc:89]
Resolution: If [get_<value>] was used to populate the object, check to make sure this command returns at least one valid object.
WARNING: [Vivado 12-584] No ports matched 'BB_09'. [/home/jacob/shared/Semester8/AAPL/project/vhdl/sindri_constraints.xdc:90]
CRITICAL WARNING: [Common 17-55] 'set_property' expects at least one object. [/home/jacob/shared/Semester8/AAPL/project/vhdl/sindri_constraints.xdc:90]
Resolution: If [get_<value>] was used to populate the object, check to make sure this command returns at least one valid object.
WARNING: [Vivado 12-584] No ports matched 'BB_10'. [/home/jacob/shared/Semester8/AAPL/project/vhdl/sindri_constraints.xdc:93]
CRITICAL WARNING: [Common 17-55] 'set_property' expects at least one object. [/home/jacob/shared/Semester8/AAPL/project/vhdl/sindri_constraints.xdc:93]
Resolution: If [get_<value>] was used to populate the object, check to make sure this command returns at least one valid object.
WARNING: [Vivado 12-584] No ports matched 'BB_10'. [/home/jacob/shared/Semester8/AAPL/project/vhdl/sindri_constraints.xdc:94]
CRITICAL WARNING: [Common 17-55] 'set_property' expects at least one object. [/home/jacob/shared/Semester8/AAPL/project/vhdl/sindri_constraints.xdc:94]
Resolution: If [get_<value>] was used to populate the object, check to make sure this command returns at least one valid object.
WARNING: [Vivado 12-584] No ports matched 'BB_11'. [/home/jacob/shared/Semester8/AAPL/project/vhdl/sindri_constraints.xdc:97]
CRITICAL WARNING: [Common 17-55] 'set_property' expects at least one object. [/home/jacob/shared/Semester8/AAPL/project/vhdl/sindri_constraints.xdc:97]
Resolution: If [get_<value>] was used to populate the object, check to make sure this command returns at least one valid object.
WARNING: [Vivado 12-584] No ports matched 'BB_11'. [/home/jacob/shared/Semester8/AAPL/project/vhdl/sindri_constraints.xdc:98]
CRITICAL WARNING: [Common 17-55] 'set_property' expects at least one object. [/home/jacob/shared/Semester8/AAPL/project/vhdl/sindri_constraints.xdc:98]
Resolution: If [get_<value>] was used to populate the object, check to make sure this command returns at least one valid object.
WARNING: [Vivado 12-584] No ports matched 'BB_12'. [/home/jacob/shared/Semester8/AAPL/project/vhdl/sindri_constraints.xdc:101]
CRITICAL WARNING: [Common 17-55] 'set_property' expects at least one object. [/home/jacob/shared/Semester8/AAPL/project/vhdl/sindri_constraints.xdc:101]
Resolution: If [get_<value>] was used to populate the object, check to make sure this command returns at least one valid object.
WARNING: [Vivado 12-584] No ports matched 'BB_12'. [/home/jacob/shared/Semester8/AAPL/project/vhdl/sindri_constraints.xdc:102]
CRITICAL WARNING: [Common 17-55] 'set_property' expects at least one object. [/home/jacob/shared/Semester8/AAPL/project/vhdl/sindri_constraints.xdc:102]
Resolution: If [get_<value>] was used to populate the object, check to make sure this command returns at least one valid object.
WARNING: [Vivado 12-584] No ports matched 'BB_13'. [/home/jacob/shared/Semester8/AAPL/project/vhdl/sindri_constraints.xdc:105]
CRITICAL WARNING: [Common 17-55] 'set_property' expects at least one object. [/home/jacob/shared/Semester8/AAPL/project/vhdl/sindri_constraints.xdc:105]
Resolution: If [get_<value>] was used to populate the object, check to make sure this command returns at least one valid object.
WARNING: [Vivado 12-584] No ports matched 'BB_13'. [/home/jacob/shared/Semester8/AAPL/project/vhdl/sindri_constraints.xdc:106]
CRITICAL WARNING: [Common 17-55] 'set_property' expects at least one object. [/home/jacob/shared/Semester8/AAPL/project/vhdl/sindri_constraints.xdc:106]
Resolution: If [get_<value>] was used to populate the object, check to make sure this command returns at least one valid object.
WARNING: [Vivado 12-584] No ports matched 'BB_14'. [/home/jacob/shared/Semester8/AAPL/project/vhdl/sindri_constraints.xdc:109]
CRITICAL WARNING: [Common 17-55] 'set_property' expects at least one object. [/home/jacob/shared/Semester8/AAPL/project/vhdl/sindri_constraints.xdc:109]
Resolution: If [get_<value>] was used to populate the object, check to make sure this command returns at least one valid object.
WARNING: [Vivado 12-584] No ports matched 'BB_14'. [/home/jacob/shared/Semester8/AAPL/project/vhdl/sindri_constraints.xdc:110]
CRITICAL WARNING: [Common 17-55] 'set_property' expects at least one object. [/home/jacob/shared/Semester8/AAPL/project/vhdl/sindri_constraints.xdc:110]
Resolution: If [get_<value>] was used to populate the object, check to make sure this command returns at least one valid object.
WARNING: [Vivado 12-584] No ports matched 'BB_15'. [/home/jacob/shared/Semester8/AAPL/project/vhdl/sindri_constraints.xdc:113]
CRITICAL WARNING: [Common 17-55] 'set_property' expects at least one object. [/home/jacob/shared/Semester8/AAPL/project/vhdl/sindri_constraints.xdc:113]
Resolution: If [get_<value>] was used to populate the object, check to make sure this command returns at least one valid object.
WARNING: [Vivado 12-584] No ports matched 'BB_15'. [/home/jacob/shared/Semester8/AAPL/project/vhdl/sindri_constraints.xdc:114]
CRITICAL WARNING: [Common 17-55] 'set_property' expects at least one object. [/home/jacob/shared/Semester8/AAPL/project/vhdl/sindri_constraints.xdc:114]
Resolution: If [get_<value>] was used to populate the object, check to make sure this command returns at least one valid object.
WARNING: [Vivado 12-584] No ports matched 'BB_16'. [/home/jacob/shared/Semester8/AAPL/project/vhdl/sindri_constraints.xdc:117]
CRITICAL WARNING: [Common 17-55] 'set_property' expects at least one object. [/home/jacob/shared/Semester8/AAPL/project/vhdl/sindri_constraints.xdc:117]
Resolution: If [get_<value>] was used to populate the object, check to make sure this command returns at least one valid object.
WARNING: [Vivado 12-584] No ports matched 'BB_16'. [/home/jacob/shared/Semester8/AAPL/project/vhdl/sindri_constraints.xdc:118]
CRITICAL WARNING: [Common 17-55] 'set_property' expects at least one object. [/home/jacob/shared/Semester8/AAPL/project/vhdl/sindri_constraints.xdc:118]
Resolution: If [get_<value>] was used to populate the object, check to make sure this command returns at least one valid object.
WARNING: [Vivado 12-584] No ports matched 'BB_17'. [/home/jacob/shared/Semester8/AAPL/project/vhdl/sindri_constraints.xdc:121]
CRITICAL WARNING: [Common 17-55] 'set_property' expects at least one object. [/home/jacob/shared/Semester8/AAPL/project/vhdl/sindri_constraints.xdc:121]
Resolution: If [get_<value>] was used to populate the object, check to make sure this command returns at least one valid object.
WARNING: [Vivado 12-584] No ports matched 'BB_17'. [/home/jacob/shared/Semester8/AAPL/project/vhdl/sindri_constraints.xdc:122]
CRITICAL WARNING: [Common 17-55] 'set_property' expects at least one object. [/home/jacob/shared/Semester8/AAPL/project/vhdl/sindri_constraints.xdc:122]
Resolution: If [get_<value>] was used to populate the object, check to make sure this command returns at least one valid object.
WARNING: [Vivado 12-584] No ports matched 'BB_18'. [/home/jacob/shared/Semester8/AAPL/project/vhdl/sindri_constraints.xdc:125]
CRITICAL WARNING: [Common 17-55] 'set_property' expects at least one object. [/home/jacob/shared/Semester8/AAPL/project/vhdl/sindri_constraints.xdc:125]
Resolution: If [get_<value>] was used to populate the object, check to make sure this command returns at least one valid object.
WARNING: [Vivado 12-584] No ports matched 'BB_18'. [/home/jacob/shared/Semester8/AAPL/project/vhdl/sindri_constraints.xdc:126]
CRITICAL WARNING: [Common 17-55] 'set_property' expects at least one object. [/home/jacob/shared/Semester8/AAPL/project/vhdl/sindri_constraints.xdc:126]
Resolution: If [get_<value>] was used to populate the object, check to make sure this command returns at least one valid object.
WARNING: [Vivado 12-584] No ports matched 'BB_19'. [/home/jacob/shared/Semester8/AAPL/project/vhdl/sindri_constraints.xdc:129]
CRITICAL WARNING: [Common 17-55] 'set_property' expects at least one object. [/home/jacob/shared/Semester8/AAPL/project/vhdl/sindri_constraints.xdc:129]
Resolution: If [get_<value>] was used to populate the object, check to make sure this command returns at least one valid object.
WARNING: [Vivado 12-584] No ports matched 'BB_19'. [/home/jacob/shared/Semester8/AAPL/project/vhdl/sindri_constraints.xdc:130]
CRITICAL WARNING: [Common 17-55] 'set_property' expects at least one object. [/home/jacob/shared/Semester8/AAPL/project/vhdl/sindri_constraints.xdc:130]
Resolution: If [get_<value>] was used to populate the object, check to make sure this command returns at least one valid object.
WARNING: [Vivado 12-584] No ports matched 'BB_20'. [/home/jacob/shared/Semester8/AAPL/project/vhdl/sindri_constraints.xdc:133]
CRITICAL WARNING: [Common 17-55] 'set_property' expects at least one object. [/home/jacob/shared/Semester8/AAPL/project/vhdl/sindri_constraints.xdc:133]
Resolution: If [get_<value>] was used to populate the object, check to make sure this command returns at least one valid object.
WARNING: [Vivado 12-584] No ports matched 'BB_20'. [/home/jacob/shared/Semester8/AAPL/project/vhdl/sindri_constraints.xdc:134]
CRITICAL WARNING: [Common 17-55] 'set_property' expects at least one object. [/home/jacob/shared/Semester8/AAPL/project/vhdl/sindri_constraints.xdc:134]
Resolution: If [get_<value>] was used to populate the object, check to make sure this command returns at least one valid object.
WARNING: [Vivado 12-584] No ports matched 'BB_21'. [/home/jacob/shared/Semester8/AAPL/project/vhdl/sindri_constraints.xdc:137]
CRITICAL WARNING: [Common 17-55] 'set_property' expects at least one object. [/home/jacob/shared/Semester8/AAPL/project/vhdl/sindri_constraints.xdc:137]
Resolution: If [get_<value>] was used to populate the object, check to make sure this command returns at least one valid object.
WARNING: [Vivado 12-584] No ports matched 'BB_21'. [/home/jacob/shared/Semester8/AAPL/project/vhdl/sindri_constraints.xdc:138]
CRITICAL WARNING: [Common 17-55] 'set_property' expects at least one object. [/home/jacob/shared/Semester8/AAPL/project/vhdl/sindri_constraints.xdc:138]
Resolution: If [get_<value>] was used to populate the object, check to make sure this command returns at least one valid object.
WARNING: [Vivado 12-584] No ports matched 'BB_22'. [/home/jacob/shared/Semester8/AAPL/project/vhdl/sindri_constraints.xdc:141]
CRITICAL WARNING: [Common 17-55] 'set_property' expects at least one object. [/home/jacob/shared/Semester8/AAPL/project/vhdl/sindri_constraints.xdc:141]
Resolution: If [get_<value>] was used to populate the object, check to make sure this command returns at least one valid object.
WARNING: [Vivado 12-584] No ports matched 'BB_22'. [/home/jacob/shared/Semester8/AAPL/project/vhdl/sindri_constraints.xdc:142]
CRITICAL WARNING: [Common 17-55] 'set_property' expects at least one object. [/home/jacob/shared/Semester8/AAPL/project/vhdl/sindri_constraints.xdc:142]
Resolution: If [get_<value>] was used to populate the object, check to make sure this command returns at least one valid object.
WARNING: [Vivado 12-584] No ports matched 'BB_23'. [/home/jacob/shared/Semester8/AAPL/project/vhdl/sindri_constraints.xdc:145]
CRITICAL WARNING: [Common 17-55] 'set_property' expects at least one object. [/home/jacob/shared/Semester8/AAPL/project/vhdl/sindri_constraints.xdc:145]
Resolution: If [get_<value>] was used to populate the object, check to make sure this command returns at least one valid object.
WARNING: [Vivado 12-584] No ports matched 'BB_23'. [/home/jacob/shared/Semester8/AAPL/project/vhdl/sindri_constraints.xdc:146]
CRITICAL WARNING: [Common 17-55] 'set_property' expects at least one object. [/home/jacob/shared/Semester8/AAPL/project/vhdl/sindri_constraints.xdc:146]
Resolution: If [get_<value>] was used to populate the object, check to make sure this command returns at least one valid object.
WARNING: [Vivado 12-584] No ports matched 'BB_24'. [/home/jacob/shared/Semester8/AAPL/project/vhdl/sindri_constraints.xdc:149]
CRITICAL WARNING: [Common 17-55] 'set_property' expects at least one object. [/home/jacob/shared/Semester8/AAPL/project/vhdl/sindri_constraints.xdc:149]
Resolution: If [get_<value>] was used to populate the object, check to make sure this command returns at least one valid object.
WARNING: [Vivado 12-584] No ports matched 'BB_24'. [/home/jacob/shared/Semester8/AAPL/project/vhdl/sindri_constraints.xdc:150]
CRITICAL WARNING: [Common 17-55] 'set_property' expects at least one object. [/home/jacob/shared/Semester8/AAPL/project/vhdl/sindri_constraints.xdc:150]
Resolution: If [get_<value>] was used to populate the object, check to make sure this command returns at least one valid object.
WARNING: [Vivado 12-584] No ports matched 'BB_25'. [/home/jacob/shared/Semester8/AAPL/project/vhdl/sindri_constraints.xdc:153]
CRITICAL WARNING: [Common 17-55] 'set_property' expects at least one object. [/home/jacob/shared/Semester8/AAPL/project/vhdl/sindri_constraints.xdc:153]
Resolution: If [get_<value>] was used to populate the object, check to make sure this command returns at least one valid object.
WARNING: [Vivado 12-584] No ports matched 'BB_25'. [/home/jacob/shared/Semester8/AAPL/project/vhdl/sindri_constraints.xdc:154]
CRITICAL WARNING: [Common 17-55] 'set_property' expects at least one object. [/home/jacob/shared/Semester8/AAPL/project/vhdl/sindri_constraints.xdc:154]
Resolution: If [get_<value>] was used to populate the object, check to make sure this command returns at least one valid object.
WARNING: [Vivado 12-584] No ports matched 'BB_26'. [/home/jacob/shared/Semester8/AAPL/project/vhdl/sindri_constraints.xdc:157]
CRITICAL WARNING: [Common 17-55] 'set_property' expects at least one object. [/home/jacob/shared/Semester8/AAPL/project/vhdl/sindri_constraints.xdc:157]
Resolution: If [get_<value>] was used to populate the object, check to make sure this command returns at least one valid object.
WARNING: [Vivado 12-584] No ports matched 'BB_26'. [/home/jacob/shared/Semester8/AAPL/project/vhdl/sindri_constraints.xdc:158]
CRITICAL WARNING: [Common 17-55] 'set_property' expects at least one object. [/home/jacob/shared/Semester8/AAPL/project/vhdl/sindri_constraints.xdc:158]
Resolution: If [get_<value>] was used to populate the object, check to make sure this command returns at least one valid object.
WARNING: [Vivado 12-584] No ports matched 'BB_27'. [/home/jacob/shared/Semester8/AAPL/project/vhdl/sindri_constraints.xdc:161]
CRITICAL WARNING: [Common 17-55] 'set_property' expects at least one object. [/home/jacob/shared/Semester8/AAPL/project/vhdl/sindri_constraints.xdc:161]
Resolution: If [get_<value>] was used to populate the object, check to make sure this command returns at least one valid object.
WARNING: [Vivado 12-584] No ports matched 'BB_27'. [/home/jacob/shared/Semester8/AAPL/project/vhdl/sindri_constraints.xdc:162]
CRITICAL WARNING: [Common 17-55] 'set_property' expects at least one object. [/home/jacob/shared/Semester8/AAPL/project/vhdl/sindri_constraints.xdc:162]
Resolution: If [get_<value>] was used to populate the object, check to make sure this command returns at least one valid object.
WARNING: [Vivado 12-584] No ports matched 'BB_28'. [/home/jacob/shared/Semester8/AAPL/project/vhdl/sindri_constraints.xdc:165]
CRITICAL WARNING: [Common 17-55] 'set_property' expects at least one object. [/home/jacob/shared/Semester8/AAPL/project/vhdl/sindri_constraints.xdc:165]
Resolution: If [get_<value>] was used to populate the object, check to make sure this command returns at least one valid object.
WARNING: [Vivado 12-584] No ports matched 'BB_28'. [/home/jacob/shared/Semester8/AAPL/project/vhdl/sindri_constraints.xdc:166]
CRITICAL WARNING: [Common 17-55] 'set_property' expects at least one object. [/home/jacob/shared/Semester8/AAPL/project/vhdl/sindri_constraints.xdc:166]
Resolution: If [get_<value>] was used to populate the object, check to make sure this command returns at least one valid object.
WARNING: [Vivado 12-584] No ports matched 'BB_29'. [/home/jacob/shared/Semester8/AAPL/project/vhdl/sindri_constraints.xdc:169]
CRITICAL WARNING: [Common 17-55] 'set_property' expects at least one object. [/home/jacob/shared/Semester8/AAPL/project/vhdl/sindri_constraints.xdc:169]
Resolution: If [get_<value>] was used to populate the object, check to make sure this command returns at least one valid object.
WARNING: [Vivado 12-584] No ports matched 'BB_29'. [/home/jacob/shared/Semester8/AAPL/project/vhdl/sindri_constraints.xdc:170]
CRITICAL WARNING: [Common 17-55] 'set_property' expects at least one object. [/home/jacob/shared/Semester8/AAPL/project/vhdl/sindri_constraints.xdc:170]
Resolution: If [get_<value>] was used to populate the object, check to make sure this command returns at least one valid object.
WARNING: [Vivado 12-584] No ports matched 'BB_30'. [/home/jacob/shared/Semester8/AAPL/project/vhdl/sindri_constraints.xdc:173]
CRITICAL WARNING: [Common 17-55] 'set_property' expects at least one object. [/home/jacob/shared/Semester8/AAPL/project/vhdl/sindri_constraints.xdc:173]
Resolution: If [get_<value>] was used to populate the object, check to make sure this command returns at least one valid object.
WARNING: [Vivado 12-584] No ports matched 'BB_30'. [/home/jacob/shared/Semester8/AAPL/project/vhdl/sindri_constraints.xdc:174]
CRITICAL WARNING: [Common 17-55] 'set_property' expects at least one object. [/home/jacob/shared/Semester8/AAPL/project/vhdl/sindri_constraints.xdc:174]
Resolution: If [get_<value>] was used to populate the object, check to make sure this command returns at least one valid object.
Finished Parsing XDC File [/home/jacob/shared/Semester8/AAPL/project/vhdl/sindri_constraints.xdc]
INFO: [Project 1-236] Implementation specific constraints were found while reading constraint file [/home/jacob/shared/Semester8/AAPL/project/vhdl/sindri_constraints.xdc]. These constraints will be ignored for synthesis but will be used in implementation. Impacted constraints are listed in the file [.Xil/OSERDES_10_to_1_propImpl.xdc].
Resolution: To avoid this warning, move constraints listed in [.Xil/OSERDES_10_to_1_propImpl.xdc] to another XDC file and exclude this new file from synthesis with the used_in_synthesis property (File Properties dialog in GUI) and re-run elaboration/synthesis.
Completed Processing XDC Constraints

Netlist sorting complete. Time (s): cpu = 00:00:00 ; elapsed = 00:00:00 . Memory (MB): peak = 2302.934 ; gain = 0.000 ; free physical = 459 ; free virtual = 7737
INFO: [Project 1-111] Unisim Transformation Summary:
No Unisim elements were transformed.

Constraint Validation Runtime : Time (s): cpu = 00:00:00 ; elapsed = 00:00:00 . Memory (MB): peak = 2302.969 ; gain = 0.000 ; free physical = 459 ; free virtual = 7737
INFO: [Designutils 20-5440] No compile time benefit to using incremental synthesis; A full resynthesis will be run
INFO: [Designutils 20-4379] Flow is switching to default flow due to incremental criteria not met. If you would like to alter this behaviour and have the flow terminate instead, please set the following parameter config_implementation {autoIncr.Synth.RejectBehavior Terminate}
---------------------------------------------------------------------------------
Finished Constraint Validation : Time (s): cpu = 00:00:11 ; elapsed = 00:00:12 . Memory (MB): peak = 2302.969 ; gain = 634.898 ; free physical = 467 ; free virtual = 7747
---------------------------------------------------------------------------------
---------------------------------------------------------------------------------
Start Loading Part and Timing Information
---------------------------------------------------------------------------------
Loading part: xc7s15ftgb196-1
---------------------------------------------------------------------------------
Finished Loading Part and Timing Information : Time (s): cpu = 00:00:11 ; elapsed = 00:00:12 . Memory (MB): peak = 2310.938 ; gain = 642.867 ; free physical = 467 ; free virtual = 7747
---------------------------------------------------------------------------------
---------------------------------------------------------------------------------
Start Applying 'set_property' XDC Constraints
---------------------------------------------------------------------------------
---------------------------------------------------------------------------------
Finished applying 'set_property' XDC Constraints : Time (s): cpu = 00:00:11 ; elapsed = 00:00:12 . Memory (MB): peak = 2310.938 ; gain = 642.867 ; free physical = 467 ; free virtual = 7747
---------------------------------------------------------------------------------
---------------------------------------------------------------------------------
Finished RTL Optimization Phase 2 : Time (s): cpu = 00:00:12 ; elapsed = 00:00:12 . Memory (MB): peak = 2310.938 ; gain = 642.867 ; free physical = 465 ; free virtual = 7749
---------------------------------------------------------------------------------
---------------------------------------------------------------------------------
Start RTL Component Statistics 
---------------------------------------------------------------------------------
Detailed RTL Component Info : 
---------------------------------------------------------------------------------
Finished RTL Component Statistics 
---------------------------------------------------------------------------------
---------------------------------------------------------------------------------
Start Part Resource Summary
---------------------------------------------------------------------------------
Part Resources:
DSPs: 20 (col length:20)
BRAMs: 20 (col length: RAMB18 20 RAMB36 10)
---------------------------------------------------------------------------------
Finished Part Resource Summary
---------------------------------------------------------------------------------
---------------------------------------------------------------------------------
Start Cross Boundary and Area Optimization
---------------------------------------------------------------------------------
---------------------------------------------------------------------------------
Finished Cross Boundary and Area Optimization : Time (s): cpu = 00:00:13 ; elapsed = 00:00:13 . Memory (MB): peak = 2310.938 ; gain = 642.867 ; free physical = 468 ; free virtual = 7760
---------------------------------------------------------------------------------
---------------------------------------------------------------------------------
Start Applying XDC Timing Constraints
---------------------------------------------------------------------------------
---------------------------------------------------------------------------------
Finished Applying XDC Timing Constraints : Time (s): cpu = 00:00:17 ; elapsed = 00:00:18 . Memory (MB): peak = 2395.938 ; gain = 727.867 ; free physical = 398 ; free virtual = 7690
---------------------------------------------------------------------------------
---------------------------------------------------------------------------------
Start Timing Optimization
---------------------------------------------------------------------------------
---------------------------------------------------------------------------------
Finished Timing Optimization : Time (s): cpu = 00:00:17 ; elapsed = 00:00:18 . Memory (MB): peak = 2395.938 ; gain = 727.867 ; free physical = 398 ; free virtual = 7690
---------------------------------------------------------------------------------
---------------------------------------------------------------------------------
Start Technology Mapping
---------------------------------------------------------------------------------
---------------------------------------------------------------------------------
Finished Technology Mapping : Time (s): cpu = 00:00:17 ; elapsed = 00:00:18 . Memory (MB): peak = 2405.953 ; gain = 737.883 ; free physical = 390 ; free virtual = 7682
---------------------------------------------------------------------------------
---------------------------------------------------------------------------------
Start IO Insertion
---------------------------------------------------------------------------------
---------------------------------------------------------------------------------
Start Flattening Before IO Insertion
---------------------------------------------------------------------------------
---------------------------------------------------------------------------------
Finished Flattening Before IO Insertion
---------------------------------------------------------------------------------
---------------------------------------------------------------------------------
Start Final Netlist Cleanup
---------------------------------------------------------------------------------
---------------------------------------------------------------------------------
Finished Final Netlist Cleanup
---------------------------------------------------------------------------------
---------------------------------------------------------------------------------
Finished IO Insertion : Time (s): cpu = 00:00:21 ; elapsed = 00:00:21 . Memory (MB): peak = 2600.766 ; gain = 932.695 ; free physical = 218 ; free virtual = 7510
---------------------------------------------------------------------------------
---------------------------------------------------------------------------------
Start Renaming Generated Instances
---------------------------------------------------------------------------------
---------------------------------------------------------------------------------
Finished Renaming Generated Instances : Time (s): cpu = 00:00:21 ; elapsed = 00:00:21 . Memory (MB): peak = 2600.766 ; gain = 932.695 ; free physical = 218 ; free virtual = 7510
---------------------------------------------------------------------------------
---------------------------------------------------------------------------------
Start Rebuilding User Hierarchy
---------------------------------------------------------------------------------
---------------------------------------------------------------------------------
Finished Rebuilding User Hierarchy : Time (s): cpu = 00:00:21 ; elapsed = 00:00:21 . Memory (MB): peak = 2600.766 ; gain = 932.695 ; free physical = 218 ; free virtual = 7510
---------------------------------------------------------------------------------
---------------------------------------------------------------------------------
Start Renaming Generated Ports
---------------------------------------------------------------------------------
---------------------------------------------------------------------------------
Finished Renaming Generated Ports : Time (s): cpu = 00:00:21 ; elapsed = 00:00:21 . Memory (MB): peak = 2600.766 ; gain = 932.695 ; free physical = 218 ; free virtual = 7510
---------------------------------------------------------------------------------
---------------------------------------------------------------------------------
Start Handling Custom Attributes
---------------------------------------------------------------------------------
---------------------------------------------------------------------------------
Finished Handling Custom Attributes : Time (s): cpu = 00:00:21 ; elapsed = 00:00:21 . Memory (MB): peak = 2600.766 ; gain = 932.695 ; free physical = 218 ; free virtual = 7510
---------------------------------------------------------------------------------
---------------------------------------------------------------------------------
Start Renaming Generated Nets
---------------------------------------------------------------------------------
---------------------------------------------------------------------------------
Finished Renaming Generated Nets : Time (s): cpu = 00:00:21 ; elapsed = 00:00:21 . Memory (MB): peak = 2600.766 ; gain = 932.695 ; free physical = 218 ; free virtual = 7510
---------------------------------------------------------------------------------
---------------------------------------------------------------------------------
Start Writing Synthesis Report
---------------------------------------------------------------------------------

Report BlackBoxes: 
+-+--------------+----------+
| |BlackBox name |Instances |
+-+--------------+----------+
+-+--------------+----------+

Report Cell Usage: 
+------+----------+------+
|      |Cell      |Count |
+------+----------+------+
|1     |BUFG      |     1|
|2     |OSERDESE2 |     2|
|4     |IBUF      |    14|
|5     |OBUF      |     1|
+------+----------+------+
---------------------------------------------------------------------------------
Finished Writing Synthesis Report : Time (s): cpu = 00:00:21 ; elapsed = 00:00:21 . Memory (MB): peak = 2600.766 ; gain = 932.695 ; free physical = 218 ; free virtual = 7510
---------------------------------------------------------------------------------
Synthesis finished with 0 errors, 0 critical warnings and 0 warnings.
Synthesis Optimization Runtime : Time (s): cpu = 00:00:19 ; elapsed = 00:00:20 . Memory (MB): peak = 2600.766 ; gain = 886.703 ; free physical = 218 ; free virtual = 7510
Synthesis Optimization Complete : Time (s): cpu = 00:00:21 ; elapsed = 00:00:21 . Memory (MB): peak = 2600.773 ; gain = 932.695 ; free physical = 218 ; free virtual = 7510
INFO: [Project 1-571] Translating synthesized netlist
Netlist sorting complete. Time (s): cpu = 00:00:00 ; elapsed = 00:00:00 . Memory (MB): peak = 2600.773 ; gain = 0.000 ; free physical = 217 ; free virtual = 7510
INFO: [Project 1-570] Preparing netlist for logic optimization
INFO: [Opt 31-138] Pushed 0 inverter(s) to 0 load pin(s).
Netlist sorting complete. Time (s): cpu = 00:00:00 ; elapsed = 00:00:00 . Memory (MB): peak = 2600.773 ; gain = 0.000 ; free physical = 369 ; free virtual = 7661
INFO: [Project 1-111] Unisim Transformation Summary:
No Unisim elements were transformed.

Synth Design complete | Checksum: ed5fe2e0
INFO: [Common 17-83] Releasing license: Synthesis
24 Infos, 70 Warnings, 72 Critical Warnings and 0 Errors encountered.
synth_design completed successfully
synth_design: Time (s): cpu = 00:00:28 ; elapsed = 00:00:26 . Memory (MB): peak = 2600.801 ; gain = 1044.871 ; free physical = 367 ; free virtual = 7660
INFO: [Common 17-2834] synth_design peak Physical Memory [PSS] (MB): overall = 1905.203; main = 1728.683; forked = 283.081
INFO: [Common 17-2834] synth_design peak Virtual Memory [VSS] (MB): overall = 3525.098; main = 2600.770; forked = 995.141
INFO: [runtcl-6] Synthesis results are not added to the cache due to CRITICAL_WARNING
Write ShapeDB Complete: Time (s): cpu = 00:00:00 ; elapsed = 00:00:00 . Memory (MB): peak = 2624.777 ; gain = 0.000 ; free physical = 367 ; free virtual = 7660
INFO: [Common 17-1381] The checkpoint '/home/jacob/shared/Semester8/AAPL/project/vhdl/HDMI_example/HDMI_example.runs/synth_1/OSERDES_10_to_1.dcp' has been generated.
INFO: [Vivado 12-24828] Executing command : report_utilization -file OSERDES_10_to_1_utilization_synth.rpt -pb OSERDES_10_to_1_utilization_synth.pb
INFO: [Common 17-206] Exiting Vivado at Wed Mar  4 12:24:44 2026...
