
*** Running vivado
    with args -log main_top_com_side_wrapper_0_0.vds -m64 -product Vivado -mode batch -messageDb vivado.pb -notrace -source main_top_com_side_wrapper_0_0.tcl


****** Vivado v2025.2 (64-bit)
  **** SW Build 6299465 on Fri Nov 14 12:34:56 MST 2025
  **** IP Build 6300035 on Fri Nov 14 10:48:45 MST 2025
  **** SharedData Build 6298862 on Thu Nov 13 04:50:51 MST 2025
  **** Start of session at: Mon May  4 11:33:10 2026
    ** Copyright 1986-2022 Xilinx, Inc. All Rights Reserved.
    ** Copyright 2022-2025 Advanced Micro Devices, Inc. All Rights Reserved.

source main_top_com_side_wrapper_0_0.tcl -notrace
INFO: [IP_Flow 19-234] Refreshing IP repositories
INFO: [IP_Flow 19-1704] No user IP repositories specified
INFO: [IP_Flow 19-2313] Loaded Vivado IP repository '/home/kasper-ubuntu/Vivado/2025.2/data/ip'.
INFO: [Project 1-5698] Found the below utility IPs instantiated in block design /home/kasper-ubuntu/Documents/APPL_project_tetris/QLink_2020/QLink_2020.gen/sources_1/bd/com_side/bd/block_test_inst_0/block_test_inst_0.bd which have equivalent inline hdl with improved performance and reduced diskspace.
It is recommended to migrate these utility IPs to inline hdl  using the command upgrade_project -migrate_to_inline_hdl.  The utility IPs may be deprecated in future releases.
More information on inline hdl is available in UG994.
Utility IP Component Instances:
 block_test_inst_0_enable_0_0
block_test_inst_0_reset_0_0
block_test_inst_0_write_enable_0
INFO: [Project 1-5698] Found the below utility IPs instantiated in block design /home/kasper-ubuntu/Documents/APPL_project_tetris/QLink_2020/QLink_2020.srcs/sources_1/bd/com_side/com_side.bd which have equivalent inline hdl with improved performance and reduced diskspace.
It is recommended to migrate these utility IPs to inline hdl  using the command upgrade_project -migrate_to_inline_hdl.  The utility IPs may be deprecated in future releases.
More information on inline hdl is available in UG994.
Utility IP Component Instances:
 com_side_xlconcat_0_0
Command: synth_design -top main_top_com_side_wrapper_0_0 -part xc7s15ftgb196-1 -incremental_mode off -mode out_of_context
Starting synth_design
Attempting to get a license for feature 'Synthesis' and/or device 'xc7s15'
INFO: [Common 17-349] Got license for feature 'Synthesis' and/or device 'xc7s15'
INFO: [Device 21-403] Loading part xc7s15ftgb196-1
INFO: [Synth 8-7079] Multithreading enabled for synth_design using a maximum of 7 processes.
INFO: [Synth 8-7078] Launching helper process for spawning children vivado processes
INFO: [Synth 8-7075] Helper process launched with PID 25728
---------------------------------------------------------------------------------
Starting RTL Elaboration : Time (s): cpu = 00:00:05 ; elapsed = 00:00:05 . Memory (MB): peak = 2167.246 ; gain = 480.188 ; free physical = 11425 ; free virtual = 13457
---------------------------------------------------------------------------------
INFO: [Synth 8-638] synthesizing module 'main_top_com_side_wrapper_0_0' [/home/kasper-ubuntu/Documents/APPL_project_tetris/QLink_2020/QLink_2020.gen/sources_1/bd/main_top/ip/main_top_com_side_wrapper_0_0/synth/main_top_com_side_wrapper_0_0.vhd:74]
INFO: [Synth 8-3491] module 'com_side_wrapper' declared at '/home/kasper-ubuntu/Documents/APPL_project_tetris/QLink_2020/QLink_2020.gen/sources_1/bd/com_side/hdl/com_side_wrapper.vhd:15' bound to instance 'U0' of component 'com_side_wrapper' [/home/kasper-ubuntu/Documents/APPL_project_tetris/QLink_2020/QLink_2020.gen/sources_1/bd/main_top/ip/main_top_com_side_wrapper_0_0/synth/main_top_com_side_wrapper_0_0.vhd:109]
INFO: [Synth 8-638] synthesizing module 'com_side_wrapper' [/home/kasper-ubuntu/Documents/APPL_project_tetris/QLink_2020/QLink_2020.gen/sources_1/bd/com_side/hdl/com_side_wrapper.vhd:33]
INFO: [Synth 8-3491] module 'com_side' declared at '/home/kasper-ubuntu/Documents/APPL_project_tetris/QLink_2020/QLink_2020.gen/sources_1/bd/com_side/synth/com_side.vhd:15' bound to instance 'com_side_i' of component 'com_side' [/home/kasper-ubuntu/Documents/APPL_project_tetris/QLink_2020/QLink_2020.gen/sources_1/bd/com_side/hdl/com_side_wrapper.vhd:52]
INFO: [Synth 8-638] synthesizing module 'com_side' [/home/kasper-ubuntu/Documents/APPL_project_tetris/QLink_2020/QLink_2020.gen/sources_1/bd/com_side/synth/com_side.vhd:37]
INFO: [Synth 8-3491] module 'block_test_inst_0' declared at '/home/kasper-ubuntu/Documents/APPL_project_tetris/QLink_2020/QLink_2020.gen/sources_1/bd/com_side/bd/block_test_inst_0/synth/block_test_inst_0.vhd:15' bound to instance 'block_test_0' of component 'block_test_inst_0' [/home/kasper-ubuntu/Documents/APPL_project_tetris/QLink_2020/QLink_2020.gen/sources_1/bd/com_side/synth/com_side.vhd:117]
INFO: [Synth 8-638] synthesizing module 'block_test_inst_0' [/home/kasper-ubuntu/Documents/APPL_project_tetris/QLink_2020/QLink_2020.gen/sources_1/bd/com_side/bd/block_test_inst_0/synth/block_test_inst_0.vhd:32]
INFO: [Synth 8-3491] module 'block_test_inst_0_Sindri_QLink_top_0_0' declared at '/home/kasper-ubuntu/Documents/APPL_project_tetris/QLink_2020/QLink_2020.runs/main_top_com_side_wrapper_0_0_synth_1/.Xil/Vivado-25660-kasper-ubuntu-pc/realtime/block_test_inst_0_Sindri_QLink_top_0_0_stub.vhdl:6' bound to instance 'Sindri_QLink_top_0' of component 'block_test_inst_0_Sindri_QLink_top_0_0' [/home/kasper-ubuntu/Documents/APPL_project_tetris/QLink_2020/QLink_2020.gen/sources_1/bd/com_side/bd/block_test_inst_0/synth/block_test_inst_0.vhd:95]
INFO: [Synth 8-638] synthesizing module 'block_test_inst_0_Sindri_QLink_top_0_0' [/home/kasper-ubuntu/Documents/APPL_project_tetris/QLink_2020/QLink_2020.runs/main_top_com_side_wrapper_0_0_synth_1/.Xil/Vivado-25660-kasper-ubuntu-pc/realtime/block_test_inst_0_Sindri_QLink_top_0_0_stub.vhdl:29]
INFO: [Synth 8-3491] module 'block_test_inst_0_blk_mem_gen_0_0' declared at '/home/kasper-ubuntu/Documents/APPL_project_tetris/QLink_2020/QLink_2020.runs/main_top_com_side_wrapper_0_0_synth_1/.Xil/Vivado-25660-kasper-ubuntu-pc/realtime/block_test_inst_0_blk_mem_gen_0_0_stub.vhdl:6' bound to instance 'blk_mem_gen_0' of component 'block_test_inst_0_blk_mem_gen_0_0' [/home/kasper-ubuntu/Documents/APPL_project_tetris/QLink_2020/QLink_2020.gen/sources_1/bd/com_side/bd/block_test_inst_0/synth/block_test_inst_0.vhd:107]
INFO: [Synth 8-638] synthesizing module 'block_test_inst_0_blk_mem_gen_0_0' [/home/kasper-ubuntu/Documents/APPL_project_tetris/QLink_2020/QLink_2020.runs/main_top_com_side_wrapper_0_0_synth_1/.Xil/Vivado-25660-kasper-ubuntu-pc/realtime/block_test_inst_0_blk_mem_gen_0_0_stub.vhdl:34]
INFO: [Synth 8-3491] module 'block_test_inst_0_enable_0_0' declared at '/home/kasper-ubuntu/Documents/APPL_project_tetris/QLink_2020/QLink_2020.gen/sources_1/bd/com_side/bd/block_test_inst_0/ip/block_test_inst_0_enable_0_0/synth/block_test_inst_0_enable_0_0.v:53' bound to instance 'enable_0' of component 'block_test_inst_0_enable_0_0' [/home/kasper-ubuntu/Documents/APPL_project_tetris/QLink_2020/QLink_2020.gen/sources_1/bd/com_side/bd/block_test_inst_0/synth/block_test_inst_0.vhd:128]
INFO: [Synth 8-6157] synthesizing module 'block_test_inst_0_enable_0_0' [/home/kasper-ubuntu/Documents/APPL_project_tetris/QLink_2020/QLink_2020.gen/sources_1/bd/com_side/bd/block_test_inst_0/ip/block_test_inst_0_enable_0_0/synth/block_test_inst_0_enable_0_0.v:53]
INFO: [Synth 8-6157] synthesizing module 'xlconstant_v1_1_10_xlconstant' [/home/kasper-ubuntu/Documents/APPL_project_tetris/QLink_2020/QLink_2020.gen/sources_1/bd/com_side/bd/block_test_inst_0/ipshared/a165/hdl/xlconstant_v1_1_vl_rfs.v:68]
INFO: [Synth 8-6155] done synthesizing module 'xlconstant_v1_1_10_xlconstant' (0#1) [/home/kasper-ubuntu/Documents/APPL_project_tetris/QLink_2020/QLink_2020.gen/sources_1/bd/com_side/bd/block_test_inst_0/ipshared/a165/hdl/xlconstant_v1_1_vl_rfs.v:68]
INFO: [Synth 8-6155] done synthesizing module 'block_test_inst_0_enable_0_0' (0#1) [/home/kasper-ubuntu/Documents/APPL_project_tetris/QLink_2020/QLink_2020.gen/sources_1/bd/com_side/bd/block_test_inst_0/ip/block_test_inst_0_enable_0_0/synth/block_test_inst_0_enable_0_0.v:53]
INFO: [Synth 8-3491] module 'block_test_inst_0_reset_0_0' declared at '/home/kasper-ubuntu/Documents/APPL_project_tetris/QLink_2020/QLink_2020.gen/sources_1/bd/com_side/bd/block_test_inst_0/ip/block_test_inst_0_reset_0_0/synth/block_test_inst_0_reset_0_0.v:53' bound to instance 'reset_0' of component 'block_test_inst_0_reset_0_0' [/home/kasper-ubuntu/Documents/APPL_project_tetris/QLink_2020/QLink_2020.gen/sources_1/bd/com_side/bd/block_test_inst_0/synth/block_test_inst_0.vhd:132]
INFO: [Synth 8-6157] synthesizing module 'block_test_inst_0_reset_0_0' [/home/kasper-ubuntu/Documents/APPL_project_tetris/QLink_2020/QLink_2020.gen/sources_1/bd/com_side/bd/block_test_inst_0/ip/block_test_inst_0_reset_0_0/synth/block_test_inst_0_reset_0_0.v:53]
INFO: [Synth 8-6157] synthesizing module 'xlconstant_v1_1_10_xlconstant__parameterized0' [/home/kasper-ubuntu/Documents/APPL_project_tetris/QLink_2020/QLink_2020.gen/sources_1/bd/com_side/bd/block_test_inst_0/ipshared/a165/hdl/xlconstant_v1_1_vl_rfs.v:68]
INFO: [Synth 8-6155] done synthesizing module 'xlconstant_v1_1_10_xlconstant__parameterized0' (0#1) [/home/kasper-ubuntu/Documents/APPL_project_tetris/QLink_2020/QLink_2020.gen/sources_1/bd/com_side/bd/block_test_inst_0/ipshared/a165/hdl/xlconstant_v1_1_vl_rfs.v:68]
INFO: [Synth 8-6155] done synthesizing module 'block_test_inst_0_reset_0_0' (0#1) [/home/kasper-ubuntu/Documents/APPL_project_tetris/QLink_2020/QLink_2020.gen/sources_1/bd/com_side/bd/block_test_inst_0/ip/block_test_inst_0_reset_0_0/synth/block_test_inst_0_reset_0_0.v:53]
INFO: [Synth 8-3491] module 'block_test_inst_0_write_enable_0' declared at '/home/kasper-ubuntu/Documents/APPL_project_tetris/QLink_2020/QLink_2020.gen/sources_1/bd/com_side/bd/block_test_inst_0/ip/block_test_inst_0_write_enable_0/synth/block_test_inst_0_write_enable_0.v:53' bound to instance 'write_enable' of component 'block_test_inst_0_write_enable_0' [/home/kasper-ubuntu/Documents/APPL_project_tetris/QLink_2020/QLink_2020.gen/sources_1/bd/com_side/bd/block_test_inst_0/synth/block_test_inst_0.vhd:136]
INFO: [Synth 8-6157] synthesizing module 'block_test_inst_0_write_enable_0' [/home/kasper-ubuntu/Documents/APPL_project_tetris/QLink_2020/QLink_2020.gen/sources_1/bd/com_side/bd/block_test_inst_0/ip/block_test_inst_0_write_enable_0/synth/block_test_inst_0_write_enable_0.v:53]
INFO: [Synth 8-6157] synthesizing module 'xlconstant_v1_1_10_xlconstant__parameterized1' [/home/kasper-ubuntu/Documents/APPL_project_tetris/QLink_2020/QLink_2020.gen/sources_1/bd/com_side/bd/block_test_inst_0/ipshared/a165/hdl/xlconstant_v1_1_vl_rfs.v:68]
INFO: [Synth 8-6155] done synthesizing module 'xlconstant_v1_1_10_xlconstant__parameterized1' (0#1) [/home/kasper-ubuntu/Documents/APPL_project_tetris/QLink_2020/QLink_2020.gen/sources_1/bd/com_side/bd/block_test_inst_0/ipshared/a165/hdl/xlconstant_v1_1_vl_rfs.v:68]
INFO: [Synth 8-6155] done synthesizing module 'block_test_inst_0_write_enable_0' (0#1) [/home/kasper-ubuntu/Documents/APPL_project_tetris/QLink_2020/QLink_2020.gen/sources_1/bd/com_side/bd/block_test_inst_0/ip/block_test_inst_0_write_enable_0/synth/block_test_inst_0_write_enable_0.v:53]
INFO: [Synth 8-256] done synthesizing module 'block_test_inst_0' (0#1) [/home/kasper-ubuntu/Documents/APPL_project_tetris/QLink_2020/QLink_2020.gen/sources_1/bd/com_side/bd/block_test_inst_0/synth/block_test_inst_0.vhd:32]
INFO: [Synth 8-3491] module 'com_side_simple_button_fsm_0_0' declared at '/home/kasper-ubuntu/Documents/APPL_project_tetris/QLink_2020/QLink_2020.runs/main_top_com_side_wrapper_0_0_synth_1/.Xil/Vivado-25660-kasper-ubuntu-pc/realtime/com_side_simple_button_fsm_0_0_stub.vhdl:6' bound to instance 'simple_button_fsm_0' of component 'com_side_simple_button_fsm_0_0' [/home/kasper-ubuntu/Documents/APPL_project_tetris/QLink_2020/QLink_2020.gen/sources_1/bd/com_side/synth/com_side.vhd:128]
INFO: [Synth 8-638] synthesizing module 'com_side_simple_button_fsm_0_0' [/home/kasper-ubuntu/Documents/APPL_project_tetris/QLink_2020/QLink_2020.runs/main_top_com_side_wrapper_0_0_synth_1/.Xil/Vivado-25660-kasper-ubuntu-pc/realtime/com_side_simple_button_fsm_0_0_stub.vhdl:26]
INFO: [Synth 8-3491] module 'com_side_simple_button_fsm_0_1' declared at '/home/kasper-ubuntu/Documents/APPL_project_tetris/QLink_2020/QLink_2020.runs/main_top_com_side_wrapper_0_0_synth_1/.Xil/Vivado-25660-kasper-ubuntu-pc/realtime/com_side_simple_button_fsm_0_1_stub.vhdl:6' bound to instance 'simple_button_fsm_1' of component 'com_side_simple_button_fsm_0_1' [/home/kasper-ubuntu/Documents/APPL_project_tetris/QLink_2020/QLink_2020.gen/sources_1/bd/com_side/synth/com_side.vhd:137]
INFO: [Synth 8-638] synthesizing module 'com_side_simple_button_fsm_0_1' [/home/kasper-ubuntu/Documents/APPL_project_tetris/QLink_2020/QLink_2020.runs/main_top_com_side_wrapper_0_0_synth_1/.Xil/Vivado-25660-kasper-ubuntu-pc/realtime/com_side_simple_button_fsm_0_1_stub.vhdl:26]
INFO: [Synth 8-3491] module 'com_side_simple_button_fsm_0_2' declared at '/home/kasper-ubuntu/Documents/APPL_project_tetris/QLink_2020/QLink_2020.runs/main_top_com_side_wrapper_0_0_synth_1/.Xil/Vivado-25660-kasper-ubuntu-pc/realtime/com_side_simple_button_fsm_0_2_stub.vhdl:6' bound to instance 'simple_button_fsm_2' of component 'com_side_simple_button_fsm_0_2' [/home/kasper-ubuntu/Documents/APPL_project_tetris/QLink_2020/QLink_2020.gen/sources_1/bd/com_side/synth/com_side.vhd:146]
INFO: [Synth 8-638] synthesizing module 'com_side_simple_button_fsm_0_2' [/home/kasper-ubuntu/Documents/APPL_project_tetris/QLink_2020/QLink_2020.runs/main_top_com_side_wrapper_0_0_synth_1/.Xil/Vivado-25660-kasper-ubuntu-pc/realtime/com_side_simple_button_fsm_0_2_stub.vhdl:26]
INFO: [Synth 8-3491] module 'com_side_simple_button_fsm_2_0' declared at '/home/kasper-ubuntu/Documents/APPL_project_tetris/QLink_2020/QLink_2020.runs/main_top_com_side_wrapper_0_0_synth_1/.Xil/Vivado-25660-kasper-ubuntu-pc/realtime/com_side_simple_button_fsm_2_0_stub.vhdl:6' bound to instance 'simple_button_fsm_3' of component 'com_side_simple_button_fsm_2_0' [/home/kasper-ubuntu/Documents/APPL_project_tetris/QLink_2020/QLink_2020.gen/sources_1/bd/com_side/synth/com_side.vhd:155]
INFO: [Synth 8-638] synthesizing module 'com_side_simple_button_fsm_2_0' [/home/kasper-ubuntu/Documents/APPL_project_tetris/QLink_2020/QLink_2020.runs/main_top_com_side_wrapper_0_0_synth_1/.Xil/Vivado-25660-kasper-ubuntu-pc/realtime/com_side_simple_button_fsm_2_0_stub.vhdl:26]
INFO: [Synth 8-3491] module 'com_side_xlconcat_0_0' declared at '/home/kasper-ubuntu/Documents/APPL_project_tetris/QLink_2020/QLink_2020.gen/sources_1/bd/com_side/ip/com_side_xlconcat_0_0/synth/com_side_xlconcat_0_0.v:53' bound to instance 'xlconcat_0' of component 'com_side_xlconcat_0_0' [/home/kasper-ubuntu/Documents/APPL_project_tetris/QLink_2020/QLink_2020.gen/sources_1/bd/com_side/synth/com_side.vhd:164]
INFO: [Synth 8-6157] synthesizing module 'com_side_xlconcat_0_0' [/home/kasper-ubuntu/Documents/APPL_project_tetris/QLink_2020/QLink_2020.gen/sources_1/bd/com_side/ip/com_side_xlconcat_0_0/synth/com_side_xlconcat_0_0.v:53]
INFO: [Synth 8-6157] synthesizing module 'xlconcat_v2_1_7_xlconcat' [/home/kasper-ubuntu/Documents/APPL_project_tetris/QLink_2020/QLink_2020.gen/sources_1/bd/com_side/ipshared/9c1a/hdl/xlconcat_v2_1_vl_rfs.v:59]
INFO: [Synth 8-6155] done synthesizing module 'xlconcat_v2_1_7_xlconcat' (0#1) [/home/kasper-ubuntu/Documents/APPL_project_tetris/QLink_2020/QLink_2020.gen/sources_1/bd/com_side/ipshared/9c1a/hdl/xlconcat_v2_1_vl_rfs.v:59]
INFO: [Synth 8-6155] done synthesizing module 'com_side_xlconcat_0_0' (0#1) [/home/kasper-ubuntu/Documents/APPL_project_tetris/QLink_2020/QLink_2020.gen/sources_1/bd/com_side/ip/com_side_xlconcat_0_0/synth/com_side_xlconcat_0_0.v:53]
INFO: [Synth 8-256] done synthesizing module 'com_side' (0#1) [/home/kasper-ubuntu/Documents/APPL_project_tetris/QLink_2020/QLink_2020.gen/sources_1/bd/com_side/synth/com_side.vhd:37]
INFO: [Synth 8-256] done synthesizing module 'com_side_wrapper' (0#1) [/home/kasper-ubuntu/Documents/APPL_project_tetris/QLink_2020/QLink_2020.gen/sources_1/bd/com_side/hdl/com_side_wrapper.vhd:33]
INFO: [Synth 8-256] done synthesizing module 'main_top_com_side_wrapper_0_0' (0#1) [/home/kasper-ubuntu/Documents/APPL_project_tetris/QLink_2020/QLink_2020.gen/sources_1/bd/main_top/ip/main_top_com_side_wrapper_0_0/synth/main_top_com_side_wrapper_0_0.vhd:74]
WARNING: [Synth 8-3848] Net q_data_o_0 in module/entity com_side does not have driver. [/home/kasper-ubuntu/Documents/APPL_project_tetris/QLink_2020/QLink_2020.gen/sources_1/bd/com_side/synth/com_side.vhd:27]
INFO: [Synth 8-7129] Port In4[0] in module xlconcat_v2_1_7_xlconcat is either unconnected or has no load
INFO: [Synth 8-7129] Port In5[0] in module xlconcat_v2_1_7_xlconcat is either unconnected or has no load
INFO: [Synth 8-7129] Port In6[0] in module xlconcat_v2_1_7_xlconcat is either unconnected or has no load
INFO: [Synth 8-7129] Port In7[0] in module xlconcat_v2_1_7_xlconcat is either unconnected or has no load
INFO: [Synth 8-7129] Port In8[0] in module xlconcat_v2_1_7_xlconcat is either unconnected or has no load
INFO: [Synth 8-7129] Port In9[0] in module xlconcat_v2_1_7_xlconcat is either unconnected or has no load
INFO: [Synth 8-7129] Port In10[0] in module xlconcat_v2_1_7_xlconcat is either unconnected or has no load
INFO: [Synth 8-7129] Port In11[0] in module xlconcat_v2_1_7_xlconcat is either unconnected or has no load
INFO: [Synth 8-7129] Port In12[0] in module xlconcat_v2_1_7_xlconcat is either unconnected or has no load
INFO: [Synth 8-7129] Port In13[0] in module xlconcat_v2_1_7_xlconcat is either unconnected or has no load
INFO: [Synth 8-7129] Port In14[0] in module xlconcat_v2_1_7_xlconcat is either unconnected or has no load
INFO: [Synth 8-7129] Port In15[0] in module xlconcat_v2_1_7_xlconcat is either unconnected or has no load
INFO: [Synth 8-7129] Port In16[0] in module xlconcat_v2_1_7_xlconcat is either unconnected or has no load
INFO: [Synth 8-7129] Port In17[0] in module xlconcat_v2_1_7_xlconcat is either unconnected or has no load
INFO: [Synth 8-7129] Port In18[0] in module xlconcat_v2_1_7_xlconcat is either unconnected or has no load
INFO: [Synth 8-7129] Port In19[0] in module xlconcat_v2_1_7_xlconcat is either unconnected or has no load
INFO: [Synth 8-7129] Port In20[0] in module xlconcat_v2_1_7_xlconcat is either unconnected or has no load
INFO: [Synth 8-7129] Port In21[0] in module xlconcat_v2_1_7_xlconcat is either unconnected or has no load
INFO: [Synth 8-7129] Port In22[0] in module xlconcat_v2_1_7_xlconcat is either unconnected or has no load
INFO: [Synth 8-7129] Port In23[0] in module xlconcat_v2_1_7_xlconcat is either unconnected or has no load
INFO: [Synth 8-7129] Port In24[0] in module xlconcat_v2_1_7_xlconcat is either unconnected or has no load
INFO: [Synth 8-7129] Port In25[0] in module xlconcat_v2_1_7_xlconcat is either unconnected or has no load
INFO: [Synth 8-7129] Port In26[0] in module xlconcat_v2_1_7_xlconcat is either unconnected or has no load
INFO: [Synth 8-7129] Port In27[0] in module xlconcat_v2_1_7_xlconcat is either unconnected or has no load
INFO: [Synth 8-7129] Port In28[0] in module xlconcat_v2_1_7_xlconcat is either unconnected or has no load
INFO: [Synth 8-7129] Port In29[0] in module xlconcat_v2_1_7_xlconcat is either unconnected or has no load
INFO: [Synth 8-7129] Port In30[0] in module xlconcat_v2_1_7_xlconcat is either unconnected or has no load
INFO: [Synth 8-7129] Port In31[0] in module xlconcat_v2_1_7_xlconcat is either unconnected or has no load
INFO: [Synth 8-7129] Port In32[0] in module xlconcat_v2_1_7_xlconcat is either unconnected or has no load
INFO: [Synth 8-7129] Port In33[0] in module xlconcat_v2_1_7_xlconcat is either unconnected or has no load
INFO: [Synth 8-7129] Port In34[0] in module xlconcat_v2_1_7_xlconcat is either unconnected or has no load
INFO: [Synth 8-7129] Port In35[0] in module xlconcat_v2_1_7_xlconcat is either unconnected or has no load
INFO: [Synth 8-7129] Port In36[0] in module xlconcat_v2_1_7_xlconcat is either unconnected or has no load
INFO: [Synth 8-7129] Port In37[0] in module xlconcat_v2_1_7_xlconcat is either unconnected or has no load
INFO: [Synth 8-7129] Port In38[0] in module xlconcat_v2_1_7_xlconcat is either unconnected or has no load
INFO: [Synth 8-7129] Port In39[0] in module xlconcat_v2_1_7_xlconcat is either unconnected or has no load
INFO: [Synth 8-7129] Port In40[0] in module xlconcat_v2_1_7_xlconcat is either unconnected or has no load
INFO: [Synth 8-7129] Port In41[0] in module xlconcat_v2_1_7_xlconcat is either unconnected or has no load
INFO: [Synth 8-7129] Port In42[0] in module xlconcat_v2_1_7_xlconcat is either unconnected or has no load
INFO: [Synth 8-7129] Port In43[0] in module xlconcat_v2_1_7_xlconcat is either unconnected or has no load
INFO: [Synth 8-7129] Port In44[0] in module xlconcat_v2_1_7_xlconcat is either unconnected or has no load
INFO: [Synth 8-7129] Port In45[0] in module xlconcat_v2_1_7_xlconcat is either unconnected or has no load
INFO: [Synth 8-7129] Port In46[0] in module xlconcat_v2_1_7_xlconcat is either unconnected or has no load
INFO: [Synth 8-7129] Port In47[0] in module xlconcat_v2_1_7_xlconcat is either unconnected or has no load
INFO: [Synth 8-7129] Port In48[0] in module xlconcat_v2_1_7_xlconcat is either unconnected or has no load
INFO: [Synth 8-7129] Port In49[0] in module xlconcat_v2_1_7_xlconcat is either unconnected or has no load
INFO: [Synth 8-7129] Port In50[0] in module xlconcat_v2_1_7_xlconcat is either unconnected or has no load
INFO: [Synth 8-7129] Port In51[0] in module xlconcat_v2_1_7_xlconcat is either unconnected or has no load
INFO: [Synth 8-7129] Port In52[0] in module xlconcat_v2_1_7_xlconcat is either unconnected or has no load
INFO: [Synth 8-7129] Port In53[0] in module xlconcat_v2_1_7_xlconcat is either unconnected or has no load
INFO: [Synth 8-7129] Port In54[0] in module xlconcat_v2_1_7_xlconcat is either unconnected or has no load
INFO: [Synth 8-7129] Port In55[0] in module xlconcat_v2_1_7_xlconcat is either unconnected or has no load
INFO: [Synth 8-7129] Port In56[0] in module xlconcat_v2_1_7_xlconcat is either unconnected or has no load
INFO: [Synth 8-7129] Port In57[0] in module xlconcat_v2_1_7_xlconcat is either unconnected or has no load
INFO: [Synth 8-7129] Port In58[0] in module xlconcat_v2_1_7_xlconcat is either unconnected or has no load
INFO: [Synth 8-7129] Port In59[0] in module xlconcat_v2_1_7_xlconcat is either unconnected or has no load
INFO: [Synth 8-7129] Port In60[0] in module xlconcat_v2_1_7_xlconcat is either unconnected or has no load
INFO: [Synth 8-7129] Port In61[0] in module xlconcat_v2_1_7_xlconcat is either unconnected or has no load
INFO: [Synth 8-7129] Port In62[0] in module xlconcat_v2_1_7_xlconcat is either unconnected or has no load
INFO: [Synth 8-7129] Port In63[0] in module xlconcat_v2_1_7_xlconcat is either unconnected or has no load
INFO: [Synth 8-7129] Port In64[0] in module xlconcat_v2_1_7_xlconcat is either unconnected or has no load
INFO: [Synth 8-7129] Port In65[0] in module xlconcat_v2_1_7_xlconcat is either unconnected or has no load
INFO: [Synth 8-7129] Port In66[0] in module xlconcat_v2_1_7_xlconcat is either unconnected or has no load
INFO: [Synth 8-7129] Port In67[0] in module xlconcat_v2_1_7_xlconcat is either unconnected or has no load
INFO: [Synth 8-7129] Port In68[0] in module xlconcat_v2_1_7_xlconcat is either unconnected or has no load
INFO: [Synth 8-7129] Port In69[0] in module xlconcat_v2_1_7_xlconcat is either unconnected or has no load
INFO: [Synth 8-7129] Port In70[0] in module xlconcat_v2_1_7_xlconcat is either unconnected or has no load
INFO: [Synth 8-7129] Port In71[0] in module xlconcat_v2_1_7_xlconcat is either unconnected or has no load
INFO: [Synth 8-7129] Port In72[0] in module xlconcat_v2_1_7_xlconcat is either unconnected or has no load
INFO: [Synth 8-7129] Port In73[0] in module xlconcat_v2_1_7_xlconcat is either unconnected or has no load
INFO: [Synth 8-7129] Port In74[0] in module xlconcat_v2_1_7_xlconcat is either unconnected or has no load
INFO: [Synth 8-7129] Port In75[0] in module xlconcat_v2_1_7_xlconcat is either unconnected or has no load
INFO: [Synth 8-7129] Port In76[0] in module xlconcat_v2_1_7_xlconcat is either unconnected or has no load
INFO: [Synth 8-7129] Port In77[0] in module xlconcat_v2_1_7_xlconcat is either unconnected or has no load
INFO: [Synth 8-7129] Port In78[0] in module xlconcat_v2_1_7_xlconcat is either unconnected or has no load
INFO: [Synth 8-7129] Port In79[0] in module xlconcat_v2_1_7_xlconcat is either unconnected or has no load
INFO: [Synth 8-7129] Port In80[0] in module xlconcat_v2_1_7_xlconcat is either unconnected or has no load
INFO: [Synth 8-7129] Port In81[0] in module xlconcat_v2_1_7_xlconcat is either unconnected or has no load
INFO: [Synth 8-7129] Port In82[0] in module xlconcat_v2_1_7_xlconcat is either unconnected or has no load
INFO: [Synth 8-7129] Port In83[0] in module xlconcat_v2_1_7_xlconcat is either unconnected or has no load
INFO: [Synth 8-7129] Port In84[0] in module xlconcat_v2_1_7_xlconcat is either unconnected or has no load
INFO: [Synth 8-7129] Port In85[0] in module xlconcat_v2_1_7_xlconcat is either unconnected or has no load
INFO: [Synth 8-7129] Port In86[0] in module xlconcat_v2_1_7_xlconcat is either unconnected or has no load
INFO: [Synth 8-7129] Port In87[0] in module xlconcat_v2_1_7_xlconcat is either unconnected or has no load
INFO: [Synth 8-7129] Port In88[0] in module xlconcat_v2_1_7_xlconcat is either unconnected or has no load
INFO: [Synth 8-7129] Port In89[0] in module xlconcat_v2_1_7_xlconcat is either unconnected or has no load
INFO: [Synth 8-7129] Port In90[0] in module xlconcat_v2_1_7_xlconcat is either unconnected or has no load
INFO: [Synth 8-7129] Port In91[0] in module xlconcat_v2_1_7_xlconcat is either unconnected or has no load
INFO: [Synth 8-7129] Port In92[0] in module xlconcat_v2_1_7_xlconcat is either unconnected or has no load
INFO: [Synth 8-7129] Port In93[0] in module xlconcat_v2_1_7_xlconcat is either unconnected or has no load
INFO: [Synth 8-7129] Port In94[0] in module xlconcat_v2_1_7_xlconcat is either unconnected or has no load
INFO: [Synth 8-7129] Port In95[0] in module xlconcat_v2_1_7_xlconcat is either unconnected or has no load
INFO: [Synth 8-7129] Port In96[0] in module xlconcat_v2_1_7_xlconcat is either unconnected or has no load
INFO: [Synth 8-7129] Port In97[0] in module xlconcat_v2_1_7_xlconcat is either unconnected or has no load
INFO: [Synth 8-7129] Port In98[0] in module xlconcat_v2_1_7_xlconcat is either unconnected or has no load
INFO: [Synth 8-7129] Port In99[0] in module xlconcat_v2_1_7_xlconcat is either unconnected or has no load
INFO: [Synth 8-7129] Port In100[0] in module xlconcat_v2_1_7_xlconcat is either unconnected or has no load
INFO: [Synth 8-7129] Port In101[0] in module xlconcat_v2_1_7_xlconcat is either unconnected or has no load
INFO: [Synth 8-7129] Port In102[0] in module xlconcat_v2_1_7_xlconcat is either unconnected or has no load
INFO: [Synth 8-7129] Port In103[0] in module xlconcat_v2_1_7_xlconcat is either unconnected or has no load
INFO: [Common 17-14] Message 'Synth 8-7129' appears 100 times and further instances of the messages will be disabled. Use the Tcl command set_msg_config to change the current settings.
---------------------------------------------------------------------------------
Finished RTL Elaboration : Time (s): cpu = 00:00:06 ; elapsed = 00:00:07 . Memory (MB): peak = 2257.215 ; gain = 570.156 ; free physical = 11332 ; free virtual = 13365
---------------------------------------------------------------------------------
---------------------------------------------------------------------------------
Start Handling Custom Attributes
---------------------------------------------------------------------------------
---------------------------------------------------------------------------------
Finished Handling Custom Attributes : Time (s): cpu = 00:00:06 ; elapsed = 00:00:07 . Memory (MB): peak = 2277.090 ; gain = 590.031 ; free physical = 11347 ; free virtual = 13380
---------------------------------------------------------------------------------
---------------------------------------------------------------------------------
Finished RTL Optimization Phase 1 : Time (s): cpu = 00:00:06 ; elapsed = 00:00:07 . Memory (MB): peak = 2277.090 ; gain = 590.031 ; free physical = 11347 ; free virtual = 13380
---------------------------------------------------------------------------------
Netlist sorting complete. Time (s): cpu = 00:00:00 ; elapsed = 00:00:00.01 . Memory (MB): peak = 2277.090 ; gain = 0.000 ; free physical = 11347 ; free virtual = 13380
INFO: [Project 1-570] Preparing netlist for logic optimization

Processing XDC Constraints
Initializing timing engine
Parsing XDC File [/home/kasper-ubuntu/Documents/APPL_project_tetris/QLink_2020/QLink_2020.gen/sources_1/bd/com_side/bd/block_test_inst_0/ip/block_test_inst_0_Sindri_QLink_top_0_0/block_test_inst_0_Sindri_QLink_top_0_0/block_test_inst_0_Sindri_QLink_top_0_0_in_context.xdc] for cell 'U0/com_side_i/block_test_0/Sindri_QLink_top_0'
Finished Parsing XDC File [/home/kasper-ubuntu/Documents/APPL_project_tetris/QLink_2020/QLink_2020.gen/sources_1/bd/com_side/bd/block_test_inst_0/ip/block_test_inst_0_Sindri_QLink_top_0_0/block_test_inst_0_Sindri_QLink_top_0_0/block_test_inst_0_Sindri_QLink_top_0_0_in_context.xdc] for cell 'U0/com_side_i/block_test_0/Sindri_QLink_top_0'
Parsing XDC File [/home/kasper-ubuntu/Documents/APPL_project_tetris/QLink_2020/QLink_2020.gen/sources_1/bd/com_side/bd/block_test_inst_0/ip/block_test_inst_0_blk_mem_gen_0_0/block_test_inst_0_blk_mem_gen_0_0/top_level_blk_mem_gen_0_0_in_context.xdc] for cell 'U0/com_side_i/block_test_0/blk_mem_gen_0'
Finished Parsing XDC File [/home/kasper-ubuntu/Documents/APPL_project_tetris/QLink_2020/QLink_2020.gen/sources_1/bd/com_side/bd/block_test_inst_0/ip/block_test_inst_0_blk_mem_gen_0_0/block_test_inst_0_blk_mem_gen_0_0/top_level_blk_mem_gen_0_0_in_context.xdc] for cell 'U0/com_side_i/block_test_0/blk_mem_gen_0'
Parsing XDC File [/home/kasper-ubuntu/Documents/APPL_project_tetris/QLink_2020/QLink_2020.gen/sources_1/bd/com_side/ip/com_side_simple_button_fsm_0_0/com_side_simple_button_fsm_0_0/com_side_simple_button_fsm_0_0_in_context.xdc] for cell 'U0/com_side_i/simple_button_fsm_0'
Finished Parsing XDC File [/home/kasper-ubuntu/Documents/APPL_project_tetris/QLink_2020/QLink_2020.gen/sources_1/bd/com_side/ip/com_side_simple_button_fsm_0_0/com_side_simple_button_fsm_0_0/com_side_simple_button_fsm_0_0_in_context.xdc] for cell 'U0/com_side_i/simple_button_fsm_0'
Parsing XDC File [/home/kasper-ubuntu/Documents/APPL_project_tetris/QLink_2020/QLink_2020.gen/sources_1/bd/com_side/ip/com_side_simple_button_fsm_0_1/com_side_simple_button_fsm_0_1/com_side_simple_button_fsm_0_1_in_context.xdc] for cell 'U0/com_side_i/simple_button_fsm_1'
Finished Parsing XDC File [/home/kasper-ubuntu/Documents/APPL_project_tetris/QLink_2020/QLink_2020.gen/sources_1/bd/com_side/ip/com_side_simple_button_fsm_0_1/com_side_simple_button_fsm_0_1/com_side_simple_button_fsm_0_1_in_context.xdc] for cell 'U0/com_side_i/simple_button_fsm_1'
Parsing XDC File [/home/kasper-ubuntu/Documents/APPL_project_tetris/QLink_2020/QLink_2020.gen/sources_1/bd/com_side/ip/com_side_simple_button_fsm_0_2/com_side_simple_button_fsm_0_2/com_side_simple_button_fsm_0_2_in_context.xdc] for cell 'U0/com_side_i/simple_button_fsm_2'
Finished Parsing XDC File [/home/kasper-ubuntu/Documents/APPL_project_tetris/QLink_2020/QLink_2020.gen/sources_1/bd/com_side/ip/com_side_simple_button_fsm_0_2/com_side_simple_button_fsm_0_2/com_side_simple_button_fsm_0_2_in_context.xdc] for cell 'U0/com_side_i/simple_button_fsm_2'
Parsing XDC File [/home/kasper-ubuntu/Documents/APPL_project_tetris/QLink_2020/QLink_2020.gen/sources_1/bd/com_side/ip/com_side_simple_button_fsm_2_0/com_side_simple_button_fsm_2_0/com_side_simple_button_fsm_2_0_in_context.xdc] for cell 'U0/com_side_i/simple_button_fsm_3'
Finished Parsing XDC File [/home/kasper-ubuntu/Documents/APPL_project_tetris/QLink_2020/QLink_2020.gen/sources_1/bd/com_side/ip/com_side_simple_button_fsm_2_0/com_side_simple_button_fsm_2_0/com_side_simple_button_fsm_2_0_in_context.xdc] for cell 'U0/com_side_i/simple_button_fsm_3'
Parsing XDC File [/home/kasper-ubuntu/Documents/APPL_project_tetris/QLink_2020/QLink_2020.runs/main_top_com_side_wrapper_0_0_synth_1/dont_touch.xdc]
Finished Parsing XDC File [/home/kasper-ubuntu/Documents/APPL_project_tetris/QLink_2020/QLink_2020.runs/main_top_com_side_wrapper_0_0_synth_1/dont_touch.xdc]
Completed Processing XDC Constraints

Netlist sorting complete. Time (s): cpu = 00:00:00 ; elapsed = 00:00:00 . Memory (MB): peak = 2326.016 ; gain = 0.000 ; free physical = 11355 ; free virtual = 13388
INFO: [Project 1-111] Unisim Transformation Summary:
No Unisim elements were transformed.

Constraint Validation Runtime : Time (s): cpu = 00:00:00.01 ; elapsed = 00:00:00.01 . Memory (MB): peak = 2326.051 ; gain = 0.000 ; free physical = 11355 ; free virtual = 13388
INFO: [Designutils 20-5008] Incremental synthesis strategy off
---------------------------------------------------------------------------------
Finished Constraint Validation : Time (s): cpu = 00:00:12 ; elapsed = 00:00:13 . Memory (MB): peak = 2326.051 ; gain = 638.992 ; free physical = 11425 ; free virtual = 13458
---------------------------------------------------------------------------------
---------------------------------------------------------------------------------
Start Loading Part and Timing Information
---------------------------------------------------------------------------------
Loading part: xc7s15ftgb196-1
---------------------------------------------------------------------------------
Finished Loading Part and Timing Information : Time (s): cpu = 00:00:12 ; elapsed = 00:00:13 . Memory (MB): peak = 2334.020 ; gain = 646.961 ; free physical = 11425 ; free virtual = 13458
---------------------------------------------------------------------------------
---------------------------------------------------------------------------------
Start Applying 'set_property' XDC Constraints
---------------------------------------------------------------------------------
---------------------------------------------------------------------------------
Finished applying 'set_property' XDC Constraints : Time (s): cpu = 00:00:12 ; elapsed = 00:00:13 . Memory (MB): peak = 2334.020 ; gain = 646.961 ; free physical = 11425 ; free virtual = 13458
---------------------------------------------------------------------------------
---------------------------------------------------------------------------------
Finished RTL Optimization Phase 2 : Time (s): cpu = 00:00:13 ; elapsed = 00:00:13 . Memory (MB): peak = 2334.020 ; gain = 646.961 ; free physical = 11425 ; free virtual = 13459
---------------------------------------------------------------------------------
---------------------------------------------------------------------------------
Start RTL Component Statistics 
---------------------------------------------------------------------------------
Detailed RTL Component Info : 
---------------------------------------------------------------------------------
Finished RTL Component Statistics 
---------------------------------------------------------------------------------
---------------------------------------------------------------------------------
Start Part Resource Summary
---------------------------------------------------------------------------------
Part Resources:
DSPs: 20 (col length:20)
BRAMs: 20 (col length: RAMB18 20 RAMB36 10)
---------------------------------------------------------------------------------
Finished Part Resource Summary
---------------------------------------------------------------------------------
---------------------------------------------------------------------------------
Start Cross Boundary and Area Optimization
---------------------------------------------------------------------------------
---------------------------------------------------------------------------------
Finished Cross Boundary and Area Optimization : Time (s): cpu = 00:00:14 ; elapsed = 00:00:14 . Memory (MB): peak = 2334.020 ; gain = 646.961 ; free physical = 11421 ; free virtual = 13456
---------------------------------------------------------------------------------
---------------------------------------------------------------------------------
Start Applying XDC Timing Constraints
---------------------------------------------------------------------------------
---------------------------------------------------------------------------------
Finished Applying XDC Timing Constraints : Time (s): cpu = 00:00:18 ; elapsed = 00:00:19 . Memory (MB): peak = 2417.020 ; gain = 729.961 ; free physical = 11367 ; free virtual = 13401
---------------------------------------------------------------------------------
---------------------------------------------------------------------------------
Start Timing Optimization
---------------------------------------------------------------------------------
---------------------------------------------------------------------------------
Finished Timing Optimization : Time (s): cpu = 00:00:18 ; elapsed = 00:00:19 . Memory (MB): peak = 2417.020 ; gain = 729.961 ; free physical = 11367 ; free virtual = 13401
---------------------------------------------------------------------------------
---------------------------------------------------------------------------------
Start Technology Mapping
---------------------------------------------------------------------------------
---------------------------------------------------------------------------------
Finished Technology Mapping : Time (s): cpu = 00:00:18 ; elapsed = 00:00:19 . Memory (MB): peak = 2427.035 ; gain = 739.977 ; free physical = 11359 ; free virtual = 13393
---------------------------------------------------------------------------------
---------------------------------------------------------------------------------
Start IO Insertion
---------------------------------------------------------------------------------
---------------------------------------------------------------------------------
Start Flattening Before IO Insertion
---------------------------------------------------------------------------------
---------------------------------------------------------------------------------
Finished Flattening Before IO Insertion
---------------------------------------------------------------------------------
---------------------------------------------------------------------------------
Start Final Netlist Cleanup
---------------------------------------------------------------------------------
---------------------------------------------------------------------------------
Finished Final Netlist Cleanup
---------------------------------------------------------------------------------
---------------------------------------------------------------------------------
Finished IO Insertion : Time (s): cpu = 00:00:22 ; elapsed = 00:00:22 . Memory (MB): peak = 2612.848 ; gain = 925.789 ; free physical = 11205 ; free virtual = 13240
---------------------------------------------------------------------------------
---------------------------------------------------------------------------------
Start Renaming Generated Instances
---------------------------------------------------------------------------------
---------------------------------------------------------------------------------
Finished Renaming Generated Instances : Time (s): cpu = 00:00:22 ; elapsed = 00:00:22 . Memory (MB): peak = 2612.848 ; gain = 925.789 ; free physical = 11205 ; free virtual = 13240
---------------------------------------------------------------------------------
---------------------------------------------------------------------------------
Start Rebuilding User Hierarchy
---------------------------------------------------------------------------------
---------------------------------------------------------------------------------
Finished Rebuilding User Hierarchy : Time (s): cpu = 00:00:22 ; elapsed = 00:00:22 . Memory (MB): peak = 2612.848 ; gain = 925.789 ; free physical = 11205 ; free virtual = 13240
---------------------------------------------------------------------------------
---------------------------------------------------------------------------------
Start Renaming Generated Ports
---------------------------------------------------------------------------------
---------------------------------------------------------------------------------
Finished Renaming Generated Ports : Time (s): cpu = 00:00:22 ; elapsed = 00:00:22 . Memory (MB): peak = 2612.848 ; gain = 925.789 ; free physical = 11205 ; free virtual = 13240
---------------------------------------------------------------------------------
---------------------------------------------------------------------------------
Start Handling Custom Attributes
---------------------------------------------------------------------------------
---------------------------------------------------------------------------------
Finished Handling Custom Attributes : Time (s): cpu = 00:00:22 ; elapsed = 00:00:22 . Memory (MB): peak = 2612.848 ; gain = 925.789 ; free physical = 11205 ; free virtual = 13240
---------------------------------------------------------------------------------
---------------------------------------------------------------------------------
Start Renaming Generated Nets
---------------------------------------------------------------------------------
---------------------------------------------------------------------------------
Finished Renaming Generated Nets : Time (s): cpu = 00:00:22 ; elapsed = 00:00:22 . Memory (MB): peak = 2612.848 ; gain = 925.789 ; free physical = 11205 ; free virtual = 13240
---------------------------------------------------------------------------------
---------------------------------------------------------------------------------
Start Writing Synthesis Report
---------------------------------------------------------------------------------

Report BlackBoxes: 
+------+---------------------------------------+----------+
|      |BlackBox name                          |Instances |
+------+---------------------------------------+----------+
|1     |block_test_inst_0_Sindri_QLink_top_0_0 |         1|
|2     |block_test_inst_0_blk_mem_gen_0_0      |         1|
|3     |com_side_simple_button_fsm_0_0         |         1|
|4     |com_side_simple_button_fsm_0_1         |         1|
|5     |com_side_simple_button_fsm_0_2         |         1|
|6     |com_side_simple_button_fsm_2_0         |         1|
+------+---------------------------------------+----------+

Report Cell Usage: 
+------+--------------------------------------------+------+
|      |Cell                                        |Count |
+------+--------------------------------------------+------+
|1     |block_test_inst_0_Sindri_QLink_top_0_0_bbox |     1|
|2     |block_test_inst_0_blk_mem_gen_0_0_bbox      |     1|
|3     |com_side_simple_button_fsm_0_0_bbox         |     1|
|4     |com_side_simple_button_fsm_0_1_bbox         |     1|
|5     |com_side_simple_button_fsm_0_2_bbox         |     1|
|6     |com_side_simple_button_fsm_2_0_bbox         |     1|
+------+--------------------------------------------+------+
---------------------------------------------------------------------------------
Finished Writing Synthesis Report : Time (s): cpu = 00:00:22 ; elapsed = 00:00:22 . Memory (MB): peak = 2612.848 ; gain = 925.789 ; free physical = 11205 ; free virtual = 13240
---------------------------------------------------------------------------------
Synthesis finished with 0 errors, 0 critical warnings and 0 warnings.
Synthesis Optimization Runtime : Time (s): cpu = 00:00:21 ; elapsed = 00:00:21 . Memory (MB): peak = 2612.848 ; gain = 876.828 ; free physical = 11207 ; free virtual = 13242
Synthesis Optimization Complete : Time (s): cpu = 00:00:22 ; elapsed = 00:00:23 . Memory (MB): peak = 2612.855 ; gain = 925.789 ; free physical = 11207 ; free virtual = 13242
INFO: [Project 1-571] Translating synthesized netlist
Netlist sorting complete. Time (s): cpu = 00:00:00 ; elapsed = 00:00:00 . Memory (MB): peak = 2612.855 ; gain = 0.000 ; free physical = 11207 ; free virtual = 13242
INFO: [Project 1-570] Preparing netlist for logic optimization
INFO: [Opt 31-138] Pushed 0 inverter(s) to 0 load pin(s).
Netlist sorting complete. Time (s): cpu = 00:00:00 ; elapsed = 00:00:00 . Memory (MB): peak = 2612.855 ; gain = 0.000 ; free physical = 11219 ; free virtual = 13254
INFO: [Project 1-111] Unisim Transformation Summary:
No Unisim elements were transformed.

Synth Design complete | Checksum: b55367ae
INFO: [Common 17-83] Releasing license: Synthesis
162 Infos, 1 Warnings, 0 Critical Warnings and 0 Errors encountered.
synth_design completed successfully
synth_design: Time (s): cpu = 00:00:32 ; elapsed = 00:00:29 . Memory (MB): peak = 2612.883 ; gain = 965.105 ; free physical = 11219 ; free virtual = 13254
INFO: [Common 17-2834] synth_design peak Physical Memory [PSS] (MB): overall = 1968.003; main = 1849.672; forked = 296.494
INFO: [Common 17-2834] synth_design peak Virtual Memory [VSS] (MB): overall = 3495.957; main = 2612.852; forked = 994.918
INFO: [Coretcl 2-1174] Renamed 10 cell refs.
INFO: [Common 17-1381] The checkpoint '/home/kasper-ubuntu/Documents/APPL_project_tetris/QLink_2020/QLink_2020.runs/main_top_com_side_wrapper_0_0_synth_1/main_top_com_side_wrapper_0_0.dcp' has been generated.
INFO: [Vivado 12-24828] Executing command : report_utilization -file main_top_com_side_wrapper_0_0_utilization_synth.rpt -pb main_top_com_side_wrapper_0_0_utilization_synth.pb
INFO: [Common 17-206] Exiting Vivado at Mon May  4 11:33:49 2026...
