
*** Running vivado
    with args -log top_level_TMDS_encoder_0_1.vds -m64 -product Vivado -mode batch -messageDb vivado.pb -notrace -source top_level_TMDS_encoder_0_1.tcl


****** Vivado v2025.2 (64-bit)
  **** SW Build 6299465 on Fri Nov 14 12:34:56 MST 2025
  **** IP Build 6300035 on Fri Nov 14 10:48:45 MST 2025
  **** SharedData Build 6298862 on Thu Nov 13 04:50:51 MST 2025
  **** Start of session at: Mon May  4 11:49:49 2026
    ** Copyright 1986-2022 Xilinx, Inc. All Rights Reserved.
    ** Copyright 2022-2025 Advanced Micro Devices, Inc. All Rights Reserved.

source top_level_TMDS_encoder_0_1.tcl -notrace
create_project: Time (s): cpu = 00:00:14 ; elapsed = 00:00:09 . Memory (MB): peak = 1557.746 ; gain = 74.055 ; free physical = 9714 ; free virtual = 12022
INFO: [IP_Flow 19-234] Refreshing IP repositories
INFO: [IP_Flow 19-1700] Loaded user IP repository '/home/kasper-ubuntu/Documents/APPL_project_tetris/IPs'.
INFO: [IP_Flow 19-2313] Loaded Vivado IP repository '/home/kasper-ubuntu/Vivado/2025.2/data/ip'.
Command: synth_design -top top_level_TMDS_encoder_0_1 -part xc7s15ftgb196-1 -incremental_mode off -mode out_of_context
Starting synth_design
Attempting to get a license for feature 'Synthesis' and/or device 'xc7s15'
INFO: [Common 17-349] Got license for feature 'Synthesis' and/or device 'xc7s15'
INFO: [Device 21-403] Loading part xc7s15ftgb196-1
INFO: [Synth 8-7079] Multithreading enabled for synth_design using a maximum of 7 processes.
INFO: [Synth 8-7078] Launching helper process for spawning children vivado processes
INFO: [Synth 8-7075] Helper process launched with PID 31104
---------------------------------------------------------------------------------
Starting RTL Elaboration : Time (s): cpu = 00:00:09 ; elapsed = 00:00:17 . Memory (MB): peak = 2164.012 ; gain = 484.156 ; free physical = 5667 ; free virtual = 7975
---------------------------------------------------------------------------------
INFO: [Synth 8-638] synthesizing module 'top_level_TMDS_encoder_0_1' [/home/kasper-ubuntu/Documents/APPL_project_tetris/frame_gen/frame_gen.gen/sources_1/bd/top_level/ip/top_level_TMDS_encoder_0_1/synth/top_level_TMDS_encoder_0_1.vhd:66]
INFO: [Synth 8-3491] module 'TMDS_encoder' declared at '/home/kasper-ubuntu/Documents/APPL_project_tetris/frame_gen/frame_gen.srcs/sources_1/new/TMDS_encoder.vhd:35' bound to instance 'U0' of component 'TMDS_encoder' [/home/kasper-ubuntu/Documents/APPL_project_tetris/frame_gen/frame_gen.gen/sources_1/bd/top_level/ip/top_level_TMDS_encoder_0_1/synth/top_level_TMDS_encoder_0_1.vhd:93]
INFO: [Synth 8-638] synthesizing module 'TMDS_encoder' [/home/kasper-ubuntu/Documents/APPL_project_tetris/frame_gen/frame_gen.srcs/sources_1/new/TMDS_encoder.vhd:43]
INFO: [Synth 8-256] done synthesizing module 'TMDS_encoder' (0#1) [/home/kasper-ubuntu/Documents/APPL_project_tetris/frame_gen/frame_gen.srcs/sources_1/new/TMDS_encoder.vhd:43]
INFO: [Synth 8-256] done synthesizing module 'top_level_TMDS_encoder_0_1' (0#1) [/home/kasper-ubuntu/Documents/APPL_project_tetris/frame_gen/frame_gen.gen/sources_1/bd/top_level/ip/top_level_TMDS_encoder_0_1/synth/top_level_TMDS_encoder_0_1.vhd:66]
---------------------------------------------------------------------------------
Finished RTL Elaboration : Time (s): cpu = 00:00:12 ; elapsed = 00:00:21 . Memory (MB): peak = 2251.980 ; gain = 572.125 ; free physical = 5181 ; free virtual = 7492
---------------------------------------------------------------------------------
---------------------------------------------------------------------------------
Start Handling Custom Attributes
---------------------------------------------------------------------------------
---------------------------------------------------------------------------------
Finished Handling Custom Attributes : Time (s): cpu = 00:00:12 ; elapsed = 00:00:21 . Memory (MB): peak = 2263.855 ; gain = 584.000 ; free physical = 5170 ; free virtual = 7480
---------------------------------------------------------------------------------
---------------------------------------------------------------------------------
Finished RTL Optimization Phase 1 : Time (s): cpu = 00:00:12 ; elapsed = 00:00:21 . Memory (MB): peak = 2263.855 ; gain = 584.000 ; free physical = 5170 ; free virtual = 7480
---------------------------------------------------------------------------------
Netlist sorting complete. Time (s): cpu = 00:00:00 ; elapsed = 00:00:00 . Memory (MB): peak = 2263.855 ; gain = 0.000 ; free physical = 5170 ; free virtual = 7480
INFO: [Project 1-570] Preparing netlist for logic optimization

Processing XDC Constraints
Initializing timing engine
Completed Processing XDC Constraints

Netlist sorting complete. Time (s): cpu = 00:00:00 ; elapsed = 00:00:00 . Memory (MB): peak = 2375.594 ; gain = 0.000 ; free physical = 4881 ; free virtual = 7191
INFO: [Project 1-111] Unisim Transformation Summary:
No Unisim elements were transformed.

Constraint Validation Runtime : Time (s): cpu = 00:00:00.02 ; elapsed = 00:00:00.03 . Memory (MB): peak = 2375.629 ; gain = 0.000 ; free physical = 4879 ; free virtual = 7189
INFO: [Designutils 20-5008] Incremental synthesis strategy off
---------------------------------------------------------------------------------
Finished Constraint Validation : Time (s): cpu = 00:00:25 ; elapsed = 00:00:38 . Memory (MB): peak = 2375.629 ; gain = 695.773 ; free physical = 4255 ; free virtual = 6569
---------------------------------------------------------------------------------
---------------------------------------------------------------------------------
Start Loading Part and Timing Information
---------------------------------------------------------------------------------
Loading part: xc7s15ftgb196-1
---------------------------------------------------------------------------------
Finished Loading Part and Timing Information : Time (s): cpu = 00:00:25 ; elapsed = 00:00:38 . Memory (MB): peak = 2383.598 ; gain = 703.742 ; free physical = 4255 ; free virtual = 6569
---------------------------------------------------------------------------------
---------------------------------------------------------------------------------
Start Applying 'set_property' XDC Constraints
---------------------------------------------------------------------------------
---------------------------------------------------------------------------------
Finished applying 'set_property' XDC Constraints : Time (s): cpu = 00:00:25 ; elapsed = 00:00:38 . Memory (MB): peak = 2383.598 ; gain = 703.742 ; free physical = 4255 ; free virtual = 6569
---------------------------------------------------------------------------------
---------------------------------------------------------------------------------
Finished RTL Optimization Phase 2 : Time (s): cpu = 00:00:26 ; elapsed = 00:00:39 . Memory (MB): peak = 2383.598 ; gain = 703.742 ; free physical = 4255 ; free virtual = 6572
---------------------------------------------------------------------------------
No constraint files found.
---------------------------------------------------------------------------------
Start RTL Component Statistics 
---------------------------------------------------------------------------------
Detailed RTL Component Info : 
+---Adders : 
	   8 Input    4 Bit       Adders := 1     
	   9 Input    4 Bit       Adders := 1     
	  11 Input    4 Bit       Adders := 1     
	   4 Input    4 Bit       Adders := 1     
	  10 Input    4 Bit       Adders := 1     
+---XORs : 
	   2 Input      1 Bit         XORs := 14    
+---Registers : 
	               10 Bit    Registers := 1     
	                4 Bit    Registers := 1     
+---Muxes : 
	   5 Input   10 Bit        Muxes := 2     
	   4 Input   10 Bit        Muxes := 1     
	   2 Input   10 Bit        Muxes := 3     
	   2 Input    9 Bit        Muxes := 2     
	   2 Input    4 Bit        Muxes := 3     
	   2 Input    1 Bit        Muxes := 1     
---------------------------------------------------------------------------------
Finished RTL Component Statistics 
---------------------------------------------------------------------------------
---------------------------------------------------------------------------------
Start Part Resource Summary
---------------------------------------------------------------------------------
Part Resources:
DSPs: 20 (col length:20)
BRAMs: 20 (col length: RAMB18 20 RAMB36 10)
---------------------------------------------------------------------------------
Finished Part Resource Summary
---------------------------------------------------------------------------------
No constraint files found.
---------------------------------------------------------------------------------
Start Cross Boundary and Area Optimization
---------------------------------------------------------------------------------
---------------------------------------------------------------------------------
Finished Cross Boundary and Area Optimization : Time (s): cpu = 00:00:31 ; elapsed = 00:00:45 . Memory (MB): peak = 2383.598 ; gain = 703.742 ; free physical = 4254 ; free virtual = 6572
---------------------------------------------------------------------------------
No constraint files found.
---------------------------------------------------------------------------------
Start Timing Optimization
---------------------------------------------------------------------------------
---------------------------------------------------------------------------------
Finished Timing Optimization : Time (s): cpu = 00:00:31 ; elapsed = 00:00:45 . Memory (MB): peak = 2383.598 ; gain = 703.742 ; free physical = 4253 ; free virtual = 6571
---------------------------------------------------------------------------------
---------------------------------------------------------------------------------
Start Technology Mapping
---------------------------------------------------------------------------------
---------------------------------------------------------------------------------
Finished Technology Mapping : Time (s): cpu = 00:00:31 ; elapsed = 00:00:45 . Memory (MB): peak = 2383.598 ; gain = 703.742 ; free physical = 4251 ; free virtual = 6568
---------------------------------------------------------------------------------
---------------------------------------------------------------------------------
Start IO Insertion
---------------------------------------------------------------------------------
---------------------------------------------------------------------------------
Start Flattening Before IO Insertion
---------------------------------------------------------------------------------
---------------------------------------------------------------------------------
Finished Flattening Before IO Insertion
---------------------------------------------------------------------------------
---------------------------------------------------------------------------------
Start Final Netlist Cleanup
---------------------------------------------------------------------------------
---------------------------------------------------------------------------------
Finished Final Netlist Cleanup
---------------------------------------------------------------------------------
---------------------------------------------------------------------------------
Finished IO Insertion : Time (s): cpu = 00:00:38 ; elapsed = 00:00:54 . Memory (MB): peak = 2477.410 ; gain = 797.555 ; free physical = 3989 ; free virtual = 6306
---------------------------------------------------------------------------------
---------------------------------------------------------------------------------
Start Renaming Generated Instances
---------------------------------------------------------------------------------
---------------------------------------------------------------------------------
Finished Renaming Generated Instances : Time (s): cpu = 00:00:38 ; elapsed = 00:00:54 . Memory (MB): peak = 2477.410 ; gain = 797.555 ; free physical = 3988 ; free virtual = 6306
---------------------------------------------------------------------------------
---------------------------------------------------------------------------------
Start Rebuilding User Hierarchy
---------------------------------------------------------------------------------
---------------------------------------------------------------------------------
Finished Rebuilding User Hierarchy : Time (s): cpu = 00:00:38 ; elapsed = 00:00:54 . Memory (MB): peak = 2477.410 ; gain = 797.555 ; free physical = 3987 ; free virtual = 6305
---------------------------------------------------------------------------------
---------------------------------------------------------------------------------
Start Renaming Generated Ports
---------------------------------------------------------------------------------
---------------------------------------------------------------------------------
Finished Renaming Generated Ports : Time (s): cpu = 00:00:38 ; elapsed = 00:00:54 . Memory (MB): peak = 2477.410 ; gain = 797.555 ; free physical = 3987 ; free virtual = 6305
---------------------------------------------------------------------------------
---------------------------------------------------------------------------------
Start Handling Custom Attributes
---------------------------------------------------------------------------------
---------------------------------------------------------------------------------
Finished Handling Custom Attributes : Time (s): cpu = 00:00:38 ; elapsed = 00:00:54 . Memory (MB): peak = 2477.410 ; gain = 797.555 ; free physical = 3986 ; free virtual = 6304
---------------------------------------------------------------------------------
---------------------------------------------------------------------------------
Start Renaming Generated Nets
---------------------------------------------------------------------------------
---------------------------------------------------------------------------------
Finished Renaming Generated Nets : Time (s): cpu = 00:00:38 ; elapsed = 00:00:54 . Memory (MB): peak = 2477.410 ; gain = 797.555 ; free physical = 3986 ; free virtual = 6304
---------------------------------------------------------------------------------
---------------------------------------------------------------------------------
Start Writing Synthesis Report
---------------------------------------------------------------------------------

Report BlackBoxes: 
+-+--------------+----------+
| |BlackBox name |Instances |
+-+--------------+----------+
+-+--------------+----------+

Report Cell Usage: 
+------+------+------+
|      |Cell  |Count |
+------+------+------+
|1     |LUT2  |     6|
|2     |LUT3  |    12|
|3     |LUT4  |     7|
|4     |LUT5  |    13|
|5     |LUT6  |    44|
|6     |MUXF7 |     3|
|7     |FDRE  |    14|
+------+------+------+
---------------------------------------------------------------------------------
Finished Writing Synthesis Report : Time (s): cpu = 00:00:38 ; elapsed = 00:00:54 . Memory (MB): peak = 2477.410 ; gain = 797.555 ; free physical = 3984 ; free virtual = 6302
---------------------------------------------------------------------------------
Synthesis finished with 0 errors, 0 critical warnings and 0 warnings.
Synthesis Optimization Runtime : Time (s): cpu = 00:00:35 ; elapsed = 00:00:50 . Memory (MB): peak = 2477.410 ; gain = 685.781 ; free physical = 3982 ; free virtual = 6300
Synthesis Optimization Complete : Time (s): cpu = 00:00:38 ; elapsed = 00:00:54 . Memory (MB): peak = 2477.418 ; gain = 797.555 ; free physical = 3982 ; free virtual = 6300
INFO: [Project 1-571] Translating synthesized netlist
Netlist sorting complete. Time (s): cpu = 00:00:00 ; elapsed = 00:00:00.01 . Memory (MB): peak = 2493.254 ; gain = 0.000 ; free physical = 3932 ; free virtual = 6250
INFO: [Netlist 29-17] Analyzing 3 Unisim elements for replacement
INFO: [Netlist 29-28] Unisim Transformation completed in 0 CPU seconds
INFO: [Project 1-570] Preparing netlist for logic optimization
INFO: [Opt 31-138] Pushed 0 inverter(s) to 0 load pin(s).
Netlist sorting complete. Time (s): cpu = 00:00:00 ; elapsed = 00:00:00 . Memory (MB): peak = 2620.930 ; gain = 0.000 ; free physical = 6582 ; free virtual = 8898
INFO: [Project 1-111] Unisim Transformation Summary:
No Unisim elements were transformed.

Synth Design complete | Checksum: 9c665b88
INFO: [Common 17-83] Releasing license: Synthesis
23 Infos, 0 Warnings, 0 Critical Warnings and 0 Errors encountered.
synth_design completed successfully
synth_design: Time (s): cpu = 00:00:51 ; elapsed = 00:01:06 . Memory (MB): peak = 2620.965 ; gain = 1063.219 ; free physical = 6606 ; free virtual = 8922
INFO: [Common 17-2834] synth_design peak Physical Memory [PSS] (MB): overall = 1524.220; main = 1523.558; forked = 235.182
INFO: [Common 17-2834] synth_design peak Virtual Memory [VSS] (MB): overall = 3391.520; main = 2620.934; forked = 1029.453
Write ShapeDB Complete: Time (s): cpu = 00:00:00 ; elapsed = 00:00:00 . Memory (MB): peak = 2644.941 ; gain = 0.000 ; free physical = 6602 ; free virtual = 8918
INFO: [Common 17-1381] The checkpoint '/home/kasper-ubuntu/Documents/APPL_project_tetris/QLink_2020/QLink_2020.runs/top_level_TMDS_encoder_0_1_synth_1/top_level_TMDS_encoder_0_1.dcp' has been generated.
INFO: [Vivado 12-24828] Executing command : report_utilization -file top_level_TMDS_encoder_0_1_utilization_synth.rpt -pb top_level_TMDS_encoder_0_1_utilization_synth.pb
INFO: [Common 17-206] Exiting Vivado at Mon May  4 11:51:19 2026...
