
*** Running vivado
    with args -log button_LED_wrapper.vds -m64 -product Vivado -mode batch -messageDb vivado.pb -notrace -source button_LED_wrapper.tcl


****** Vivado v2025.2 (64-bit)
  **** SW Build 6299465 on Fri Nov 14 12:34:56 MST 2025
  **** IP Build 6300035 on Fri Nov 14 10:48:45 MST 2025
  **** SharedData Build 6298862 on Thu Nov 13 04:50:51 MST 2025
  **** Start of session at: Sun Feb 22 11:11:13 2026
    ** Copyright 1986-2022 Xilinx, Inc. All Rights Reserved.
    ** Copyright 2022-2025 Advanced Micro Devices, Inc. All Rights Reserved.

source button_LED_wrapper.tcl -notrace
INFO: [IP_Flow 19-234] Refreshing IP repositories
INFO: [IP_Flow 19-1704] No user IP repositories specified
INFO: [IP_Flow 19-2313] Loaded Vivado IP repository '/home/kasper-ubuntu/Vivado/2025.2/data/ip'.
INFO: [Project 1-5698] Found the below utility IPs instantiated in block design /home/kasper-ubuntu/Documents/AAPL_project/vhdl/pl_side/pl_side.srcs/sources_1/bd/button_LED/button_LED.bd which have equivalent inline hdl with improved performance and reduced diskspace.
It is recommended to migrate these utility IPs to inline hdl  using the command upgrade_project -migrate_to_inline_hdl.  The utility IPs may be deprecated in future releases.
More information on inline hdl is available in UG994.
Utility IP Component Instances:
 button_LED_xlconstant_0_0
Command: read_checkpoint -auto_incremental -incremental /home/kasper-ubuntu/Documents/AAPL_project/vhdl/pl_side/pl_side.srcs/utils_1/imports/synth_1/button_LED_wrapper.dcp
INFO: [Vivado 12-5825] Read reference checkpoint from /home/kasper-ubuntu/Documents/AAPL_project/vhdl/pl_side/pl_side.srcs/utils_1/imports/synth_1/button_LED_wrapper.dcp for incremental synthesis
INFO: [Vivado 12-7989] Please ensure there are no constraint changes
Command: synth_design -top button_LED_wrapper -part xc7s15ftgb196-1
Starting synth_design
Attempting to get a license for feature 'Synthesis' and/or device 'xc7s15'
INFO: [Common 17-349] Got license for feature 'Synthesis' and/or device 'xc7s15'
INFO: [Device 21-403] Loading part xc7s15ftgb196-1
INFO: [Designutils 20-5440] No compile time benefit to using incremental synthesis; A full resynthesis will be run
INFO: [Designutils 20-4379] Flow is switching to default flow due to incremental criteria not met. If you would like to alter this behaviour and have the flow terminate instead, please set the following parameter config_implementation {autoIncr.Synth.RejectBehavior Terminate}
INFO: [Synth 8-7079] Multithreading enabled for synth_design using a maximum of 7 processes.
INFO: [Synth 8-7078] Launching helper process for spawning children vivado processes
INFO: [Synth 8-7075] Helper process launched with PID 5054
---------------------------------------------------------------------------------
Starting RTL Elaboration : Time (s): cpu = 00:00:04 ; elapsed = 00:00:04 . Memory (MB): peak = 2166.012 ; gain = 483.188 ; free physical = 9139 ; free virtual = 14099
---------------------------------------------------------------------------------
INFO: [Synth 8-6157] synthesizing module 'button_LED_wrapper' [/home/kasper-ubuntu/Documents/AAPL_project/vhdl/pl_side/pl_side.gen/sources_1/bd/button_LED/hdl/button_LED_wrapper.v:13]
INFO: [Synth 8-6157] synthesizing module 'button_LED' [/home/kasper-ubuntu/Documents/AAPL_project/vhdl/pl_side/pl_side.gen/sources_1/bd/button_LED/synth/button_LED.v:13]
INFO: [Synth 8-6157] synthesizing module 'button_LED_xlconstant_0_0' [/home/kasper-ubuntu/Documents/AAPL_project/vhdl/pl_side/pl_side.gen/sources_1/bd/button_LED/ip/button_LED_xlconstant_0_0/synth/button_LED_xlconstant_0_0.v:53]
INFO: [Synth 8-6157] synthesizing module 'xlconstant_v1_1_10_xlconstant' [/home/kasper-ubuntu/Documents/AAPL_project/vhdl/pl_side/pl_side.gen/sources_1/bd/button_LED/ipshared/a165/hdl/xlconstant_v1_1_vl_rfs.v:68]
INFO: [Synth 8-6155] done synthesizing module 'xlconstant_v1_1_10_xlconstant' (0#1) [/home/kasper-ubuntu/Documents/AAPL_project/vhdl/pl_side/pl_side.gen/sources_1/bd/button_LED/ipshared/a165/hdl/xlconstant_v1_1_vl_rfs.v:68]
INFO: [Synth 8-6155] done synthesizing module 'button_LED_xlconstant_0_0' (0#1) [/home/kasper-ubuntu/Documents/AAPL_project/vhdl/pl_side/pl_side.gen/sources_1/bd/button_LED/ip/button_LED_xlconstant_0_0/synth/button_LED_xlconstant_0_0.v:53]
INFO: [Synth 8-6157] synthesizing module 'button_LED_simple_button_fsm_0_0' [/home/kasper-ubuntu/Documents/AAPL_project/vhdl/pl_side/pl_side.runs/synth_1/.Xil/Vivado-5011-kasper-ubuntu-pc/realtime/button_LED_simple_button_fsm_0_0_stub.v:6]
INFO: [Synth 8-6155] done synthesizing module 'button_LED_simple_button_fsm_0_0' (0#1) [/home/kasper-ubuntu/Documents/AAPL_project/vhdl/pl_side/pl_side.runs/synth_1/.Xil/Vivado-5011-kasper-ubuntu-pc/realtime/button_LED_simple_button_fsm_0_0_stub.v:6]
WARNING: [Synth 8-7071] port 'button_out' of module 'button_LED_simple_button_fsm_0_0' is unconnected for instance 'simple_button_fsm_0' [/home/kasper-ubuntu/Documents/AAPL_project/vhdl/pl_side/pl_side.gen/sources_1/bd/button_LED/synth/button_LED.v:50]
WARNING: [Synth 8-7023] instance 'simple_button_fsm_0' of module 'button_LED_simple_button_fsm_0_0' has 6 connections declared, but only 5 given [/home/kasper-ubuntu/Documents/AAPL_project/vhdl/pl_side/pl_side.gen/sources_1/bd/button_LED/synth/button_LED.v:50]
INFO: [Synth 8-6157] synthesizing module 'button_LED_simple_button_fsm_0_1' [/home/kasper-ubuntu/Documents/AAPL_project/vhdl/pl_side/pl_side.runs/synth_1/.Xil/Vivado-5011-kasper-ubuntu-pc/realtime/button_LED_simple_button_fsm_0_1_stub.v:6]
INFO: [Synth 8-6155] done synthesizing module 'button_LED_simple_button_fsm_0_1' (0#1) [/home/kasper-ubuntu/Documents/AAPL_project/vhdl/pl_side/pl_side.runs/synth_1/.Xil/Vivado-5011-kasper-ubuntu-pc/realtime/button_LED_simple_button_fsm_0_1_stub.v:6]
WARNING: [Synth 8-7071] port 'button_out' of module 'button_LED_simple_button_fsm_0_1' is unconnected for instance 'simple_button_fsm_1' [/home/kasper-ubuntu/Documents/AAPL_project/vhdl/pl_side/pl_side.gen/sources_1/bd/button_LED/synth/button_LED.v:56]
WARNING: [Synth 8-7023] instance 'simple_button_fsm_1' of module 'button_LED_simple_button_fsm_0_1' has 6 connections declared, but only 5 given [/home/kasper-ubuntu/Documents/AAPL_project/vhdl/pl_side/pl_side.gen/sources_1/bd/button_LED/synth/button_LED.v:56]
INFO: [Synth 8-6157] synthesizing module 'button_LED_simple_button_fsm_1_0' [/home/kasper-ubuntu/Documents/AAPL_project/vhdl/pl_side/pl_side.runs/synth_1/.Xil/Vivado-5011-kasper-ubuntu-pc/realtime/button_LED_simple_button_fsm_1_0_stub.v:6]
INFO: [Synth 8-6155] done synthesizing module 'button_LED_simple_button_fsm_1_0' (0#1) [/home/kasper-ubuntu/Documents/AAPL_project/vhdl/pl_side/pl_side.runs/synth_1/.Xil/Vivado-5011-kasper-ubuntu-pc/realtime/button_LED_simple_button_fsm_1_0_stub.v:6]
WARNING: [Synth 8-7071] port 'button_out' of module 'button_LED_simple_button_fsm_1_0' is unconnected for instance 'simple_button_fsm_2' [/home/kasper-ubuntu/Documents/AAPL_project/vhdl/pl_side/pl_side.gen/sources_1/bd/button_LED/synth/button_LED.v:62]
WARNING: [Synth 8-7023] instance 'simple_button_fsm_2' of module 'button_LED_simple_button_fsm_1_0' has 6 connections declared, but only 5 given [/home/kasper-ubuntu/Documents/AAPL_project/vhdl/pl_side/pl_side.gen/sources_1/bd/button_LED/synth/button_LED.v:62]
INFO: [Synth 8-6155] done synthesizing module 'button_LED' (0#1) [/home/kasper-ubuntu/Documents/AAPL_project/vhdl/pl_side/pl_side.gen/sources_1/bd/button_LED/synth/button_LED.v:13]
INFO: [Synth 8-6155] done synthesizing module 'button_LED_wrapper' (0#1) [/home/kasper-ubuntu/Documents/AAPL_project/vhdl/pl_side/pl_side.gen/sources_1/bd/button_LED/hdl/button_LED_wrapper.v:13]
---------------------------------------------------------------------------------
Finished RTL Elaboration : Time (s): cpu = 00:00:05 ; elapsed = 00:00:05 . Memory (MB): peak = 2250.980 ; gain = 568.156 ; free physical = 9053 ; free virtual = 14016
---------------------------------------------------------------------------------
---------------------------------------------------------------------------------
Start Handling Custom Attributes
---------------------------------------------------------------------------------
---------------------------------------------------------------------------------
Finished Handling Custom Attributes : Time (s): cpu = 00:00:05 ; elapsed = 00:00:05 . Memory (MB): peak = 2262.855 ; gain = 580.031 ; free physical = 9052 ; free virtual = 14014
---------------------------------------------------------------------------------
---------------------------------------------------------------------------------
Finished RTL Optimization Phase 1 : Time (s): cpu = 00:00:05 ; elapsed = 00:00:05 . Memory (MB): peak = 2262.855 ; gain = 580.031 ; free physical = 9052 ; free virtual = 14014
---------------------------------------------------------------------------------
Netlist sorting complete. Time (s): cpu = 00:00:00 ; elapsed = 00:00:00 . Memory (MB): peak = 2262.855 ; gain = 0.000 ; free physical = 9052 ; free virtual = 14014
INFO: [Project 1-570] Preparing netlist for logic optimization

Processing XDC Constraints
Initializing timing engine
Parsing XDC File [/home/kasper-ubuntu/Documents/AAPL_project/vhdl/pl_side/pl_side.gen/sources_1/bd/button_LED/ip/button_LED_simple_button_fsm_0_0/button_LED_simple_button_fsm_0_0/button_LED_simple_button_fsm_0_0_in_context.xdc] for cell 'button_LED_i/simple_button_fsm_0'
Finished Parsing XDC File [/home/kasper-ubuntu/Documents/AAPL_project/vhdl/pl_side/pl_side.gen/sources_1/bd/button_LED/ip/button_LED_simple_button_fsm_0_0/button_LED_simple_button_fsm_0_0/button_LED_simple_button_fsm_0_0_in_context.xdc] for cell 'button_LED_i/simple_button_fsm_0'
Parsing XDC File [/home/kasper-ubuntu/Documents/AAPL_project/vhdl/pl_side/pl_side.gen/sources_1/bd/button_LED/ip/button_LED_simple_button_fsm_0_1/button_LED_simple_button_fsm_0_1/button_LED_simple_button_fsm_0_1_in_context.xdc] for cell 'button_LED_i/simple_button_fsm_1'
Finished Parsing XDC File [/home/kasper-ubuntu/Documents/AAPL_project/vhdl/pl_side/pl_side.gen/sources_1/bd/button_LED/ip/button_LED_simple_button_fsm_0_1/button_LED_simple_button_fsm_0_1/button_LED_simple_button_fsm_0_1_in_context.xdc] for cell 'button_LED_i/simple_button_fsm_1'
Parsing XDC File [/home/kasper-ubuntu/Documents/AAPL_project/vhdl/pl_side/pl_side.gen/sources_1/bd/button_LED/ip/button_LED_simple_button_fsm_1_0/button_LED_simple_button_fsm_1_0/button_LED_simple_button_fsm_1_0_in_context.xdc] for cell 'button_LED_i/simple_button_fsm_2'
Finished Parsing XDC File [/home/kasper-ubuntu/Documents/AAPL_project/vhdl/pl_side/pl_side.gen/sources_1/bd/button_LED/ip/button_LED_simple_button_fsm_1_0/button_LED_simple_button_fsm_1_0/button_LED_simple_button_fsm_1_0_in_context.xdc] for cell 'button_LED_i/simple_button_fsm_2'
Parsing XDC File [/home/kasper-ubuntu/Documents/AAPL_project/vhdl/sindri_constraints.xdc]
WARNING: [Vivado 12-584] No ports matched 'nBUTTON_I'. [/home/kasper-ubuntu/Documents/AAPL_project/vhdl/sindri_constraints.xdc:35]
WARNING: [Vivado 12-584] No ports matched 'nBUTTON_I'. [/home/kasper-ubuntu/Documents/AAPL_project/vhdl/sindri_constraints.xdc:36]
WARNING: [Vivado 12-584] No ports matched 'LED_O[0]'. [/home/kasper-ubuntu/Documents/AAPL_project/vhdl/sindri_constraints.xdc:39]
WARNING: [Vivado 12-584] No ports matched 'LED_O[0]'. [/home/kasper-ubuntu/Documents/AAPL_project/vhdl/sindri_constraints.xdc:40]
WARNING: [Vivado 12-584] No ports matched 'LED_O[1]'. [/home/kasper-ubuntu/Documents/AAPL_project/vhdl/sindri_constraints.xdc:41]
WARNING: [Vivado 12-584] No ports matched 'LED_O[1]'. [/home/kasper-ubuntu/Documents/AAPL_project/vhdl/sindri_constraints.xdc:42]
WARNING: [Vivado 12-584] No ports matched 'LED_O[2]'. [/home/kasper-ubuntu/Documents/AAPL_project/vhdl/sindri_constraints.xdc:43]
WARNING: [Vivado 12-584] No ports matched 'LED_O[2]'. [/home/kasper-ubuntu/Documents/AAPL_project/vhdl/sindri_constraints.xdc:44]
WARNING: [Vivado 12-584] No ports matched 'LED_O[3]'. [/home/kasper-ubuntu/Documents/AAPL_project/vhdl/sindri_constraints.xdc:45]
WARNING: [Vivado 12-584] No ports matched 'LED_O[3]'. [/home/kasper-ubuntu/Documents/AAPL_project/vhdl/sindri_constraints.xdc:46]
WARNING: [Vivado 12-584] No ports matched 'RX_I'. [/home/kasper-ubuntu/Documents/AAPL_project/vhdl/sindri_constraints.xdc:49]
WARNING: [Vivado 12-584] No ports matched 'RX_I'. [/home/kasper-ubuntu/Documents/AAPL_project/vhdl/sindri_constraints.xdc:50]
WARNING: [Vivado 12-584] No ports matched 'TX_O'. [/home/kasper-ubuntu/Documents/AAPL_project/vhdl/sindri_constraints.xdc:51]
WARNING: [Vivado 12-584] No ports matched 'TX_O'. [/home/kasper-ubuntu/Documents/AAPL_project/vhdl/sindri_constraints.xdc:52]
WARNING: [Vivado 12-584] No ports matched 'BB_07'. [/home/kasper-ubuntu/Documents/AAPL_project/vhdl/sindri_constraints.xdc:81]
WARNING: [Vivado 12-584] No ports matched 'BB_07'. [/home/kasper-ubuntu/Documents/AAPL_project/vhdl/sindri_constraints.xdc:82]
WARNING: [Vivado 12-584] No ports matched 'BB_08'. [/home/kasper-ubuntu/Documents/AAPL_project/vhdl/sindri_constraints.xdc:85]
WARNING: [Vivado 12-584] No ports matched 'BB_08'. [/home/kasper-ubuntu/Documents/AAPL_project/vhdl/sindri_constraints.xdc:86]
WARNING: [Vivado 12-584] No ports matched 'BB_11'. [/home/kasper-ubuntu/Documents/AAPL_project/vhdl/sindri_constraints.xdc:97]
WARNING: [Vivado 12-584] No ports matched 'BB_11'. [/home/kasper-ubuntu/Documents/AAPL_project/vhdl/sindri_constraints.xdc:98]
WARNING: [Vivado 12-584] No ports matched 'BB_14'. [/home/kasper-ubuntu/Documents/AAPL_project/vhdl/sindri_constraints.xdc:109]
WARNING: [Vivado 12-584] No ports matched 'BB_14'. [/home/kasper-ubuntu/Documents/AAPL_project/vhdl/sindri_constraints.xdc:110]
WARNING: [Vivado 12-584] No ports matched 'BB_15'. [/home/kasper-ubuntu/Documents/AAPL_project/vhdl/sindri_constraints.xdc:113]
WARNING: [Vivado 12-584] No ports matched 'BB_15'. [/home/kasper-ubuntu/Documents/AAPL_project/vhdl/sindri_constraints.xdc:114]
WARNING: [Vivado 12-584] No ports matched 'BB_16'. [/home/kasper-ubuntu/Documents/AAPL_project/vhdl/sindri_constraints.xdc:117]
WARNING: [Vivado 12-584] No ports matched 'BB_16'. [/home/kasper-ubuntu/Documents/AAPL_project/vhdl/sindri_constraints.xdc:118]
WARNING: [Vivado 12-584] No ports matched 'BB_17'. [/home/kasper-ubuntu/Documents/AAPL_project/vhdl/sindri_constraints.xdc:121]
WARNING: [Vivado 12-584] No ports matched 'BB_17'. [/home/kasper-ubuntu/Documents/AAPL_project/vhdl/sindri_constraints.xdc:122]
WARNING: [Vivado 12-584] No ports matched 'BB_18'. [/home/kasper-ubuntu/Documents/AAPL_project/vhdl/sindri_constraints.xdc:125]
WARNING: [Vivado 12-584] No ports matched 'BB_18'. [/home/kasper-ubuntu/Documents/AAPL_project/vhdl/sindri_constraints.xdc:126]
WARNING: [Vivado 12-584] No ports matched 'BB_19'. [/home/kasper-ubuntu/Documents/AAPL_project/vhdl/sindri_constraints.xdc:129]
WARNING: [Vivado 12-584] No ports matched 'BB_19'. [/home/kasper-ubuntu/Documents/AAPL_project/vhdl/sindri_constraints.xdc:130]
WARNING: [Vivado 12-584] No ports matched 'BB_20'. [/home/kasper-ubuntu/Documents/AAPL_project/vhdl/sindri_constraints.xdc:133]
WARNING: [Vivado 12-584] No ports matched 'BB_20'. [/home/kasper-ubuntu/Documents/AAPL_project/vhdl/sindri_constraints.xdc:134]
WARNING: [Vivado 12-584] No ports matched 'BB_21'. [/home/kasper-ubuntu/Documents/AAPL_project/vhdl/sindri_constraints.xdc:137]
WARNING: [Vivado 12-584] No ports matched 'BB_21'. [/home/kasper-ubuntu/Documents/AAPL_project/vhdl/sindri_constraints.xdc:138]
WARNING: [Vivado 12-584] No ports matched 'BB_22'. [/home/kasper-ubuntu/Documents/AAPL_project/vhdl/sindri_constraints.xdc:141]
WARNING: [Vivado 12-584] No ports matched 'BB_22'. [/home/kasper-ubuntu/Documents/AAPL_project/vhdl/sindri_constraints.xdc:142]
WARNING: [Vivado 12-584] No ports matched 'BB_23'. [/home/kasper-ubuntu/Documents/AAPL_project/vhdl/sindri_constraints.xdc:145]
WARNING: [Vivado 12-584] No ports matched 'BB_23'. [/home/kasper-ubuntu/Documents/AAPL_project/vhdl/sindri_constraints.xdc:146]
WARNING: [Vivado 12-584] No ports matched 'BB_25'. [/home/kasper-ubuntu/Documents/AAPL_project/vhdl/sindri_constraints.xdc:153]
WARNING: [Vivado 12-584] No ports matched 'BB_25'. [/home/kasper-ubuntu/Documents/AAPL_project/vhdl/sindri_constraints.xdc:154]
WARNING: [Vivado 12-584] No ports matched 'BB_26'. [/home/kasper-ubuntu/Documents/AAPL_project/vhdl/sindri_constraints.xdc:157]
WARNING: [Vivado 12-584] No ports matched 'BB_26'. [/home/kasper-ubuntu/Documents/AAPL_project/vhdl/sindri_constraints.xdc:158]
WARNING: [Vivado 12-584] No ports matched 'BB_28'. [/home/kasper-ubuntu/Documents/AAPL_project/vhdl/sindri_constraints.xdc:165]
WARNING: [Vivado 12-584] No ports matched 'BB_28'. [/home/kasper-ubuntu/Documents/AAPL_project/vhdl/sindri_constraints.xdc:166]
WARNING: [Vivado 12-584] No ports matched 'BB_29'. [/home/kasper-ubuntu/Documents/AAPL_project/vhdl/sindri_constraints.xdc:169]
WARNING: [Vivado 12-584] No ports matched 'BB_29'. [/home/kasper-ubuntu/Documents/AAPL_project/vhdl/sindri_constraints.xdc:170]
Finished Parsing XDC File [/home/kasper-ubuntu/Documents/AAPL_project/vhdl/sindri_constraints.xdc]
WARNING: [Project 1-498] One or more constraints failed evaluation while reading constraint file [/home/kasper-ubuntu/Documents/AAPL_project/vhdl/sindri_constraints.xdc] and the design contains unresolved black boxes. These constraints will be read post-synthesis (as long as their source constraint file is marked as used_in_implementation) and should be applied correctly then. You should review the constraints listed in the file [.Xil/button_LED_wrapper_propImpl.xdc] and check the run log file to verify that these constraints were correctly applied.
INFO: [Project 1-236] Implementation specific constraints were found while reading constraint file [/home/kasper-ubuntu/Documents/AAPL_project/vhdl/sindri_constraints.xdc]. These constraints will be ignored for synthesis but will be used in implementation. Impacted constraints are listed in the file [.Xil/button_LED_wrapper_propImpl.xdc].
Resolution: To avoid this warning, move constraints listed in [.Xil/button_LED_wrapper_propImpl.xdc] to another XDC file and exclude this new file from synthesis with the used_in_synthesis property (File Properties dialog in GUI) and re-run elaboration/synthesis.
Parsing XDC File [/home/kasper-ubuntu/Documents/AAPL_project/vhdl/pl_side/pl_side.runs/synth_1/dont_touch.xdc]
Finished Parsing XDC File [/home/kasper-ubuntu/Documents/AAPL_project/vhdl/pl_side/pl_side.runs/synth_1/dont_touch.xdc]
Completed Processing XDC Constraints

Netlist sorting complete. Time (s): cpu = 00:00:00 ; elapsed = 00:00:00 . Memory (MB): peak = 2311.781 ; gain = 0.000 ; free physical = 9038 ; free virtual = 14016
INFO: [Project 1-111] Unisim Transformation Summary:
No Unisim elements were transformed.

Constraint Validation Runtime : Time (s): cpu = 00:00:00 ; elapsed = 00:00:00.01 . Memory (MB): peak = 2311.816 ; gain = 0.000 ; free physical = 9038 ; free virtual = 14016
INFO: [Designutils 20-5440] No compile time benefit to using incremental synthesis; A full resynthesis will be run
INFO: [Designutils 20-4379] Flow is switching to default flow due to incremental criteria not met. If you would like to alter this behaviour and have the flow terminate instead, please set the following parameter config_implementation {autoIncr.Synth.RejectBehavior Terminate}
---------------------------------------------------------------------------------
Finished Constraint Validation : Time (s): cpu = 00:00:10 ; elapsed = 00:00:11 . Memory (MB): peak = 2311.816 ; gain = 628.992 ; free physical = 9068 ; free virtual = 14047
---------------------------------------------------------------------------------
---------------------------------------------------------------------------------
Start Loading Part and Timing Information
---------------------------------------------------------------------------------
Loading part: xc7s15ftgb196-1
---------------------------------------------------------------------------------
Finished Loading Part and Timing Information : Time (s): cpu = 00:00:10 ; elapsed = 00:00:11 . Memory (MB): peak = 2319.785 ; gain = 636.961 ; free physical = 9068 ; free virtual = 14047
---------------------------------------------------------------------------------
---------------------------------------------------------------------------------
Start Applying 'set_property' XDC Constraints
---------------------------------------------------------------------------------
---------------------------------------------------------------------------------
Finished applying 'set_property' XDC Constraints : Time (s): cpu = 00:00:10 ; elapsed = 00:00:11 . Memory (MB): peak = 2319.785 ; gain = 636.961 ; free physical = 9068 ; free virtual = 14047
---------------------------------------------------------------------------------
---------------------------------------------------------------------------------
Finished RTL Optimization Phase 2 : Time (s): cpu = 00:00:10 ; elapsed = 00:00:11 . Memory (MB): peak = 2319.785 ; gain = 636.961 ; free physical = 9068 ; free virtual = 14048
---------------------------------------------------------------------------------
---------------------------------------------------------------------------------
Start RTL Component Statistics 
---------------------------------------------------------------------------------
Detailed RTL Component Info : 
---------------------------------------------------------------------------------
Finished RTL Component Statistics 
---------------------------------------------------------------------------------
---------------------------------------------------------------------------------
Start Part Resource Summary
---------------------------------------------------------------------------------
Part Resources:
DSPs: 20 (col length:20)
BRAMs: 20 (col length: RAMB18 20 RAMB36 10)
---------------------------------------------------------------------------------
Finished Part Resource Summary
---------------------------------------------------------------------------------
---------------------------------------------------------------------------------
Start Cross Boundary and Area Optimization
---------------------------------------------------------------------------------
---------------------------------------------------------------------------------
Finished Cross Boundary and Area Optimization : Time (s): cpu = 00:00:11 ; elapsed = 00:00:12 . Memory (MB): peak = 2319.785 ; gain = 636.961 ; free physical = 9076 ; free virtual = 14060
---------------------------------------------------------------------------------
---------------------------------------------------------------------------------
Start Applying XDC Timing Constraints
---------------------------------------------------------------------------------
---------------------------------------------------------------------------------
Finished Applying XDC Timing Constraints : Time (s): cpu = 00:00:15 ; elapsed = 00:00:16 . Memory (MB): peak = 2413.785 ; gain = 730.961 ; free physical = 8994 ; free virtual = 13985
---------------------------------------------------------------------------------
---------------------------------------------------------------------------------
Start Timing Optimization
---------------------------------------------------------------------------------
---------------------------------------------------------------------------------
Finished Timing Optimization : Time (s): cpu = 00:00:15 ; elapsed = 00:00:16 . Memory (MB): peak = 2413.785 ; gain = 730.961 ; free physical = 8994 ; free virtual = 13985
---------------------------------------------------------------------------------
---------------------------------------------------------------------------------
Start Technology Mapping
---------------------------------------------------------------------------------
---------------------------------------------------------------------------------
Finished Technology Mapping : Time (s): cpu = 00:00:15 ; elapsed = 00:00:16 . Memory (MB): peak = 2422.801 ; gain = 739.977 ; free physical = 8986 ; free virtual = 13977
---------------------------------------------------------------------------------
---------------------------------------------------------------------------------
Start IO Insertion
---------------------------------------------------------------------------------
---------------------------------------------------------------------------------
Start Flattening Before IO Insertion
---------------------------------------------------------------------------------
---------------------------------------------------------------------------------
Finished Flattening Before IO Insertion
---------------------------------------------------------------------------------
---------------------------------------------------------------------------------
Start Final Netlist Cleanup
---------------------------------------------------------------------------------
---------------------------------------------------------------------------------
Finished Final Netlist Cleanup
---------------------------------------------------------------------------------
---------------------------------------------------------------------------------
Finished IO Insertion : Time (s): cpu = 00:00:18 ; elapsed = 00:00:19 . Memory (MB): peak = 2609.613 ; gain = 926.789 ; free physical = 8834 ; free virtual = 13825
---------------------------------------------------------------------------------
---------------------------------------------------------------------------------
Start Renaming Generated Instances
---------------------------------------------------------------------------------
---------------------------------------------------------------------------------
Finished Renaming Generated Instances : Time (s): cpu = 00:00:18 ; elapsed = 00:00:19 . Memory (MB): peak = 2609.613 ; gain = 926.789 ; free physical = 8834 ; free virtual = 13825
---------------------------------------------------------------------------------
---------------------------------------------------------------------------------
Start Rebuilding User Hierarchy
---------------------------------------------------------------------------------
---------------------------------------------------------------------------------
Finished Rebuilding User Hierarchy : Time (s): cpu = 00:00:18 ; elapsed = 00:00:19 . Memory (MB): peak = 2609.613 ; gain = 926.789 ; free physical = 8834 ; free virtual = 13825
---------------------------------------------------------------------------------
---------------------------------------------------------------------------------
Start Renaming Generated Ports
---------------------------------------------------------------------------------
---------------------------------------------------------------------------------
Finished Renaming Generated Ports : Time (s): cpu = 00:00:18 ; elapsed = 00:00:19 . Memory (MB): peak = 2609.613 ; gain = 926.789 ; free physical = 8834 ; free virtual = 13825
---------------------------------------------------------------------------------
---------------------------------------------------------------------------------
Start Handling Custom Attributes
---------------------------------------------------------------------------------
---------------------------------------------------------------------------------
Finished Handling Custom Attributes : Time (s): cpu = 00:00:18 ; elapsed = 00:00:19 . Memory (MB): peak = 2609.613 ; gain = 926.789 ; free physical = 8834 ; free virtual = 13825
---------------------------------------------------------------------------------
---------------------------------------------------------------------------------
Start Renaming Generated Nets
---------------------------------------------------------------------------------
---------------------------------------------------------------------------------
Finished Renaming Generated Nets : Time (s): cpu = 00:00:18 ; elapsed = 00:00:19 . Memory (MB): peak = 2609.613 ; gain = 926.789 ; free physical = 8834 ; free virtual = 13825
---------------------------------------------------------------------------------
---------------------------------------------------------------------------------
Start Writing Synthesis Report
---------------------------------------------------------------------------------

Report BlackBoxes: 
+------+---------------------------------+----------+
|      |BlackBox name                    |Instances |
+------+---------------------------------+----------+
|1     |button_LED_simple_button_fsm_0_0 |         1|
|2     |button_LED_simple_button_fsm_0_1 |         1|
|3     |button_LED_simple_button_fsm_1_0 |         1|
+------+---------------------------------+----------+

Report Cell Usage: 
+------+-------------------------------+------+
|      |Cell                           |Count |
+------+-------------------------------+------+
|1     |button_LED_simple_button_fsm_0 |     2|
|3     |button_LED_simple_button_fsm_1 |     1|
|4     |IBUF                           |     4|
|5     |OBUF                           |     6|
+------+-------------------------------+------+
---------------------------------------------------------------------------------
Finished Writing Synthesis Report : Time (s): cpu = 00:00:18 ; elapsed = 00:00:19 . Memory (MB): peak = 2609.613 ; gain = 926.789 ; free physical = 8834 ; free virtual = 13825
---------------------------------------------------------------------------------
Synthesis finished with 0 errors, 0 critical warnings and 0 warnings.
Synthesis Optimization Runtime : Time (s): cpu = 00:00:17 ; elapsed = 00:00:18 . Memory (MB): peak = 2609.613 ; gain = 877.828 ; free physical = 8834 ; free virtual = 13825
Synthesis Optimization Complete : Time (s): cpu = 00:00:18 ; elapsed = 00:00:19 . Memory (MB): peak = 2609.621 ; gain = 926.789 ; free physical = 8834 ; free virtual = 13825
INFO: [Project 1-571] Translating synthesized netlist
Netlist sorting complete. Time (s): cpu = 00:00:00 ; elapsed = 00:00:00 . Memory (MB): peak = 2609.621 ; gain = 0.000 ; free physical = 8832 ; free virtual = 13825
INFO: [Project 1-570] Preparing netlist for logic optimization
INFO: [Opt 31-138] Pushed 0 inverter(s) to 0 load pin(s).
Netlist sorting complete. Time (s): cpu = 00:00:00 ; elapsed = 00:00:00 . Memory (MB): peak = 2609.621 ; gain = 0.000 ; free physical = 9001 ; free virtual = 13996
INFO: [Project 1-111] Unisim Transformation Summary:
No Unisim elements were transformed.

Synth Design complete | Checksum: 324b17c4
INFO: [Common 17-83] Releasing license: Synthesis
37 Infos, 55 Warnings, 0 Critical Warnings and 0 Errors encountered.
synth_design completed successfully
synth_design: Time (s): cpu = 00:00:25 ; elapsed = 00:00:23 . Memory (MB): peak = 2609.648 ; gain = 1047.902 ; free physical = 9005 ; free virtual = 13999
INFO: [Common 17-2834] synth_design peak Physical Memory [PSS] (MB): overall = 1753.548; main = 1753.548; forked = 282.704
INFO: [Common 17-2834] synth_design peak Virtual Memory [VSS] (MB): overall = 3306.703; main = 2609.617; forked = 994.918
Write ShapeDB Complete: Time (s): cpu = 00:00:00 ; elapsed = 00:00:00 . Memory (MB): peak = 2633.625 ; gain = 0.000 ; free physical = 9005 ; free virtual = 13999
INFO: [Common 17-1381] The checkpoint '/home/kasper-ubuntu/Documents/AAPL_project/vhdl/pl_side/pl_side.runs/synth_1/button_LED_wrapper.dcp' has been generated.
INFO: [Vivado 12-24828] Executing command : report_utilization -file button_LED_wrapper_utilization_synth.rpt -pb button_LED_wrapper_utilization_synth.pb
INFO: [Common 17-206] Exiting Vivado at Sun Feb 22 11:11:42 2026...
