Copyright 1986-2022 Xilinx, Inc. All Rights Reserved. Copyright 2022-2025 Advanced Micro Devices, Inc. All Rights Reserved.
--------------------------------------------------------------------------------------------------------------------------------------------------------------------------------------------
| Tool Version : Vivado v.2025.2 (lin64) Build 6299465 Fri Nov 14 12:34:56 MST 2025
| Date         : Sun Feb 22 11:12:05 2026
| Host         : kasper-ubuntu-pc running 64-bit Ubuntu 22.04.5 LTS
| Command      : report_methodology -file button_LED_wrapper_methodology_drc_routed.rpt -pb button_LED_wrapper_methodology_drc_routed.pb -rpx button_LED_wrapper_methodology_drc_routed.rpx
| Design       : button_LED_wrapper
| Device       : xc7s15ftgb196-1
| Speed File   : -1
| Design State : Fully Routed
--------------------------------------------------------------------------------------------------------------------------------------------------------------------------------------------

Report Methodology

Table of Contents
-----------------
1. REPORT SUMMARY
2. REPORT DETAILS

1. REPORT SUMMARY
-----------------
            Netlist: netlist
          Floorplan: design_1
      Design limits: <entire design considered>
             Max checks: <unlimited>
             Checks found: 10
+-----------+----------+------------------------------------------------------------------+--------+
| Rule      | Severity | Description                                                      | Checks |
+-----------+----------+------------------------------------------------------------------+--------+
| CKLD-2    | Warning  | Clock Net has IO Driver, not a Clock Buf, and/or non-Clock loads | 1      |
| TIMING-18 | Warning  | Missing input or output delay                                    | 9      |
+-----------+----------+------------------------------------------------------------------+--------+

2. REPORT DETAILS
-----------------
CKLD-2#1 Warning
Clock Net has IO Driver, not a Clock Buf, and/or non-Clock loads  
Clock net CLK12_I_IBUF is directly driven by an IO rather than a Clock Buffer or may be an IO driving a mix of Clock Buffer and non-Clock loads. This connectivity should be reviewed and corrected as appropriate. Driver(s): CLK12_I_IBUF_inst/O, button_LED_i/CLK12_I
Related violations: <none>

TIMING-18#1 Warning
Missing input or output delay  
An input delay is missing on BB_24 relative to the rising and/or falling clock edge(s) of CLK12_I.
Related violations: <none>

TIMING-18#2 Warning
Missing input or output delay  
An input delay is missing on BB_27 relative to the rising and/or falling clock edge(s) of CLK12_I.
Related violations: <none>

TIMING-18#3 Warning
Missing input or output delay  
An input delay is missing on BB_30 relative to the rising and/or falling clock edge(s) of CLK12_I.
Related violations: <none>

TIMING-18#4 Warning
Missing input or output delay  
An output delay is missing on BB_05 relative to the rising and/or falling clock edge(s) of CLK12_I.
Related violations: <none>

TIMING-18#5 Warning
Missing input or output delay  
An output delay is missing on BB_06 relative to the rising and/or falling clock edge(s) of CLK12_I.
Related violations: <none>

TIMING-18#6 Warning
Missing input or output delay  
An output delay is missing on BB_09 relative to the rising and/or falling clock edge(s) of CLK12_I.
Related violations: <none>

TIMING-18#7 Warning
Missing input or output delay  
An output delay is missing on BB_10 relative to the rising and/or falling clock edge(s) of CLK12_I.
Related violations: <none>

TIMING-18#8 Warning
Missing input or output delay  
An output delay is missing on BB_12 relative to the rising and/or falling clock edge(s) of CLK12_I.
Related violations: <none>

TIMING-18#9 Warning
Missing input or output delay  
An output delay is missing on BB_13 relative to the rising and/or falling clock edge(s) of CLK12_I.
Related violations: <none>


