
*** Running vivado
    with args -log top_level_serialiser_0_0.vds -m64 -product Vivado -mode batch -messageDb vivado.pb -notrace -source top_level_serialiser_0_0.tcl


****** Vivado v2025.2 (64-bit)
  **** SW Build 6299465 on Fri Nov 14 12:34:56 MST 2025
  **** IP Build 6300035 on Fri Nov 14 10:48:45 MST 2025
  **** SharedData Build 6298862 on Thu Nov 13 04:50:51 MST 2025
  **** Start of session at: Mon May  4 11:51:26 2026
    ** Copyright 1986-2022 Xilinx, Inc. All Rights Reserved.
    ** Copyright 2022-2025 Advanced Micro Devices, Inc. All Rights Reserved.

source top_level_serialiser_0_0.tcl -notrace
create_project: Time (s): cpu = 00:00:14 ; elapsed = 00:00:06 . Memory (MB): peak = 1561.195 ; gain = 77.055 ; free physical = 10192 ; free virtual = 12502
INFO: [IP_Flow 19-234] Refreshing IP repositories
INFO: [IP_Flow 19-1700] Loaded user IP repository '/home/kasper-ubuntu/Documents/APPL_project_tetris/IPs'.
INFO: [IP_Flow 19-2313] Loaded Vivado IP repository '/home/kasper-ubuntu/Vivado/2025.2/data/ip'.
Command: synth_design -top top_level_serialiser_0_0 -part xc7s15ftgb196-1 -incremental_mode off -mode out_of_context
Starting synth_design
Attempting to get a license for feature 'Synthesis' and/or device 'xc7s15'
INFO: [Common 17-349] Got license for feature 'Synthesis' and/or device 'xc7s15'
INFO: [Device 21-403] Loading part xc7s15ftgb196-1
INFO: [Synth 8-7079] Multithreading enabled for synth_design using a maximum of 7 processes.
INFO: [Synth 8-7078] Launching helper process for spawning children vivado processes
INFO: [Synth 8-7075] Helper process launched with PID 32159
---------------------------------------------------------------------------------
Starting RTL Elaboration : Time (s): cpu = 00:00:08 ; elapsed = 00:00:09 . Memory (MB): peak = 2164.117 ; gain = 481.844 ; free physical = 8104 ; free virtual = 10416
---------------------------------------------------------------------------------
INFO: [Synth 8-638] synthesizing module 'top_level_serialiser_0_0' [/home/kasper-ubuntu/Documents/APPL_project_tetris/frame_gen/frame_gen.gen/sources_1/bd/top_level/ip/top_level_serialiser_0_0/synth/top_level_serialiser_0_0.vhd:65]
INFO: [Synth 8-3491] module 'serialiser' declared at '/home/kasper-ubuntu/Documents/APPL_project_tetris/frame_gen/frame_gen.srcs/sources_1/new/serialiser.vhd:34' bound to instance 'U0' of component 'serialiser' [/home/kasper-ubuntu/Documents/APPL_project_tetris/frame_gen/frame_gen.gen/sources_1/bd/top_level/ip/top_level_serialiser_0_0/synth/top_level_serialiser_0_0.vhd:91]
INFO: [Synth 8-638] synthesizing module 'serialiser' [/home/kasper-ubuntu/Documents/APPL_project_tetris/frame_gen/frame_gen.srcs/sources_1/new/serialiser.vhd:41]
	Parameter DATA_RATE_OQ bound to: DDR - type: string 
	Parameter DATA_RATE_TQ bound to: DDR - type: string 
	Parameter DATA_WIDTH bound to: 10 - type: integer 
	Parameter INIT_OQ bound to: 1'b0 
	Parameter INIT_TQ bound to: 1'b0 
	Parameter SERDES_MODE bound to: MASTER - type: string 
	Parameter SRVAL_OQ bound to: 1'b0 
	Parameter SRVAL_TQ bound to: 1'b0 
	Parameter TBYTE_CTL bound to: FALSE - type: string 
	Parameter TBYTE_SRC bound to: FALSE - type: string 
	Parameter TRISTATE_WIDTH bound to: 1 - type: integer 
INFO: [Synth 8-113] binding component instance 'OSERDESE2_master' to cell 'OSERDESE2' [/home/kasper-ubuntu/Documents/APPL_project_tetris/frame_gen/frame_gen.srcs/sources_1/new/serialiser.vhd:53]
	Parameter DATA_RATE_OQ bound to: DDR - type: string 
	Parameter DATA_RATE_TQ bound to: DDR - type: string 
	Parameter DATA_WIDTH bound to: 10 - type: integer 
	Parameter INIT_OQ bound to: 1'b0 
	Parameter INIT_TQ bound to: 1'b0 
	Parameter SERDES_MODE bound to: SLAVE - type: string 
	Parameter SRVAL_OQ bound to: 1'b0 
	Parameter SRVAL_TQ bound to: 1'b0 
	Parameter TBYTE_CTL bound to: FALSE - type: string 
	Parameter TBYTE_SRC bound to: FALSE - type: string 
	Parameter TRISTATE_WIDTH bound to: 1 - type: integer 
INFO: [Synth 8-113] binding component instance 'OSERDESE2_slave' to cell 'OSERDESE2' [/home/kasper-ubuntu/Documents/APPL_project_tetris/frame_gen/frame_gen.srcs/sources_1/new/serialiser.vhd:104]
INFO: [Synth 8-256] done synthesizing module 'serialiser' (0#1) [/home/kasper-ubuntu/Documents/APPL_project_tetris/frame_gen/frame_gen.srcs/sources_1/new/serialiser.vhd:41]
INFO: [Synth 8-256] done synthesizing module 'top_level_serialiser_0_0' (0#1) [/home/kasper-ubuntu/Documents/APPL_project_tetris/frame_gen/frame_gen.gen/sources_1/bd/top_level/ip/top_level_serialiser_0_0/synth/top_level_serialiser_0_0.vhd:65]
---------------------------------------------------------------------------------
Finished RTL Elaboration : Time (s): cpu = 00:00:10 ; elapsed = 00:00:11 . Memory (MB): peak = 2252.086 ; gain = 569.812 ; free physical = 9135 ; free virtual = 11447
---------------------------------------------------------------------------------
---------------------------------------------------------------------------------
Start Handling Custom Attributes
---------------------------------------------------------------------------------
---------------------------------------------------------------------------------
Finished Handling Custom Attributes : Time (s): cpu = 00:00:10 ; elapsed = 00:00:11 . Memory (MB): peak = 2263.961 ; gain = 581.688 ; free physical = 9135 ; free virtual = 11447
---------------------------------------------------------------------------------
---------------------------------------------------------------------------------
Finished RTL Optimization Phase 1 : Time (s): cpu = 00:00:10 ; elapsed = 00:00:11 . Memory (MB): peak = 2263.961 ; gain = 581.688 ; free physical = 9135 ; free virtual = 11447
---------------------------------------------------------------------------------
Netlist sorting complete. Time (s): cpu = 00:00:00 ; elapsed = 00:00:00 . Memory (MB): peak = 2269.898 ; gain = 0.000 ; free physical = 9128 ; free virtual = 11440
INFO: [Project 1-570] Preparing netlist for logic optimization

Processing XDC Constraints
Initializing timing engine
Completed Processing XDC Constraints

Netlist sorting complete. Time (s): cpu = 00:00:00 ; elapsed = 00:00:00 . Memory (MB): peak = 2312.887 ; gain = 0.000 ; free physical = 9187 ; free virtual = 11499
INFO: [Project 1-111] Unisim Transformation Summary:
No Unisim elements were transformed.

Constraint Validation Runtime : Time (s): cpu = 00:00:00.02 ; elapsed = 00:00:00.01 . Memory (MB): peak = 2312.922 ; gain = 0.000 ; free physical = 9187 ; free virtual = 11499
INFO: [Designutils 20-5008] Incremental synthesis strategy off
---------------------------------------------------------------------------------
Finished Constraint Validation : Time (s): cpu = 00:00:19 ; elapsed = 00:00:20 . Memory (MB): peak = 2312.922 ; gain = 630.648 ; free physical = 9393 ; free virtual = 11706
---------------------------------------------------------------------------------
---------------------------------------------------------------------------------
Start Loading Part and Timing Information
---------------------------------------------------------------------------------
Loading part: xc7s15ftgb196-1
---------------------------------------------------------------------------------
Finished Loading Part and Timing Information : Time (s): cpu = 00:00:19 ; elapsed = 00:00:20 . Memory (MB): peak = 2320.891 ; gain = 638.617 ; free physical = 9393 ; free virtual = 11706
---------------------------------------------------------------------------------
---------------------------------------------------------------------------------
Start Applying 'set_property' XDC Constraints
---------------------------------------------------------------------------------
---------------------------------------------------------------------------------
Finished applying 'set_property' XDC Constraints : Time (s): cpu = 00:00:19 ; elapsed = 00:00:20 . Memory (MB): peak = 2320.891 ; gain = 638.617 ; free physical = 9393 ; free virtual = 11706
---------------------------------------------------------------------------------
---------------------------------------------------------------------------------
Finished RTL Optimization Phase 2 : Time (s): cpu = 00:00:19 ; elapsed = 00:00:21 . Memory (MB): peak = 2320.891 ; gain = 638.617 ; free physical = 9425 ; free virtual = 11740
---------------------------------------------------------------------------------
No constraint files found.
---------------------------------------------------------------------------------
Start RTL Component Statistics 
---------------------------------------------------------------------------------
Detailed RTL Component Info : 
---------------------------------------------------------------------------------
Finished RTL Component Statistics 
---------------------------------------------------------------------------------
---------------------------------------------------------------------------------
Start Part Resource Summary
---------------------------------------------------------------------------------
Part Resources:
DSPs: 20 (col length:20)
BRAMs: 20 (col length: RAMB18 20 RAMB36 10)
---------------------------------------------------------------------------------
Finished Part Resource Summary
---------------------------------------------------------------------------------
No constraint files found.
---------------------------------------------------------------------------------
Start Cross Boundary and Area Optimization
---------------------------------------------------------------------------------
---------------------------------------------------------------------------------
Finished Cross Boundary and Area Optimization : Time (s): cpu = 00:00:21 ; elapsed = 00:00:22 . Memory (MB): peak = 2320.891 ; gain = 638.617 ; free physical = 9423 ; free virtual = 11737
---------------------------------------------------------------------------------
No constraint files found.
---------------------------------------------------------------------------------
Start Timing Optimization
---------------------------------------------------------------------------------
---------------------------------------------------------------------------------
Finished Timing Optimization : Time (s): cpu = 00:00:21 ; elapsed = 00:00:22 . Memory (MB): peak = 2320.891 ; gain = 638.617 ; free physical = 9423 ; free virtual = 11737
---------------------------------------------------------------------------------
---------------------------------------------------------------------------------
Start Technology Mapping
---------------------------------------------------------------------------------
---------------------------------------------------------------------------------
Finished Technology Mapping : Time (s): cpu = 00:00:21 ; elapsed = 00:00:22 . Memory (MB): peak = 2320.891 ; gain = 638.617 ; free physical = 9426 ; free virtual = 11741
---------------------------------------------------------------------------------
---------------------------------------------------------------------------------
Start IO Insertion
---------------------------------------------------------------------------------
---------------------------------------------------------------------------------
Start Flattening Before IO Insertion
---------------------------------------------------------------------------------
---------------------------------------------------------------------------------
Finished Flattening Before IO Insertion
---------------------------------------------------------------------------------
---------------------------------------------------------------------------------
Start Final Netlist Cleanup
---------------------------------------------------------------------------------
---------------------------------------------------------------------------------
Finished Final Netlist Cleanup
---------------------------------------------------------------------------------
---------------------------------------------------------------------------------
Finished IO Insertion : Time (s): cpu = 00:00:26 ; elapsed = 00:00:27 . Memory (MB): peak = 2454.703 ; gain = 772.430 ; free physical = 10827 ; free virtual = 13140
---------------------------------------------------------------------------------
---------------------------------------------------------------------------------
Start Renaming Generated Instances
---------------------------------------------------------------------------------
---------------------------------------------------------------------------------
Finished Renaming Generated Instances : Time (s): cpu = 00:00:26 ; elapsed = 00:00:27 . Memory (MB): peak = 2454.703 ; gain = 772.430 ; free physical = 10827 ; free virtual = 13140
---------------------------------------------------------------------------------
---------------------------------------------------------------------------------
Start Rebuilding User Hierarchy
---------------------------------------------------------------------------------
---------------------------------------------------------------------------------
Finished Rebuilding User Hierarchy : Time (s): cpu = 00:00:26 ; elapsed = 00:00:27 . Memory (MB): peak = 2454.703 ; gain = 772.430 ; free physical = 10827 ; free virtual = 13140
---------------------------------------------------------------------------------
---------------------------------------------------------------------------------
Start Renaming Generated Ports
---------------------------------------------------------------------------------
---------------------------------------------------------------------------------
Finished Renaming Generated Ports : Time (s): cpu = 00:00:26 ; elapsed = 00:00:27 . Memory (MB): peak = 2454.703 ; gain = 772.430 ; free physical = 10827 ; free virtual = 13140
---------------------------------------------------------------------------------
---------------------------------------------------------------------------------
Start Handling Custom Attributes
---------------------------------------------------------------------------------
---------------------------------------------------------------------------------
Finished Handling Custom Attributes : Time (s): cpu = 00:00:26 ; elapsed = 00:00:27 . Memory (MB): peak = 2454.703 ; gain = 772.430 ; free physical = 10827 ; free virtual = 13140
---------------------------------------------------------------------------------
---------------------------------------------------------------------------------
Start Renaming Generated Nets
---------------------------------------------------------------------------------
---------------------------------------------------------------------------------
Finished Renaming Generated Nets : Time (s): cpu = 00:00:26 ; elapsed = 00:00:27 . Memory (MB): peak = 2454.703 ; gain = 772.430 ; free physical = 10827 ; free virtual = 13140
---------------------------------------------------------------------------------
---------------------------------------------------------------------------------
Start Writing Synthesis Report
---------------------------------------------------------------------------------

Report BlackBoxes: 
+-+--------------+----------+
| |BlackBox name |Instances |
+-+--------------+----------+
+-+--------------+----------+

Report Cell Usage: 
+------+----------+------+
|      |Cell      |Count |
+------+----------+------+
|1     |OSERDESE2 |     2|
+------+----------+------+
---------------------------------------------------------------------------------
Finished Writing Synthesis Report : Time (s): cpu = 00:00:26 ; elapsed = 00:00:27 . Memory (MB): peak = 2454.703 ; gain = 772.430 ; free physical = 10827 ; free virtual = 13140
---------------------------------------------------------------------------------
Synthesis finished with 0 errors, 0 critical warnings and 0 warnings.
Synthesis Optimization Runtime : Time (s): cpu = 00:00:24 ; elapsed = 00:00:26 . Memory (MB): peak = 2454.703 ; gain = 723.469 ; free physical = 10829 ; free virtual = 13142
Synthesis Optimization Complete : Time (s): cpu = 00:00:26 ; elapsed = 00:00:27 . Memory (MB): peak = 2454.711 ; gain = 772.430 ; free physical = 10829 ; free virtual = 13142
INFO: [Project 1-571] Translating synthesized netlist
Netlist sorting complete. Time (s): cpu = 00:00:00 ; elapsed = 00:00:00 . Memory (MB): peak = 2454.711 ; gain = 0.000 ; free physical = 10825 ; free virtual = 13138
INFO: [Project 1-570] Preparing netlist for logic optimization
INFO: [Opt 31-138] Pushed 0 inverter(s) to 0 load pin(s).
Netlist sorting complete. Time (s): cpu = 00:00:00 ; elapsed = 00:00:00 . Memory (MB): peak = 2559.234 ; gain = 0.000 ; free physical = 10796 ; free virtual = 13109
INFO: [Project 1-111] Unisim Transformation Summary:
No Unisim elements were transformed.

Synth Design complete | Checksum: 39f287e4
INFO: [Common 17-83] Releasing license: Synthesis
23 Infos, 0 Warnings, 0 Critical Warnings and 0 Errors encountered.
synth_design completed successfully
synth_design: Time (s): cpu = 00:00:38 ; elapsed = 00:00:37 . Memory (MB): peak = 2559.270 ; gain = 998.074 ; free physical = 10806 ; free virtual = 13119
INFO: [Common 17-2834] synth_design peak Physical Memory [PSS] (MB): overall = 1788.994; main = 1788.994; forked = 240.195
INFO: [Common 17-2834] synth_design peak Virtual Memory [VSS] (MB): overall = 3307.809; main = 2559.238; forked = 994.918
Write ShapeDB Complete: Time (s): cpu = 00:00:00 ; elapsed = 00:00:00 . Memory (MB): peak = 2583.246 ; gain = 0.000 ; free physical = 10806 ; free virtual = 13119
INFO: [Common 17-1381] The checkpoint '/home/kasper-ubuntu/Documents/APPL_project_tetris/QLink_2020/QLink_2020.runs/top_level_serialiser_0_0_synth_1/top_level_serialiser_0_0.dcp' has been generated.
INFO: [Vivado 12-24828] Executing command : report_utilization -file top_level_serialiser_0_0_utilization_synth.rpt -pb top_level_serialiser_0_0_utilization_synth.pb
INFO: [Common 17-206] Exiting Vivado at Mon May  4 11:52:23 2026...
