
*** Running vivado
    with args -log com_side_simple_button_fsm_2_0.vds -m64 -product Vivado -mode batch -messageDb vivado.pb -notrace -source com_side_simple_button_fsm_2_0.tcl


****** Vivado v2025.2 (64-bit)
  **** SW Build 6299465 on Fri Nov 14 12:34:56 MST 2025
  **** IP Build 6300035 on Fri Nov 14 10:48:45 MST 2025
  **** SharedData Build 6298862 on Thu Nov 13 04:50:51 MST 2025
  **** Start of session at: Mon May  4 11:26:56 2026
    ** Copyright 1986-2022 Xilinx, Inc. All Rights Reserved.
    ** Copyright 2022-2025 Advanced Micro Devices, Inc. All Rights Reserved.

source com_side_simple_button_fsm_2_0.tcl -notrace
create_project: Time (s): cpu = 00:00:11 ; elapsed = 00:00:10 . Memory (MB): peak = 1614.852 ; gain = 64.055 ; free physical = 10512 ; free virtual = 12405
INFO: [IP_Flow 19-234] Refreshing IP repositories
INFO: [IP_Flow 19-1704] No user IP repositories specified
INFO: [IP_Flow 19-2313] Loaded Vivado IP repository '/home/kasper-ubuntu/Vivado/2025.2/data/ip'.
Command: synth_design -top com_side_simple_button_fsm_2_0 -part xc7s15ftgb196-1 -incremental_mode off -mode out_of_context
Starting synth_design
Attempting to get a license for feature 'Synthesis' and/or device 'xc7s15'
INFO: [Common 17-349] Got license for feature 'Synthesis' and/or device 'xc7s15'
INFO: [Device 21-403] Loading part xc7s15ftgb196-1
INFO: [Synth 8-7079] Multithreading enabled for synth_design using a maximum of 7 processes.
INFO: [Synth 8-7078] Launching helper process for spawning children vivado processes
INFO: [Synth 8-7075] Helper process launched with PID 23506
---------------------------------------------------------------------------------
Starting RTL Elaboration : Time (s): cpu = 00:00:07 ; elapsed = 00:00:12 . Memory (MB): peak = 2164.742 ; gain = 482.562 ; free physical = 6781 ; free virtual = 8675
---------------------------------------------------------------------------------
INFO: [Synth 8-638] synthesizing module 'com_side_simple_button_fsm_2_0' [/home/kasper-ubuntu/Documents/APPL_project_tetris/QLink_2020/QLink_2020.gen/sources_1/bd/com_side/ip/com_side_simple_button_fsm_2_0/synth/com_side_simple_button_fsm_2_0.vhd:67]
INFO: [Synth 8-3491] module 'simple_button_fsm' declared at '/home/kasper-ubuntu/Documents/APPL_project_tetris/QLink_2020/QLink_2020.srcs/sources_1/imports/new/simple_FSM.vhd:4' bound to instance 'U0' of component 'simple_button_fsm' [/home/kasper-ubuntu/Documents/APPL_project_tetris/QLink_2020/QLink_2020.gen/sources_1/bd/com_side/ip/com_side_simple_button_fsm_2_0/synth/com_side_simple_button_fsm_2_0.vhd:98]
INFO: [Synth 8-638] synthesizing module 'simple_button_fsm' [/home/kasper-ubuntu/Documents/APPL_project_tetris/QLink_2020/QLink_2020.srcs/sources_1/imports/new/simple_FSM.vhd:15]
INFO: [Synth 8-256] done synthesizing module 'simple_button_fsm' (0#1) [/home/kasper-ubuntu/Documents/APPL_project_tetris/QLink_2020/QLink_2020.srcs/sources_1/imports/new/simple_FSM.vhd:15]
INFO: [Synth 8-256] done synthesizing module 'com_side_simple_button_fsm_2_0' (0#1) [/home/kasper-ubuntu/Documents/APPL_project_tetris/QLink_2020/QLink_2020.gen/sources_1/bd/com_side/ip/com_side_simple_button_fsm_2_0/synth/com_side_simple_button_fsm_2_0.vhd:67]
---------------------------------------------------------------------------------
Finished RTL Elaboration : Time (s): cpu = 00:00:09 ; elapsed = 00:00:14 . Memory (MB): peak = 2251.680 ; gain = 569.500 ; free physical = 7556 ; free virtual = 9455
---------------------------------------------------------------------------------
---------------------------------------------------------------------------------
Start Handling Custom Attributes
---------------------------------------------------------------------------------
---------------------------------------------------------------------------------
Finished Handling Custom Attributes : Time (s): cpu = 00:00:09 ; elapsed = 00:00:14 . Memory (MB): peak = 2266.523 ; gain = 584.344 ; free physical = 7548 ; free virtual = 9446
---------------------------------------------------------------------------------
---------------------------------------------------------------------------------
Finished RTL Optimization Phase 1 : Time (s): cpu = 00:00:09 ; elapsed = 00:00:14 . Memory (MB): peak = 2266.523 ; gain = 584.344 ; free physical = 7548 ; free virtual = 9446
---------------------------------------------------------------------------------
Netlist sorting complete. Time (s): cpu = 00:00:00 ; elapsed = 00:00:00 . Memory (MB): peak = 2266.523 ; gain = 0.000 ; free physical = 7543 ; free virtual = 9442
INFO: [Project 1-570] Preparing netlist for logic optimization

Processing XDC Constraints
Initializing timing engine
Completed Processing XDC Constraints

Netlist sorting complete. Time (s): cpu = 00:00:00 ; elapsed = 00:00:00 . Memory (MB): peak = 2322.387 ; gain = 0.000 ; free physical = 7498 ; free virtual = 9403
INFO: [Project 1-111] Unisim Transformation Summary:
No Unisim elements were transformed.

Constraint Validation Runtime : Time (s): cpu = 00:00:00.02 ; elapsed = 00:00:00.01 . Memory (MB): peak = 2322.422 ; gain = 0.000 ; free physical = 7498 ; free virtual = 9395
INFO: [Designutils 20-5008] Incremental synthesis strategy off
---------------------------------------------------------------------------------
Finished Constraint Validation : Time (s): cpu = 00:00:19 ; elapsed = 00:00:24 . Memory (MB): peak = 2322.422 ; gain = 640.242 ; free physical = 7515 ; free virtual = 9467
---------------------------------------------------------------------------------
---------------------------------------------------------------------------------
Start Loading Part and Timing Information
---------------------------------------------------------------------------------
Loading part: xc7s15ftgb196-1
---------------------------------------------------------------------------------
Finished Loading Part and Timing Information : Time (s): cpu = 00:00:19 ; elapsed = 00:00:24 . Memory (MB): peak = 2330.391 ; gain = 648.211 ; free physical = 7515 ; free virtual = 9467
---------------------------------------------------------------------------------
---------------------------------------------------------------------------------
Start Applying 'set_property' XDC Constraints
---------------------------------------------------------------------------------
---------------------------------------------------------------------------------
Finished applying 'set_property' XDC Constraints : Time (s): cpu = 00:00:19 ; elapsed = 00:00:24 . Memory (MB): peak = 2330.391 ; gain = 648.211 ; free physical = 7515 ; free virtual = 9467
---------------------------------------------------------------------------------
INFO: [Synth 8-802] inferred FSM for state register 'state_reg' in module 'simple_button_fsm'
---------------------------------------------------------------------------------------------------
                   State |                     New Encoding |                Previous Encoding 
---------------------------------------------------------------------------------------------------
                    idle |                              001 |                               00
                   press |                              010 |                               01
                 release |                              100 |                               10
---------------------------------------------------------------------------------------------------
INFO: [Synth 8-3354] encoded FSM with state register 'state_reg' using encoding 'one-hot' in module 'simple_button_fsm'
---------------------------------------------------------------------------------
Finished RTL Optimization Phase 2 : Time (s): cpu = 00:00:19 ; elapsed = 00:00:24 . Memory (MB): peak = 2330.391 ; gain = 648.211 ; free physical = 7513 ; free virtual = 9466
---------------------------------------------------------------------------------
No constraint files found.
---------------------------------------------------------------------------------
Start RTL Component Statistics 
---------------------------------------------------------------------------------
Detailed RTL Component Info : 
+---Muxes : 
	   3 Input    1 Bit        Muxes := 1     
---------------------------------------------------------------------------------
Finished RTL Component Statistics 
---------------------------------------------------------------------------------
---------------------------------------------------------------------------------
Start Part Resource Summary
---------------------------------------------------------------------------------
Part Resources:
DSPs: 20 (col length:20)
BRAMs: 20 (col length: RAMB18 20 RAMB36 10)
---------------------------------------------------------------------------------
Finished Part Resource Summary
---------------------------------------------------------------------------------
No constraint files found.
---------------------------------------------------------------------------------
Start Cross Boundary and Area Optimization
---------------------------------------------------------------------------------
---------------------------------------------------------------------------------
Finished Cross Boundary and Area Optimization : Time (s): cpu = 00:00:21 ; elapsed = 00:00:26 . Memory (MB): peak = 2330.391 ; gain = 648.211 ; free physical = 7526 ; free virtual = 9481
---------------------------------------------------------------------------------
No constraint files found.
---------------------------------------------------------------------------------
Start Timing Optimization
---------------------------------------------------------------------------------
---------------------------------------------------------------------------------
Finished Timing Optimization : Time (s): cpu = 00:00:21 ; elapsed = 00:00:26 . Memory (MB): peak = 2330.391 ; gain = 648.211 ; free physical = 7526 ; free virtual = 9481
---------------------------------------------------------------------------------
---------------------------------------------------------------------------------
Start Technology Mapping
---------------------------------------------------------------------------------
---------------------------------------------------------------------------------
Finished Technology Mapping : Time (s): cpu = 00:00:21 ; elapsed = 00:00:26 . Memory (MB): peak = 2330.391 ; gain = 648.211 ; free physical = 7526 ; free virtual = 9481
---------------------------------------------------------------------------------
---------------------------------------------------------------------------------
Start IO Insertion
---------------------------------------------------------------------------------
---------------------------------------------------------------------------------
Start Flattening Before IO Insertion
---------------------------------------------------------------------------------
---------------------------------------------------------------------------------
Finished Flattening Before IO Insertion
---------------------------------------------------------------------------------
---------------------------------------------------------------------------------
Start Final Netlist Cleanup
---------------------------------------------------------------------------------
---------------------------------------------------------------------------------
Finished Final Netlist Cleanup
---------------------------------------------------------------------------------
---------------------------------------------------------------------------------
Finished IO Insertion : Time (s): cpu = 00:00:26 ; elapsed = 00:00:31 . Memory (MB): peak = 2474.203 ; gain = 792.023 ; free physical = 7096 ; free virtual = 9054
---------------------------------------------------------------------------------
---------------------------------------------------------------------------------
Start Renaming Generated Instances
---------------------------------------------------------------------------------
---------------------------------------------------------------------------------
Finished Renaming Generated Instances : Time (s): cpu = 00:00:26 ; elapsed = 00:00:31 . Memory (MB): peak = 2474.203 ; gain = 792.023 ; free physical = 7096 ; free virtual = 9054
---------------------------------------------------------------------------------
---------------------------------------------------------------------------------
Start Rebuilding User Hierarchy
---------------------------------------------------------------------------------
---------------------------------------------------------------------------------
Finished Rebuilding User Hierarchy : Time (s): cpu = 00:00:26 ; elapsed = 00:00:31 . Memory (MB): peak = 2474.203 ; gain = 792.023 ; free physical = 7096 ; free virtual = 9054
---------------------------------------------------------------------------------
---------------------------------------------------------------------------------
Start Renaming Generated Ports
---------------------------------------------------------------------------------
---------------------------------------------------------------------------------
Finished Renaming Generated Ports : Time (s): cpu = 00:00:26 ; elapsed = 00:00:31 . Memory (MB): peak = 2474.203 ; gain = 792.023 ; free physical = 7096 ; free virtual = 9054
---------------------------------------------------------------------------------
---------------------------------------------------------------------------------
Start Handling Custom Attributes
---------------------------------------------------------------------------------
---------------------------------------------------------------------------------
Finished Handling Custom Attributes : Time (s): cpu = 00:00:26 ; elapsed = 00:00:31 . Memory (MB): peak = 2474.203 ; gain = 792.023 ; free physical = 7096 ; free virtual = 9054
---------------------------------------------------------------------------------
---------------------------------------------------------------------------------
Start Renaming Generated Nets
---------------------------------------------------------------------------------
---------------------------------------------------------------------------------
Finished Renaming Generated Nets : Time (s): cpu = 00:00:26 ; elapsed = 00:00:31 . Memory (MB): peak = 2474.203 ; gain = 792.023 ; free physical = 7096 ; free virtual = 9054
---------------------------------------------------------------------------------
---------------------------------------------------------------------------------
Start Writing Synthesis Report
---------------------------------------------------------------------------------

Report BlackBoxes: 
+-+--------------+----------+
| |BlackBox name |Instances |
+-+--------------+----------+
+-+--------------+----------+

Report Cell Usage: 
+------+-----+------+
|      |Cell |Count |
+------+-----+------+
|1     |LUT5 |     3|
|2     |FDRE |     3|
+------+-----+------+
---------------------------------------------------------------------------------
Finished Writing Synthesis Report : Time (s): cpu = 00:00:26 ; elapsed = 00:00:31 . Memory (MB): peak = 2474.203 ; gain = 792.023 ; free physical = 7096 ; free virtual = 9054
---------------------------------------------------------------------------------
Synthesis finished with 0 errors, 0 critical warnings and 0 warnings.
Synthesis Optimization Runtime : Time (s): cpu = 00:00:24 ; elapsed = 00:00:30 . Memory (MB): peak = 2474.203 ; gain = 736.125 ; free physical = 7096 ; free virtual = 9054
Synthesis Optimization Complete : Time (s): cpu = 00:00:26 ; elapsed = 00:00:31 . Memory (MB): peak = 2474.211 ; gain = 792.023 ; free physical = 7096 ; free virtual = 9054
INFO: [Project 1-571] Translating synthesized netlist
Netlist sorting complete. Time (s): cpu = 00:00:00 ; elapsed = 00:00:00 . Memory (MB): peak = 2488.078 ; gain = 0.000 ; free physical = 7073 ; free virtual = 9031
INFO: [Project 1-570] Preparing netlist for logic optimization
INFO: [Opt 31-138] Pushed 0 inverter(s) to 0 load pin(s).
Netlist sorting complete. Time (s): cpu = 00:00:00 ; elapsed = 00:00:00 . Memory (MB): peak = 2618.754 ; gain = 0.000 ; free physical = 7249 ; free virtual = 9207
INFO: [Project 1-111] Unisim Transformation Summary:
No Unisim elements were transformed.

Synth Design complete | Checksum: d3ece40e
INFO: [Common 17-83] Releasing license: Synthesis
23 Infos, 0 Warnings, 0 Critical Warnings and 0 Errors encountered.
synth_design completed successfully
synth_design: Time (s): cpu = 00:00:35 ; elapsed = 00:00:37 . Memory (MB): peak = 2618.789 ; gain = 1003.938 ; free physical = 7342 ; free virtual = 9300
INFO: [Common 17-2834] synth_design peak Physical Memory [PSS] (MB): overall = 1580.575; main = 1543.339; forked = 206.644
INFO: [Common 17-2834] synth_design peak Virtual Memory [VSS] (MB): overall = 3410.312; main = 2618.758; forked = 994.918
Write ShapeDB Complete: Time (s): cpu = 00:00:00 ; elapsed = 00:00:00 . Memory (MB): peak = 2642.766 ; gain = 0.000 ; free physical = 7342 ; free virtual = 9300
INFO: [Common 17-1381] The checkpoint '/home/kasper-ubuntu/Documents/APPL_project_tetris/QLink_2020/QLink_2020.runs/com_side_simple_button_fsm_2_0_synth_1/com_side_simple_button_fsm_2_0.dcp' has been generated.
INFO: [Vivado 12-24828] Executing command : report_utilization -file com_side_simple_button_fsm_2_0_utilization_synth.rpt -pb com_side_simple_button_fsm_2_0_utilization_synth.pb
INFO: [Common 17-206] Exiting Vivado at Mon May  4 11:27:51 2026...
