
*** Running vivado
    with args -log com_side_simple_button_fsm_0_2.vds -m64 -product Vivado -mode batch -messageDb vivado.pb -notrace -source com_side_simple_button_fsm_0_2.tcl


****** Vivado v2025.2 (64-bit)
  **** SW Build 6299465 on Fri Nov 14 12:34:56 MST 2025
  **** IP Build 6300035 on Fri Nov 14 10:48:45 MST 2025
  **** SharedData Build 6298862 on Thu Nov 13 04:50:51 MST 2025
  **** Start of session at: Mon May 18 12:22:54 2026
    ** Copyright 1986-2022 Xilinx, Inc. All Rights Reserved.
    ** Copyright 2022-2025 Advanced Micro Devices, Inc. All Rights Reserved.

source com_side_simple_button_fsm_0_2.tcl -notrace
create_project: Time (s): cpu = 00:00:10 ; elapsed = 00:00:07 . Memory (MB): peak = 1561.871 ; gain = 78.055 ; free physical = 4281 ; free virtual = 12294
INFO: [IP_Flow 19-234] Refreshing IP repositories
INFO: [IP_Flow 19-1700] Loaded user IP repository '/home/kasper-ubuntu/Documents/APPL_project_tetris/IPs'.
INFO: [IP_Flow 19-2313] Loaded Vivado IP repository '/home/kasper-ubuntu/Vivado/2025.2/data/ip'.
Command: synth_design -top com_side_simple_button_fsm_0_2 -part xc7s15ftgb196-1 -incremental_mode off -mode out_of_context
Starting synth_design
Attempting to get a license for feature 'Synthesis' and/or device 'xc7s15'
INFO: [Common 17-349] Got license for feature 'Synthesis' and/or device 'xc7s15'
INFO: [Device 21-403] Loading part xc7s15ftgb196-1
INFO: [Synth 8-7079] Multithreading enabled for synth_design using a maximum of 7 processes.
INFO: [Synth 8-7078] Launching helper process for spawning children vivado processes
INFO: [Synth 8-7075] Helper process launched with PID 64895
---------------------------------------------------------------------------------
Starting RTL Elaboration : Time (s): cpu = 00:00:06 ; elapsed = 00:00:08 . Memory (MB): peak = 2164.105 ; gain = 485.156 ; free physical = 1151 ; free virtual = 9163
---------------------------------------------------------------------------------
INFO: [Synth 8-638] synthesizing module 'com_side_simple_button_fsm_0_2' [/home/kasper-ubuntu/Documents/APPL_project_tetris/QLink_2020/QLink_2020.gen/sources_1/bd/com_side/ip/com_side_simple_button_fsm_0_2/synth/com_side_simple_button_fsm_0_2.vhd:67]
INFO: [Synth 8-3491] module 'simple_button_fsm' declared at '/home/kasper-ubuntu/Documents/APPL_project_tetris/QLink_2020/QLink_2020.srcs/sources_1/imports/new/simple_FSM.vhd:4' bound to instance 'U0' of component 'simple_button_fsm' [/home/kasper-ubuntu/Documents/APPL_project_tetris/QLink_2020/QLink_2020.gen/sources_1/bd/com_side/ip/com_side_simple_button_fsm_0_2/synth/com_side_simple_button_fsm_0_2.vhd:98]
INFO: [Synth 8-638] synthesizing module 'simple_button_fsm' [/home/kasper-ubuntu/Documents/APPL_project_tetris/QLink_2020/QLink_2020.srcs/sources_1/imports/new/simple_FSM.vhd:15]
INFO: [Synth 8-256] done synthesizing module 'simple_button_fsm' (0#1) [/home/kasper-ubuntu/Documents/APPL_project_tetris/QLink_2020/QLink_2020.srcs/sources_1/imports/new/simple_FSM.vhd:15]
INFO: [Synth 8-256] done synthesizing module 'com_side_simple_button_fsm_0_2' (0#1) [/home/kasper-ubuntu/Documents/APPL_project_tetris/QLink_2020/QLink_2020.gen/sources_1/bd/com_side/ip/com_side_simple_button_fsm_0_2/synth/com_side_simple_button_fsm_0_2.vhd:67]
---------------------------------------------------------------------------------
Finished RTL Elaboration : Time (s): cpu = 00:00:07 ; elapsed = 00:00:10 . Memory (MB): peak = 2252.074 ; gain = 573.125 ; free physical = 789 ; free virtual = 8803
---------------------------------------------------------------------------------
---------------------------------------------------------------------------------
Start Handling Custom Attributes
---------------------------------------------------------------------------------
---------------------------------------------------------------------------------
Finished Handling Custom Attributes : Time (s): cpu = 00:00:08 ; elapsed = 00:00:10 . Memory (MB): peak = 2263.949 ; gain = 585.000 ; free physical = 788 ; free virtual = 8805
---------------------------------------------------------------------------------
---------------------------------------------------------------------------------
Finished RTL Optimization Phase 1 : Time (s): cpu = 00:00:08 ; elapsed = 00:00:10 . Memory (MB): peak = 2263.949 ; gain = 585.000 ; free physical = 788 ; free virtual = 8805
---------------------------------------------------------------------------------
Netlist sorting complete. Time (s): cpu = 00:00:00 ; elapsed = 00:00:00 . Memory (MB): peak = 2263.949 ; gain = 0.000 ; free physical = 788 ; free virtual = 8805
INFO: [Project 1-570] Preparing netlist for logic optimization

Processing XDC Constraints
Initializing timing engine
Completed Processing XDC Constraints

Netlist sorting complete. Time (s): cpu = 00:00:00 ; elapsed = 00:00:00 . Memory (MB): peak = 2324.781 ; gain = 0.000 ; free physical = 776 ; free virtual = 8791
INFO: [Project 1-111] Unisim Transformation Summary:
No Unisim elements were transformed.

Constraint Validation Runtime : Time (s): cpu = 00:00:00.01 ; elapsed = 00:00:00.01 . Memory (MB): peak = 2324.816 ; gain = 0.000 ; free physical = 776 ; free virtual = 8791
INFO: [Designutils 20-5008] Incremental synthesis strategy off
---------------------------------------------------------------------------------
Finished Constraint Validation : Time (s): cpu = 00:00:16 ; elapsed = 00:00:18 . Memory (MB): peak = 2324.816 ; gain = 645.867 ; free physical = 779 ; free virtual = 8795
---------------------------------------------------------------------------------
---------------------------------------------------------------------------------
Start Loading Part and Timing Information
---------------------------------------------------------------------------------
Loading part: xc7s15ftgb196-1
---------------------------------------------------------------------------------
Finished Loading Part and Timing Information : Time (s): cpu = 00:00:16 ; elapsed = 00:00:18 . Memory (MB): peak = 2332.785 ; gain = 653.836 ; free physical = 779 ; free virtual = 8795
---------------------------------------------------------------------------------
---------------------------------------------------------------------------------
Start Applying 'set_property' XDC Constraints
---------------------------------------------------------------------------------
---------------------------------------------------------------------------------
Finished applying 'set_property' XDC Constraints : Time (s): cpu = 00:00:16 ; elapsed = 00:00:18 . Memory (MB): peak = 2332.785 ; gain = 653.836 ; free physical = 779 ; free virtual = 8795
---------------------------------------------------------------------------------
INFO: [Synth 8-802] inferred FSM for state register 'state_reg' in module 'simple_button_fsm'
---------------------------------------------------------------------------------------------------
                   State |                     New Encoding |                Previous Encoding 
---------------------------------------------------------------------------------------------------
                    idle |                              001 |                               00
                   press |                              010 |                               01
                 release |                              100 |                               10
---------------------------------------------------------------------------------------------------
INFO: [Synth 8-3354] encoded FSM with state register 'state_reg' using encoding 'one-hot' in module 'simple_button_fsm'
---------------------------------------------------------------------------------
Finished RTL Optimization Phase 2 : Time (s): cpu = 00:00:16 ; elapsed = 00:00:18 . Memory (MB): peak = 2332.785 ; gain = 653.836 ; free physical = 775 ; free virtual = 8795
---------------------------------------------------------------------------------
No constraint files found.
---------------------------------------------------------------------------------
Start RTL Component Statistics 
---------------------------------------------------------------------------------
Detailed RTL Component Info : 
+---Muxes : 
	   3 Input    1 Bit        Muxes := 1     
---------------------------------------------------------------------------------
Finished RTL Component Statistics 
---------------------------------------------------------------------------------
---------------------------------------------------------------------------------
Start Part Resource Summary
---------------------------------------------------------------------------------
Part Resources:
DSPs: 20 (col length:20)
BRAMs: 20 (col length: RAMB18 20 RAMB36 10)
---------------------------------------------------------------------------------
Finished Part Resource Summary
---------------------------------------------------------------------------------
No constraint files found.
---------------------------------------------------------------------------------
Start Cross Boundary and Area Optimization
---------------------------------------------------------------------------------
---------------------------------------------------------------------------------
Finished Cross Boundary and Area Optimization : Time (s): cpu = 00:00:18 ; elapsed = 00:00:20 . Memory (MB): peak = 2332.785 ; gain = 653.836 ; free physical = 758 ; free virtual = 8777
---------------------------------------------------------------------------------
No constraint files found.
---------------------------------------------------------------------------------
Start Timing Optimization
---------------------------------------------------------------------------------
---------------------------------------------------------------------------------
Finished Timing Optimization : Time (s): cpu = 00:00:18 ; elapsed = 00:00:20 . Memory (MB): peak = 2332.785 ; gain = 653.836 ; free physical = 758 ; free virtual = 8777
---------------------------------------------------------------------------------
---------------------------------------------------------------------------------
Start Technology Mapping
---------------------------------------------------------------------------------
---------------------------------------------------------------------------------
Finished Technology Mapping : Time (s): cpu = 00:00:18 ; elapsed = 00:00:20 . Memory (MB): peak = 2332.785 ; gain = 653.836 ; free physical = 758 ; free virtual = 8777
---------------------------------------------------------------------------------
---------------------------------------------------------------------------------
Start IO Insertion
---------------------------------------------------------------------------------
---------------------------------------------------------------------------------
Start Flattening Before IO Insertion
---------------------------------------------------------------------------------
---------------------------------------------------------------------------------
Finished Flattening Before IO Insertion
---------------------------------------------------------------------------------
---------------------------------------------------------------------------------
Start Final Netlist Cleanup
---------------------------------------------------------------------------------
---------------------------------------------------------------------------------
Finished Final Netlist Cleanup
---------------------------------------------------------------------------------
---------------------------------------------------------------------------------
Finished IO Insertion : Time (s): cpu = 00:00:22 ; elapsed = 00:00:25 . Memory (MB): peak = 2473.598 ; gain = 794.648 ; free physical = 406 ; free virtual = 8425
---------------------------------------------------------------------------------
---------------------------------------------------------------------------------
Start Renaming Generated Instances
---------------------------------------------------------------------------------
---------------------------------------------------------------------------------
Finished Renaming Generated Instances : Time (s): cpu = 00:00:22 ; elapsed = 00:00:25 . Memory (MB): peak = 2473.598 ; gain = 794.648 ; free physical = 406 ; free virtual = 8425
---------------------------------------------------------------------------------
---------------------------------------------------------------------------------
Start Rebuilding User Hierarchy
---------------------------------------------------------------------------------
---------------------------------------------------------------------------------
Finished Rebuilding User Hierarchy : Time (s): cpu = 00:00:22 ; elapsed = 00:00:25 . Memory (MB): peak = 2473.598 ; gain = 794.648 ; free physical = 406 ; free virtual = 8425
---------------------------------------------------------------------------------
---------------------------------------------------------------------------------
Start Renaming Generated Ports
---------------------------------------------------------------------------------
---------------------------------------------------------------------------------
Finished Renaming Generated Ports : Time (s): cpu = 00:00:22 ; elapsed = 00:00:25 . Memory (MB): peak = 2473.598 ; gain = 794.648 ; free physical = 406 ; free virtual = 8425
---------------------------------------------------------------------------------
---------------------------------------------------------------------------------
Start Handling Custom Attributes
---------------------------------------------------------------------------------
---------------------------------------------------------------------------------
Finished Handling Custom Attributes : Time (s): cpu = 00:00:22 ; elapsed = 00:00:25 . Memory (MB): peak = 2473.598 ; gain = 794.648 ; free physical = 406 ; free virtual = 8425
---------------------------------------------------------------------------------
---------------------------------------------------------------------------------
Start Renaming Generated Nets
---------------------------------------------------------------------------------
---------------------------------------------------------------------------------
Finished Renaming Generated Nets : Time (s): cpu = 00:00:22 ; elapsed = 00:00:25 . Memory (MB): peak = 2473.598 ; gain = 794.648 ; free physical = 406 ; free virtual = 8425
---------------------------------------------------------------------------------
---------------------------------------------------------------------------------
Start Writing Synthesis Report
---------------------------------------------------------------------------------

Report BlackBoxes: 
+-+--------------+----------+
| |BlackBox name |Instances |
+-+--------------+----------+
+-+--------------+----------+

Report Cell Usage: 
+------+-----+------+
|      |Cell |Count |
+------+-----+------+
|1     |LUT5 |     3|
|2     |FDRE |     3|
+------+-----+------+
---------------------------------------------------------------------------------
Finished Writing Synthesis Report : Time (s): cpu = 00:00:22 ; elapsed = 00:00:25 . Memory (MB): peak = 2473.598 ; gain = 794.648 ; free physical = 406 ; free virtual = 8425
---------------------------------------------------------------------------------
Synthesis finished with 0 errors, 0 critical warnings and 0 warnings.
Synthesis Optimization Runtime : Time (s): cpu = 00:00:20 ; elapsed = 00:00:23 . Memory (MB): peak = 2473.598 ; gain = 733.781 ; free physical = 398 ; free virtual = 8417
Synthesis Optimization Complete : Time (s): cpu = 00:00:22 ; elapsed = 00:00:25 . Memory (MB): peak = 2473.605 ; gain = 794.648 ; free physical = 398 ; free virtual = 8417
INFO: [Project 1-571] Translating synthesized netlist
Netlist sorting complete. Time (s): cpu = 00:00:00 ; elapsed = 00:00:00 . Memory (MB): peak = 2487.473 ; gain = 0.000 ; free physical = 374 ; free virtual = 8393
INFO: [Project 1-570] Preparing netlist for logic optimization
INFO: [Opt 31-138] Pushed 0 inverter(s) to 0 load pin(s).
Netlist sorting complete. Time (s): cpu = 00:00:00 ; elapsed = 00:00:00 . Memory (MB): peak = 2618.148 ; gain = 0.000 ; free physical = 508 ; free virtual = 8527
INFO: [Project 1-111] Unisim Transformation Summary:
No Unisim elements were transformed.

Synth Design complete | Checksum: 48baa376
INFO: [Common 17-83] Releasing license: Synthesis
23 Infos, 0 Warnings, 0 Critical Warnings and 0 Errors encountered.
synth_design completed successfully
synth_design: Time (s): cpu = 00:00:30 ; elapsed = 00:00:30 . Memory (MB): peak = 2618.184 ; gain = 1056.312 ; free physical = 451 ; free virtual = 8470
INFO: [Common 17-2834] synth_design peak Physical Memory [PSS] (MB): overall = 1529.000; main = 1529.000; forked = 205.723
INFO: [Common 17-2834] synth_design peak Virtual Memory [VSS] (MB): overall = 3327.707; main = 2618.152; forked = 994.918
Write ShapeDB Complete: Time (s): cpu = 00:00:00 ; elapsed = 00:00:00 . Memory (MB): peak = 2642.160 ; gain = 0.000 ; free physical = 435 ; free virtual = 8454
INFO: [Common 17-1381] The checkpoint '/home/kasper-ubuntu/Documents/APPL_project_tetris/QLink_2020/QLink_2020.runs/com_side_simple_button_fsm_0_2_synth_1/com_side_simple_button_fsm_0_2.dcp' has been generated.
INFO: [Vivado 12-24828] Executing command : report_utilization -file com_side_simple_button_fsm_0_2_utilization_synth.rpt -pb com_side_simple_button_fsm_0_2_utilization_synth.pb
INFO: [Common 17-206] Exiting Vivado at Mon May 18 12:23:37 2026...
