
*** Running vivado
    with args -log top_level_draw_box_0_0.vds -m64 -product Vivado -mode batch -messageDb vivado.pb -notrace -source top_level_draw_box_0_0.tcl


****** Vivado v2025.2 (64-bit)
  **** SW Build 6299465 on Fri Nov 14 12:34:56 MST 2025
  **** IP Build 6300035 on Fri Nov 14 10:48:45 MST 2025
  **** SharedData Build 6298862 on Thu Nov 13 04:50:51 MST 2025
  **** Start of session at: Mon May  4 11:51:19 2026
    ** Copyright 1986-2022 Xilinx, Inc. All Rights Reserved.
    ** Copyright 2022-2025 Advanced Micro Devices, Inc. All Rights Reserved.

source top_level_draw_box_0_0.tcl -notrace
create_project: Time (s): cpu = 00:00:14 ; elapsed = 00:00:08 . Memory (MB): peak = 1562.867 ; gain = 82.055 ; free physical = 9415 ; free virtual = 11726
INFO: [IP_Flow 19-234] Refreshing IP repositories
INFO: [IP_Flow 19-1700] Loaded user IP repository '/home/kasper-ubuntu/Documents/APPL_project_tetris/IPs'.
INFO: [IP_Flow 19-2313] Loaded Vivado IP repository '/home/kasper-ubuntu/Vivado/2025.2/data/ip'.
Command: synth_design -top top_level_draw_box_0_0 -part xc7s15ftgb196-1 -incremental_mode off -mode out_of_context
Starting synth_design
Attempting to get a license for feature 'Synthesis' and/or device 'xc7s15'
INFO: [Common 17-349] Got license for feature 'Synthesis' and/or device 'xc7s15'
INFO: [Device 21-403] Loading part xc7s15ftgb196-1
INFO: [Synth 8-7079] Multithreading enabled for synth_design using a maximum of 7 processes.
INFO: [Synth 8-7078] Launching helper process for spawning children vivado processes
INFO: [Synth 8-7075] Helper process launched with PID 31992
---------------------------------------------------------------------------------
Starting RTL Elaboration : Time (s): cpu = 00:00:08 ; elapsed = 00:00:11 . Memory (MB): peak = 2164.102 ; gain = 483.156 ; free physical = 8103 ; free virtual = 10414
---------------------------------------------------------------------------------
INFO: [Synth 8-638] synthesizing module 'top_level_draw_box_0_0' [/home/kasper-ubuntu/Documents/APPL_project_tetris/frame_gen/frame_gen.gen/sources_1/bd/top_level/ip/top_level_draw_box_0_0/synth/top_level_draw_box_0_0.vhd:70]
INFO: [Synth 8-3491] module 'draw_box' declared at '/home/kasper-ubuntu/Documents/APPL_project_tetris/frame_gen/frame_gen.srcs/sources_1/new/draw_box.vhd:34' bound to instance 'U0' of component 'draw_box' [/home/kasper-ubuntu/Documents/APPL_project_tetris/frame_gen/frame_gen.gen/sources_1/bd/top_level/ip/top_level_draw_box_0_0/synth/top_level_draw_box_0_0.vhd:101]
INFO: [Synth 8-638] synthesizing module 'draw_box' [/home/kasper-ubuntu/Documents/APPL_project_tetris/frame_gen/frame_gen.srcs/sources_1/new/draw_box.vhd:46]
WARNING: [Synth 8-614] signal 'red_in' is read in the process but is not in the sensitivity list [/home/kasper-ubuntu/Documents/APPL_project_tetris/frame_gen/frame_gen.srcs/sources_1/new/draw_box.vhd:109]
WARNING: [Synth 8-614] signal 'green_in' is read in the process but is not in the sensitivity list [/home/kasper-ubuntu/Documents/APPL_project_tetris/frame_gen/frame_gen.srcs/sources_1/new/draw_box.vhd:109]
WARNING: [Synth 8-614] signal 'blue_in' is read in the process but is not in the sensitivity list [/home/kasper-ubuntu/Documents/APPL_project_tetris/frame_gen/frame_gen.srcs/sources_1/new/draw_box.vhd:109]
INFO: [Synth 8-256] done synthesizing module 'draw_box' (0#1) [/home/kasper-ubuntu/Documents/APPL_project_tetris/frame_gen/frame_gen.srcs/sources_1/new/draw_box.vhd:46]
INFO: [Synth 8-256] done synthesizing module 'top_level_draw_box_0_0' (0#1) [/home/kasper-ubuntu/Documents/APPL_project_tetris/frame_gen/frame_gen.gen/sources_1/bd/top_level/ip/top_level_draw_box_0_0/synth/top_level_draw_box_0_0.vhd:70]
---------------------------------------------------------------------------------
Finished RTL Elaboration : Time (s): cpu = 00:00:11 ; elapsed = 00:00:14 . Memory (MB): peak = 2252.070 ; gain = 571.125 ; free physical = 7270 ; free virtual = 9581
---------------------------------------------------------------------------------
---------------------------------------------------------------------------------
Start Handling Custom Attributes
---------------------------------------------------------------------------------
---------------------------------------------------------------------------------
Finished Handling Custom Attributes : Time (s): cpu = 00:00:11 ; elapsed = 00:00:14 . Memory (MB): peak = 2263.945 ; gain = 583.000 ; free physical = 7254 ; free virtual = 9566
---------------------------------------------------------------------------------
---------------------------------------------------------------------------------
Finished RTL Optimization Phase 1 : Time (s): cpu = 00:00:11 ; elapsed = 00:00:14 . Memory (MB): peak = 2263.945 ; gain = 583.000 ; free physical = 7246 ; free virtual = 9558
---------------------------------------------------------------------------------
Netlist sorting complete. Time (s): cpu = 00:00:00 ; elapsed = 00:00:00 . Memory (MB): peak = 2263.945 ; gain = 0.000 ; free physical = 7238 ; free virtual = 9550
INFO: [Project 1-570] Preparing netlist for logic optimization

Processing XDC Constraints
Initializing timing engine
Completed Processing XDC Constraints

Netlist sorting complete. Time (s): cpu = 00:00:00 ; elapsed = 00:00:00.01 . Memory (MB): peak = 2350.684 ; gain = 0.000 ; free physical = 8144 ; free virtual = 10455
INFO: [Project 1-111] Unisim Transformation Summary:
No Unisim elements were transformed.

Constraint Validation Runtime : Time (s): cpu = 00:00:00.01 ; elapsed = 00:00:00.01 . Memory (MB): peak = 2350.719 ; gain = 0.000 ; free physical = 8144 ; free virtual = 10455
INFO: [Designutils 20-5008] Incremental synthesis strategy off
---------------------------------------------------------------------------------
Finished Constraint Validation : Time (s): cpu = 00:00:21 ; elapsed = 00:00:24 . Memory (MB): peak = 2350.719 ; gain = 669.773 ; free physical = 9282 ; free virtual = 11594
---------------------------------------------------------------------------------
---------------------------------------------------------------------------------
Start Loading Part and Timing Information
---------------------------------------------------------------------------------
Loading part: xc7s15ftgb196-1
---------------------------------------------------------------------------------
Finished Loading Part and Timing Information : Time (s): cpu = 00:00:21 ; elapsed = 00:00:24 . Memory (MB): peak = 2358.688 ; gain = 677.742 ; free physical = 9281 ; free virtual = 11594
---------------------------------------------------------------------------------
---------------------------------------------------------------------------------
Start Applying 'set_property' XDC Constraints
---------------------------------------------------------------------------------
---------------------------------------------------------------------------------
Finished applying 'set_property' XDC Constraints : Time (s): cpu = 00:00:21 ; elapsed = 00:00:24 . Memory (MB): peak = 2358.688 ; gain = 677.742 ; free physical = 9281 ; free virtual = 11594
---------------------------------------------------------------------------------
---------------------------------------------------------------------------------
Finished RTL Optimization Phase 2 : Time (s): cpu = 00:00:21 ; elapsed = 00:00:24 . Memory (MB): peak = 2358.688 ; gain = 677.742 ; free physical = 9281 ; free virtual = 11595
---------------------------------------------------------------------------------
No constraint files found.
---------------------------------------------------------------------------------
Start RTL Component Statistics 
---------------------------------------------------------------------------------
Detailed RTL Component Info : 
+---Registers : 
	                2 Bit    Registers := 1     
+---Muxes : 
	   2 Input    8 Bit        Muxes := 6     
	   3 Input    2 Bit        Muxes := 1     
	   2 Input    2 Bit        Muxes := 2     
	   2 Input    1 Bit        Muxes := 1     
---------------------------------------------------------------------------------
Finished RTL Component Statistics 
---------------------------------------------------------------------------------
---------------------------------------------------------------------------------
Start Part Resource Summary
---------------------------------------------------------------------------------
Part Resources:
DSPs: 20 (col length:20)
BRAMs: 20 (col length: RAMB18 20 RAMB36 10)
---------------------------------------------------------------------------------
Finished Part Resource Summary
---------------------------------------------------------------------------------
No constraint files found.
---------------------------------------------------------------------------------
Start Cross Boundary and Area Optimization
---------------------------------------------------------------------------------
---------------------------------------------------------------------------------
Finished Cross Boundary and Area Optimization : Time (s): cpu = 00:00:23 ; elapsed = 00:00:26 . Memory (MB): peak = 2358.688 ; gain = 677.742 ; free physical = 9344 ; free virtual = 11657
---------------------------------------------------------------------------------
No constraint files found.
---------------------------------------------------------------------------------
Start Timing Optimization
---------------------------------------------------------------------------------
---------------------------------------------------------------------------------
Finished Timing Optimization : Time (s): cpu = 00:00:23 ; elapsed = 00:00:26 . Memory (MB): peak = 2358.688 ; gain = 677.742 ; free physical = 9344 ; free virtual = 11657
---------------------------------------------------------------------------------
---------------------------------------------------------------------------------
Start Technology Mapping
---------------------------------------------------------------------------------
---------------------------------------------------------------------------------
Finished Technology Mapping : Time (s): cpu = 00:00:23 ; elapsed = 00:00:26 . Memory (MB): peak = 2358.688 ; gain = 677.742 ; free physical = 9344 ; free virtual = 11657
---------------------------------------------------------------------------------
---------------------------------------------------------------------------------
Start IO Insertion
---------------------------------------------------------------------------------
---------------------------------------------------------------------------------
Start Flattening Before IO Insertion
---------------------------------------------------------------------------------
---------------------------------------------------------------------------------
Finished Flattening Before IO Insertion
---------------------------------------------------------------------------------
---------------------------------------------------------------------------------
Start Final Netlist Cleanup
---------------------------------------------------------------------------------
---------------------------------------------------------------------------------
Finished Final Netlist Cleanup
---------------------------------------------------------------------------------
---------------------------------------------------------------------------------
Finished IO Insertion : Time (s): cpu = 00:00:28 ; elapsed = 00:00:31 . Memory (MB): peak = 2474.500 ; gain = 793.555 ; free physical = 9426 ; free virtual = 11740
---------------------------------------------------------------------------------
---------------------------------------------------------------------------------
Start Renaming Generated Instances
---------------------------------------------------------------------------------
---------------------------------------------------------------------------------
Finished Renaming Generated Instances : Time (s): cpu = 00:00:28 ; elapsed = 00:00:31 . Memory (MB): peak = 2474.500 ; gain = 793.555 ; free physical = 9426 ; free virtual = 11740
---------------------------------------------------------------------------------
---------------------------------------------------------------------------------
Start Rebuilding User Hierarchy
---------------------------------------------------------------------------------
---------------------------------------------------------------------------------
Finished Rebuilding User Hierarchy : Time (s): cpu = 00:00:28 ; elapsed = 00:00:31 . Memory (MB): peak = 2474.500 ; gain = 793.555 ; free physical = 9426 ; free virtual = 11740
---------------------------------------------------------------------------------
---------------------------------------------------------------------------------
Start Renaming Generated Ports
---------------------------------------------------------------------------------
---------------------------------------------------------------------------------
Finished Renaming Generated Ports : Time (s): cpu = 00:00:28 ; elapsed = 00:00:31 . Memory (MB): peak = 2474.500 ; gain = 793.555 ; free physical = 9426 ; free virtual = 11740
---------------------------------------------------------------------------------
---------------------------------------------------------------------------------
Start Handling Custom Attributes
---------------------------------------------------------------------------------
---------------------------------------------------------------------------------
Finished Handling Custom Attributes : Time (s): cpu = 00:00:28 ; elapsed = 00:00:31 . Memory (MB): peak = 2474.500 ; gain = 793.555 ; free physical = 9426 ; free virtual = 11740
---------------------------------------------------------------------------------
---------------------------------------------------------------------------------
Start Renaming Generated Nets
---------------------------------------------------------------------------------
---------------------------------------------------------------------------------
Finished Renaming Generated Nets : Time (s): cpu = 00:00:28 ; elapsed = 00:00:31 . Memory (MB): peak = 2474.500 ; gain = 793.555 ; free physical = 9426 ; free virtual = 11740
---------------------------------------------------------------------------------
---------------------------------------------------------------------------------
Start Writing Synthesis Report
---------------------------------------------------------------------------------

Report BlackBoxes: 
+-+--------------+----------+
| |BlackBox name |Instances |
+-+--------------+----------+
+-+--------------+----------+

Report Cell Usage: 
+------+-----+------+
|      |Cell |Count |
+------+-----+------+
|1     |LUT2 |     3|
|2     |LUT3 |    28|
|3     |LUT4 |     4|
|4     |LUT5 |     2|
|5     |LUT6 |    12|
|6     |FDRE |     2|
+------+-----+------+
---------------------------------------------------------------------------------
Finished Writing Synthesis Report : Time (s): cpu = 00:00:28 ; elapsed = 00:00:31 . Memory (MB): peak = 2474.500 ; gain = 793.555 ; free physical = 9426 ; free virtual = 11740
---------------------------------------------------------------------------------
Synthesis finished with 0 errors, 0 critical warnings and 0 warnings.
Synthesis Optimization Runtime : Time (s): cpu = 00:00:26 ; elapsed = 00:00:28 . Memory (MB): peak = 2474.500 ; gain = 706.781 ; free physical = 9426 ; free virtual = 11740
Synthesis Optimization Complete : Time (s): cpu = 00:00:28 ; elapsed = 00:00:31 . Memory (MB): peak = 2474.508 ; gain = 793.555 ; free physical = 9426 ; free virtual = 11740
INFO: [Project 1-571] Translating synthesized netlist
Netlist sorting complete. Time (s): cpu = 00:00:00 ; elapsed = 00:00:00 . Memory (MB): peak = 2490.344 ; gain = 0.000 ; free physical = 9411 ; free virtual = 11725
INFO: [Project 1-570] Preparing netlist for logic optimization
INFO: [Opt 31-138] Pushed 0 inverter(s) to 0 load pin(s).
Netlist sorting complete. Time (s): cpu = 00:00:00 ; elapsed = 00:00:00 . Memory (MB): peak = 2619.988 ; gain = 0.000 ; free physical = 9496 ; free virtual = 11811
INFO: [Project 1-111] Unisim Transformation Summary:
No Unisim elements were transformed.

Synth Design complete | Checksum: 25d5da26
INFO: [Common 17-83] Releasing license: Synthesis
21 Infos, 3 Warnings, 0 Critical Warnings and 0 Errors encountered.
synth_design completed successfully
synth_design: Time (s): cpu = 00:00:39 ; elapsed = 00:00:42 . Memory (MB): peak = 2620.023 ; gain = 1057.156 ; free physical = 9480 ; free virtual = 11794
INFO: [Common 17-2834] synth_design peak Physical Memory [PSS] (MB): overall = 1709.929; main = 1607.772; forked = 240.207
INFO: [Common 17-2834] synth_design peak Virtual Memory [VSS] (MB): overall = 3438.609; main = 2619.992; forked = 994.918
Write ShapeDB Complete: Time (s): cpu = 00:00:00 ; elapsed = 00:00:00 . Memory (MB): peak = 2644.000 ; gain = 0.000 ; free physical = 9480 ; free virtual = 11794
INFO: [Common 17-1381] The checkpoint '/home/kasper-ubuntu/Documents/APPL_project_tetris/QLink_2020/QLink_2020.runs/top_level_draw_box_0_0_synth_1/top_level_draw_box_0_0.dcp' has been generated.
INFO: [Vivado 12-24828] Executing command : report_utilization -file top_level_draw_box_0_0_utilization_synth.rpt -pb top_level_draw_box_0_0_utilization_synth.pb
INFO: [Common 17-206] Exiting Vivado at Mon May  4 11:52:18 2026...
