
*** Running vivado
    with args -log top_level_output_diff_0_3.vds -m64 -product Vivado -mode batch -messageDb vivado.pb -notrace -source top_level_output_diff_0_3.tcl


****** Vivado v2025.2 (64-bit)
  **** SW Build 6299465 on Fri Nov 14 12:34:56 MST 2025
  **** IP Build 6300035 on Fri Nov 14 10:48:45 MST 2025
  **** SharedData Build 6298862 on Thu Nov 13 04:50:51 MST 2025
  **** Start of session at: Mon May  4 11:48:25 2026
    ** Copyright 1986-2022 Xilinx, Inc. All Rights Reserved.
    ** Copyright 2022-2025 Advanced Micro Devices, Inc. All Rights Reserved.

source top_level_output_diff_0_3.tcl -notrace
create_project: Time (s): cpu = 00:00:14 ; elapsed = 00:00:14 . Memory (MB): peak = 1556.801 ; gain = 73.055 ; free physical = 9574 ; free virtual = 11878
INFO: [IP_Flow 19-234] Refreshing IP repositories
INFO: [IP_Flow 19-1700] Loaded user IP repository '/home/kasper-ubuntu/Documents/APPL_project_tetris/IPs'.
INFO: [IP_Flow 19-2313] Loaded Vivado IP repository '/home/kasper-ubuntu/Vivado/2025.2/data/ip'.
Command: synth_design -top top_level_output_diff_0_3 -part xc7s15ftgb196-1 -incremental_mode off -mode out_of_context
Starting synth_design
Attempting to get a license for feature 'Synthesis' and/or device 'xc7s15'
INFO: [Common 17-349] Got license for feature 'Synthesis' and/or device 'xc7s15'
INFO: [Device 21-403] Loading part xc7s15ftgb196-1
INFO: [Synth 8-7079] Multithreading enabled for synth_design using a maximum of 7 processes.
INFO: [Synth 8-7078] Launching helper process for spawning children vivado processes
INFO: [Synth 8-7075] Helper process launched with PID 29990
---------------------------------------------------------------------------------
Starting RTL Elaboration : Time (s): cpu = 00:00:09 ; elapsed = 00:00:18 . Memory (MB): peak = 2164.066 ; gain = 484.188 ; free physical = 4789 ; free virtual = 7094
---------------------------------------------------------------------------------
INFO: [Synth 8-638] synthesizing module 'top_level_output_diff_0_3' [/home/kasper-ubuntu/Documents/APPL_project_tetris/frame_gen/frame_gen.gen/sources_1/bd/top_level/ip/top_level_output_diff_0_3/synth/top_level_output_diff_0_3.vhd:64]
INFO: [Synth 8-3491] module 'output_diff' declared at '/home/kasper-ubuntu/Documents/APPL_project_tetris/frame_gen/frame_gen.srcs/sources_1/new/output_diff.vhd:34' bound to instance 'U0' of component 'output_diff' [/home/kasper-ubuntu/Documents/APPL_project_tetris/frame_gen/frame_gen.gen/sources_1/bd/top_level/ip/top_level_output_diff_0_3/synth/top_level_output_diff_0_3.vhd:83]
INFO: [Synth 8-638] synthesizing module 'output_diff' [/home/kasper-ubuntu/Documents/APPL_project_tetris/frame_gen/frame_gen.srcs/sources_1/new/output_diff.vhd:40]
INFO: [Synth 8-6157] synthesizing module 'OBUFDS' [/home/kasper-ubuntu/Vivado/2025.2/Vivado/scripts/rt/data/unisim_comp.v:113534]
INFO: [Synth 8-6155] done synthesizing module 'OBUFDS' (0#1) [/home/kasper-ubuntu/Vivado/2025.2/Vivado/scripts/rt/data/unisim_comp.v:113534]
INFO: [Synth 8-256] done synthesizing module 'output_diff' (0#1) [/home/kasper-ubuntu/Documents/APPL_project_tetris/frame_gen/frame_gen.srcs/sources_1/new/output_diff.vhd:40]
INFO: [Synth 8-256] done synthesizing module 'top_level_output_diff_0_3' (0#1) [/home/kasper-ubuntu/Documents/APPL_project_tetris/frame_gen/frame_gen.gen/sources_1/bd/top_level/ip/top_level_output_diff_0_3/synth/top_level_output_diff_0_3.vhd:64]
---------------------------------------------------------------------------------
Finished RTL Elaboration : Time (s): cpu = 00:00:12 ; elapsed = 00:00:22 . Memory (MB): peak = 2252.004 ; gain = 572.125 ; free physical = 4307 ; free virtual = 6616
---------------------------------------------------------------------------------
---------------------------------------------------------------------------------
Start Handling Custom Attributes
---------------------------------------------------------------------------------
---------------------------------------------------------------------------------
Finished Handling Custom Attributes : Time (s): cpu = 00:00:12 ; elapsed = 00:00:22 . Memory (MB): peak = 2263.879 ; gain = 584.000 ; free physical = 4306 ; free virtual = 6614
---------------------------------------------------------------------------------
---------------------------------------------------------------------------------
Finished RTL Optimization Phase 1 : Time (s): cpu = 00:00:12 ; elapsed = 00:00:22 . Memory (MB): peak = 2263.879 ; gain = 584.000 ; free physical = 4306 ; free virtual = 6614
---------------------------------------------------------------------------------
Netlist sorting complete. Time (s): cpu = 00:00:00 ; elapsed = 00:00:00.01 . Memory (MB): peak = 2269.816 ; gain = 0.000 ; free physical = 4299 ; free virtual = 6607
INFO: [Netlist 29-17] Analyzing 1 Unisim elements for replacement
INFO: [Netlist 29-28] Unisim Transformation completed in 0 CPU seconds
INFO: [Project 1-570] Preparing netlist for logic optimization

Processing XDC Constraints
Initializing timing engine
Completed Processing XDC Constraints

Netlist sorting complete. Time (s): cpu = 00:00:00 ; elapsed = 00:00:00 . Memory (MB): peak = 2312.805 ; gain = 0.000 ; free physical = 4271 ; free virtual = 6581
INFO: [Project 1-111] Unisim Transformation Summary:
No Unisim elements were transformed.

Constraint Validation Runtime : Time (s): cpu = 00:00:00.01 ; elapsed = 00:00:00.03 . Memory (MB): peak = 2312.840 ; gain = 0.000 ; free physical = 4271 ; free virtual = 6581
INFO: [Designutils 20-5008] Incremental synthesis strategy off
---------------------------------------------------------------------------------
Finished Constraint Validation : Time (s): cpu = 00:00:24 ; elapsed = 00:00:36 . Memory (MB): peak = 2312.840 ; gain = 632.961 ; free physical = 4287 ; free virtual = 6599
---------------------------------------------------------------------------------
---------------------------------------------------------------------------------
Start Loading Part and Timing Information
---------------------------------------------------------------------------------
Loading part: xc7s15ftgb196-1
---------------------------------------------------------------------------------
Finished Loading Part and Timing Information : Time (s): cpu = 00:00:24 ; elapsed = 00:00:36 . Memory (MB): peak = 2320.809 ; gain = 640.930 ; free physical = 4287 ; free virtual = 6599
---------------------------------------------------------------------------------
---------------------------------------------------------------------------------
Start Applying 'set_property' XDC Constraints
---------------------------------------------------------------------------------
---------------------------------------------------------------------------------
Finished applying 'set_property' XDC Constraints : Time (s): cpu = 00:00:24 ; elapsed = 00:00:36 . Memory (MB): peak = 2320.809 ; gain = 640.930 ; free physical = 4287 ; free virtual = 6599
---------------------------------------------------------------------------------
---------------------------------------------------------------------------------
Finished RTL Optimization Phase 2 : Time (s): cpu = 00:00:25 ; elapsed = 00:00:37 . Memory (MB): peak = 2320.809 ; gain = 640.930 ; free physical = 4280 ; free virtual = 6595
---------------------------------------------------------------------------------
No constraint files found.
---------------------------------------------------------------------------------
Start RTL Component Statistics 
---------------------------------------------------------------------------------
Detailed RTL Component Info : 
---------------------------------------------------------------------------------
Finished RTL Component Statistics 
---------------------------------------------------------------------------------
---------------------------------------------------------------------------------
Start Part Resource Summary
---------------------------------------------------------------------------------
Part Resources:
DSPs: 20 (col length:20)
BRAMs: 20 (col length: RAMB18 20 RAMB36 10)
---------------------------------------------------------------------------------
Finished Part Resource Summary
---------------------------------------------------------------------------------
No constraint files found.
---------------------------------------------------------------------------------
Start Cross Boundary and Area Optimization
---------------------------------------------------------------------------------
---------------------------------------------------------------------------------
Finished Cross Boundary and Area Optimization : Time (s): cpu = 00:00:27 ; elapsed = 00:00:39 . Memory (MB): peak = 2320.809 ; gain = 640.930 ; free physical = 4260 ; free virtual = 6576
---------------------------------------------------------------------------------
No constraint files found.
---------------------------------------------------------------------------------
Start Timing Optimization
---------------------------------------------------------------------------------
---------------------------------------------------------------------------------
Finished Timing Optimization : Time (s): cpu = 00:00:27 ; elapsed = 00:00:39 . Memory (MB): peak = 2320.809 ; gain = 640.930 ; free physical = 4260 ; free virtual = 6576
---------------------------------------------------------------------------------
---------------------------------------------------------------------------------
Start Technology Mapping
---------------------------------------------------------------------------------
---------------------------------------------------------------------------------
Finished Technology Mapping : Time (s): cpu = 00:00:27 ; elapsed = 00:00:39 . Memory (MB): peak = 2320.809 ; gain = 640.930 ; free physical = 4260 ; free virtual = 6576
---------------------------------------------------------------------------------
---------------------------------------------------------------------------------
Start IO Insertion
---------------------------------------------------------------------------------
---------------------------------------------------------------------------------
Start Flattening Before IO Insertion
---------------------------------------------------------------------------------
---------------------------------------------------------------------------------
Finished Flattening Before IO Insertion
---------------------------------------------------------------------------------
---------------------------------------------------------------------------------
Start Final Netlist Cleanup
---------------------------------------------------------------------------------
---------------------------------------------------------------------------------
Finished Final Netlist Cleanup
---------------------------------------------------------------------------------
---------------------------------------------------------------------------------
Finished IO Insertion : Time (s): cpu = 00:00:34 ; elapsed = 00:00:46 . Memory (MB): peak = 2454.621 ; gain = 774.742 ; free physical = 3741 ; free virtual = 6057
---------------------------------------------------------------------------------
---------------------------------------------------------------------------------
Start Renaming Generated Instances
---------------------------------------------------------------------------------
---------------------------------------------------------------------------------
Finished Renaming Generated Instances : Time (s): cpu = 00:00:34 ; elapsed = 00:00:46 . Memory (MB): peak = 2454.621 ; gain = 774.742 ; free physical = 3741 ; free virtual = 6057
---------------------------------------------------------------------------------
---------------------------------------------------------------------------------
Start Rebuilding User Hierarchy
---------------------------------------------------------------------------------
---------------------------------------------------------------------------------
Finished Rebuilding User Hierarchy : Time (s): cpu = 00:00:34 ; elapsed = 00:00:46 . Memory (MB): peak = 2454.621 ; gain = 774.742 ; free physical = 3741 ; free virtual = 6057
---------------------------------------------------------------------------------
---------------------------------------------------------------------------------
Start Renaming Generated Ports
---------------------------------------------------------------------------------
---------------------------------------------------------------------------------
Finished Renaming Generated Ports : Time (s): cpu = 00:00:34 ; elapsed = 00:00:46 . Memory (MB): peak = 2454.621 ; gain = 774.742 ; free physical = 3741 ; free virtual = 6057
---------------------------------------------------------------------------------
---------------------------------------------------------------------------------
Start Handling Custom Attributes
---------------------------------------------------------------------------------
---------------------------------------------------------------------------------
Finished Handling Custom Attributes : Time (s): cpu = 00:00:34 ; elapsed = 00:00:46 . Memory (MB): peak = 2454.621 ; gain = 774.742 ; free physical = 3739 ; free virtual = 6055
---------------------------------------------------------------------------------
---------------------------------------------------------------------------------
Start Renaming Generated Nets
---------------------------------------------------------------------------------
---------------------------------------------------------------------------------
Finished Renaming Generated Nets : Time (s): cpu = 00:00:34 ; elapsed = 00:00:46 . Memory (MB): peak = 2454.621 ; gain = 774.742 ; free physical = 3739 ; free virtual = 6055
---------------------------------------------------------------------------------
---------------------------------------------------------------------------------
Start Writing Synthesis Report
---------------------------------------------------------------------------------

Report BlackBoxes: 
+-+--------------+----------+
| |BlackBox name |Instances |
+-+--------------+----------+
+-+--------------+----------+

Report Cell Usage: 
+------+-------+------+
|      |Cell   |Count |
+------+-------+------+
|1     |OBUFDS |     1|
+------+-------+------+
---------------------------------------------------------------------------------
Finished Writing Synthesis Report : Time (s): cpu = 00:00:34 ; elapsed = 00:00:46 . Memory (MB): peak = 2454.621 ; gain = 774.742 ; free physical = 3739 ; free virtual = 6055
---------------------------------------------------------------------------------
Synthesis finished with 0 errors, 0 critical warnings and 0 warnings.
Synthesis Optimization Runtime : Time (s): cpu = 00:00:32 ; elapsed = 00:00:43 . Memory (MB): peak = 2454.621 ; gain = 725.781 ; free physical = 3738 ; free virtual = 6054
Synthesis Optimization Complete : Time (s): cpu = 00:00:34 ; elapsed = 00:00:46 . Memory (MB): peak = 2454.629 ; gain = 774.742 ; free physical = 3737 ; free virtual = 6053
INFO: [Project 1-571] Translating synthesized netlist
Netlist sorting complete. Time (s): cpu = 00:00:00 ; elapsed = 00:00:00 . Memory (MB): peak = 2454.629 ; gain = 0.000 ; free physical = 3725 ; free virtual = 6041
INFO: [Netlist 29-17] Analyzing 1 Unisim elements for replacement
INFO: [Netlist 29-28] Unisim Transformation completed in 0 CPU seconds
INFO: [Project 1-570] Preparing netlist for logic optimization
INFO: [Opt 31-138] Pushed 0 inverter(s) to 0 load pin(s).
Netlist sorting complete. Time (s): cpu = 00:00:00 ; elapsed = 00:00:00 . Memory (MB): peak = 2559.090 ; gain = 0.000 ; free physical = 3973 ; free virtual = 6289
INFO: [Project 1-111] Unisim Transformation Summary:
No Unisim elements were transformed.

Synth Design complete | Checksum: ad4d38bd
INFO: [Common 17-83] Releasing license: Synthesis
27 Infos, 0 Warnings, 0 Critical Warnings and 0 Errors encountered.
synth_design completed successfully
synth_design: Time (s): cpu = 00:00:46 ; elapsed = 00:00:54 . Memory (MB): peak = 2559.125 ; gain = 1002.324 ; free physical = 3950 ; free virtual = 6266
INFO: [Common 17-2834] synth_design peak Physical Memory [PSS] (MB): overall = 1473.565; main = 1473.565; forked = 212.495
INFO: [Common 17-2834] synth_design peak Virtual Memory [VSS] (MB): overall = 3315.730; main = 2559.094; forked = 1013.223
Write ShapeDB Complete: Time (s): cpu = 00:00:00 ; elapsed = 00:00:00 . Memory (MB): peak = 2583.102 ; gain = 0.000 ; free physical = 3950 ; free virtual = 6266
INFO: [Common 17-1381] The checkpoint '/home/kasper-ubuntu/Documents/APPL_project_tetris/QLink_2020/QLink_2020.runs/top_level_output_diff_0_3_synth_1/top_level_output_diff_0_3.dcp' has been generated.
INFO: [Vivado 12-24828] Executing command : report_utilization -file top_level_output_diff_0_3_utilization_synth.rpt -pb top_level_output_diff_0_3_utilization_synth.pb
INFO: [Common 17-206] Exiting Vivado at Mon May  4 11:49:44 2026...
