Copyright 1986-2022 Xilinx, Inc. All Rights Reserved. Copyright 2022-2025 Advanced Micro Devices, Inc. All Rights Reserved.
---------------------------------------------------------------------------------------------------------------------------------------------------------------------------------------------------------------------------------------------------------
| Tool Version : Vivado v.2025.2 (lin64) Build 6299465 Fri Nov 14 12:34:56 MST 2025
| Date         : Wed Mar  4 12:25:08 2026
| Host         : Laptop running 64-bit Ubuntu 24.04.4 LTS
| Command      : report_timing_summary -max_paths 10 -routable_nets -report_unconstrained -file OSERDES_10_to_1_timing_summary_routed.rpt -pb OSERDES_10_to_1_timing_summary_routed.pb -rpx OSERDES_10_to_1_timing_summary_routed.rpx -warn_on_violation
| Design       : OSERDES_10_to_1
| Device       : 7s15-ftgb196
| Speed File   : -1  PRODUCTION 1.23 2018-06-13
| Design State : Routed
---------------------------------------------------------------------------------------------------------------------------------------------------------------------------------------------------------------------------------------------------------

Timing Summary Report

------------------------------------------------------------------------------------------------
| Timer Settings
| --------------
------------------------------------------------------------------------------------------------

  Enable Multi Corner Analysis               :  Yes
  Enable Pessimism Removal                   :  Yes
  Pessimism Removal Resolution               :  Nearest Common Node
  Enable Input Delay Default Clock           :  No
  Enable Preset / Clear Arcs                 :  No
  Disable Flight Delays                      :  No
  Ignore I/O Paths                           :  No
  Timing Early Launch at Borrowing Latches   :  No
  Borrow Time for Max Delay Exceptions       :  Yes
  Merge Timing Exceptions                    :  Yes
  Inter-SLR Compensation                     :  Conservative

  Corner  Analyze    Analyze    
  Name    Max Paths  Min Paths  
  ------  ---------  ---------  
  Slow    Yes        Yes        
  Fast    Yes        Yes        


------------------------------------------------------------------------------------------------
| Report Methodology
| ------------------
------------------------------------------------------------------------------------------------

Rule       Severity          Description                                                       Violations  
---------  ----------------  ----------------------------------------------------------------  ----------  
TIMING-17  Critical Warning  Non-clocked sequential cell                                       4           
CKLD-2     Warning           Clock Net has IO Driver, not a Clock Buf, and/or non-Clock loads  1           

Note: This report is based on the most recent report_methodology run and may not be up-to-date. Run report_methodology on the current design for the latest report.



check_timing report

Table of Contents
-----------------
1. checking no_clock (4)
2. checking constant_clock (0)
3. checking pulse_width_clock (0)
4. checking unconstrained_internal_endpoints (14)
5. checking no_input_delay (12)
6. checking no_output_delay (1)
7. checking multiple_clock (0)
8. checking generated_clocks (0)
9. checking loops (0)
10. checking partial_input_delay (0)
11. checking partial_output_delay (0)
12. checking latch_loops (0)

1. checking no_clock (4)
------------------------
 There are 2 register/latch pins with no clock driven by root clock pin: CLK (HIGH)

 There are 2 register/latch pins with no clock driven by root clock pin: CLKDIV (HIGH)


2. checking constant_clock (0)
------------------------------
 There are 0 register/latch pins with constant_clock.


3. checking pulse_width_clock (0)
---------------------------------
 There are 0 register/latch pins which need pulse_width check


4. checking unconstrained_internal_endpoints (14)
-------------------------------------------------
 There are 14 pins that are not constrained for maximum delay. (HIGH)

 There are 0 pins that are not constrained for maximum delay due to constant clock.


5. checking no_input_delay (12)
-------------------------------
 There are 12 input ports with no input delay specified. (HIGH)

 There are 0 input ports with no input delay but user has a false path constraint.


6. checking no_output_delay (1)
-------------------------------
 There is 1 port with no output delay specified. (HIGH)

 There are 0 ports with no output delay but user has a false path constraint

 There are 0 ports with no output delay but with a timing clock defined on it or propagating through it


7. checking multiple_clock (0)
------------------------------
 There are 0 register/latch pins with multiple clocks.


8. checking generated_clocks (0)
--------------------------------
 There are 0 generated clocks that are not connected to a clock source.


9. checking loops (0)
---------------------
 There are 0 combinational loops in the design.


10. checking partial_input_delay (0)
------------------------------------
 There are 0 input ports with partial input delay specified.


11. checking partial_output_delay (0)
-------------------------------------
 There are 0 ports with partial output delay specified.


12. checking latch_loops (0)
----------------------------
 There are 0 combinational latch loops in the design through latch input



------------------------------------------------------------------------------------------------
| Design Timing Summary
| ---------------------
------------------------------------------------------------------------------------------------

    WNS(ns)      TNS(ns)  TNS Failing Endpoints  TNS Total Endpoints      WHS(ns)      THS(ns)  THS Failing Endpoints  THS Total Endpoints     WPWS(ns)     TPWS(ns)  TPWS Failing Endpoints  TPWS Total Endpoints  
    -------      -------  ---------------------  -------------------      -------      -------  ---------------------  -------------------     --------     --------  ----------------------  --------------------  
        inf        0.000                      0                   15          inf        0.000                      0                   15           NA           NA                      NA                    NA  


There are no user specified timing constraints.


------------------------------------------------------------------------------------------------
| Clock Summary
| -------------
------------------------------------------------------------------------------------------------


------------------------------------------------------------------------------------------------
| Intra Clock Table
| -----------------
------------------------------------------------------------------------------------------------

Clock             WNS(ns)      TNS(ns)  TNS Failing Endpoints  TNS Total Endpoints      WHS(ns)      THS(ns)  THS Failing Endpoints  THS Total Endpoints     WPWS(ns)     TPWS(ns)  TPWS Failing Endpoints  TPWS Total Endpoints  
-----             -------      -------  ---------------------  -------------------      -------      -------  ---------------------  -------------------     --------     --------  ----------------------  --------------------  


------------------------------------------------------------------------------------------------
| Inter Clock Table
| -----------------
------------------------------------------------------------------------------------------------

From Clock    To Clock          WNS(ns)      TNS(ns)  TNS Failing Endpoints  TNS Total Endpoints      WHS(ns)      THS(ns)  THS Failing Endpoints  THS Total Endpoints  
----------    --------          -------      -------  ---------------------  -------------------      -------      -------  ---------------------  -------------------  


------------------------------------------------------------------------------------------------
| Other Path Groups Table
| -----------------------
------------------------------------------------------------------------------------------------

Path Group    From Clock    To Clock          WNS(ns)      TNS(ns)  TNS Failing Endpoints  TNS Total Endpoints      WHS(ns)      THS(ns)  THS Failing Endpoints  THS Total Endpoints  
----------    ----------    --------          -------      -------  ---------------------  -------------------      -------      -------  ---------------------  -------------------  


------------------------------------------------------------------------------------------------
| User Ignored Path Table
| -----------------------
------------------------------------------------------------------------------------------------

Path Group    From Clock    To Clock    
----------    ----------    --------    


------------------------------------------------------------------------------------------------
| Unconstrained Path Table
| ------------------------
------------------------------------------------------------------------------------------------

Path Group    From Clock    To Clock    
----------    ----------    --------    
(none)                                    


------------------------------------------------------------------------------------------------
| Timing Details
| --------------
------------------------------------------------------------------------------------------------


--------------------------------------------------------------------------------------
Path Group:  (none)
From Clock:  
  To Clock:  

Max Delay            15 Endpoints
Min Delay            15 Endpoints
--------------------------------------------------------------------------------------


Max Delay Paths
--------------------------------------------------------------------------------------
Slack:                    inf
  Source:                 OSERDESE2_master/CLK
                            (rising edge-triggered cell OSERDESE2)
  Destination:            OQ
                            (output port)
  Path Group:             (none)
  Path Type:              Max at Slow Process Corner
  Data Path Delay:        3.069ns  (logic 3.068ns (99.967%)  route 0.001ns (0.033%))
  Logic Levels:           2  (OBUF=1 OSERDESE2=1)

    Location             Delay type                Incr(ns)  Path(ns)    Netlist Resource(s)
  -------------------------------------------------------------------    -------------------
    OLOGIC_X0Y14         OSERDESE2                    0.000     0.000 r  OSERDESE2_master/CLK
    OLOGIC_X0Y14         OSERDESE2 (Prop_oserdese2_CLK_OQ)
                                                      0.472     0.472 r  OSERDESE2_master/OQ
                         net (fo=1, routed)           0.001     0.473    OQ_OBUF
    J13                  OBUF (Prop_obuf_I_O)         2.596     3.069 r  OQ_OBUF_inst/O
                         net (fo=0)                   0.000     3.069    OQ
    J13                                                               r  OQ (OUT)
  -------------------------------------------------------------------    -------------------

Slack:                    inf
  Source:                 DIN[2]
                            (input port)
  Destination:            OSERDESE2_master/D3
  Path Group:             (none)
  Path Type:              Max at Slow Process Corner
  Data Path Delay:        2.338ns  (logic 0.949ns (40.580%)  route 1.389ns (59.420%))
  Logic Levels:           1  (IBUF=1)

    Location             Delay type                Incr(ns)  Path(ns)    Netlist Resource(s)
  -------------------------------------------------------------------    -------------------
    P10                                               0.000     0.000 r  DIN[2] (IN)
                         net (fo=0)                   0.000     0.000    DIN[2]
    P10                  IBUF (Prop_ibuf_I_O)         0.949     0.949 r  DIN_IBUF[2]_inst/O
                         net (fo=1, routed)           1.389     2.338    DIN_IBUF[2]
    OLOGIC_X0Y14         OSERDESE2                                    r  OSERDESE2_master/D3
  -------------------------------------------------------------------    -------------------

Slack:                    inf
  Source:                 DIN[1]
                            (input port)
  Destination:            OSERDESE2_master/D2
  Path Group:             (none)
  Path Type:              Max at Slow Process Corner
  Data Path Delay:        2.121ns  (logic 0.944ns (44.524%)  route 1.177ns (55.476%))
  Logic Levels:           1  (IBUF=1)

    Location             Delay type                Incr(ns)  Path(ns)    Netlist Resource(s)
  -------------------------------------------------------------------    -------------------
    P11                                               0.000     0.000 r  DIN[1] (IN)
                         net (fo=0)                   0.000     0.000    DIN[1]
    P11                  IBUF (Prop_ibuf_I_O)         0.944     0.944 r  DIN_IBUF[1]_inst/O
                         net (fo=1, routed)           1.177     2.121    DIN_IBUF[1]
    OLOGIC_X0Y14         OSERDESE2                                    r  OSERDESE2_master/D2
  -------------------------------------------------------------------    -------------------

Slack:                    inf
  Source:                 DIN[4]
                            (input port)
  Destination:            OSERDESE2_master/D5
  Path Group:             (none)
  Path Type:              Max at Slow Process Corner
  Data Path Delay:        2.106ns  (logic 0.938ns (44.512%)  route 1.169ns (55.488%))
  Logic Levels:           1  (IBUF=1)

    Location             Delay type                Incr(ns)  Path(ns)    Netlist Resource(s)
  -------------------------------------------------------------------    -------------------
    N10                                               0.000     0.000 r  DIN[4] (IN)
                         net (fo=0)                   0.000     0.000    DIN[4]
    N10                  IBUF (Prop_ibuf_I_O)         0.938     0.938 r  DIN_IBUF[4]_inst/O
                         net (fo=1, routed)           1.169     2.106    DIN_IBUF[4]
    OLOGIC_X0Y14         OSERDESE2                                    r  OSERDESE2_master/D5
  -------------------------------------------------------------------    -------------------

Slack:                    inf
  Source:                 DIN[6]
                            (input port)
  Destination:            OSERDESE2_master/D7
  Path Group:             (none)
  Path Type:              Max at Slow Process Corner
  Data Path Delay:        2.100ns  (logic 0.976ns (46.473%)  route 1.124ns (53.527%))
  Logic Levels:           1  (IBUF=1)

    Location             Delay type                Incr(ns)  Path(ns)    Netlist Resource(s)
  -------------------------------------------------------------------    -------------------
    P12                                               0.000     0.000 r  DIN[6] (IN)
                         net (fo=0)                   0.000     0.000    DIN[6]
    P12                  IBUF (Prop_ibuf_I_O)         0.976     0.976 r  DIN_IBUF[6]_inst/O
                         net (fo=1, routed)           1.124     2.100    DIN_IBUF[6]
    OLOGIC_X0Y14         OSERDESE2                                    r  OSERDESE2_master/D7
  -------------------------------------------------------------------    -------------------

Slack:                    inf
  Source:                 DIN[0]
                            (input port)
  Destination:            OSERDESE2_master/D1
  Path Group:             (none)
  Path Type:              Max at Slow Process Corner
  Data Path Delay:        2.091ns  (logic 0.924ns (44.207%)  route 1.166ns (55.793%))
  Logic Levels:           1  (IBUF=1)

    Location             Delay type                Incr(ns)  Path(ns)    Netlist Resource(s)
  -------------------------------------------------------------------    -------------------
    M10                                               0.000     0.000 r  DIN[0] (IN)
                         net (fo=0)                   0.000     0.000    DIN[0]
    M10                  IBUF (Prop_ibuf_I_O)         0.924     0.924 r  DIN_IBUF[0]_inst/O
                         net (fo=1, routed)           1.166     2.091    DIN_IBUF[0]
    OLOGIC_X0Y14         OSERDESE2                                    r  OSERDESE2_master/D1
  -------------------------------------------------------------------    -------------------

Slack:                    inf
  Source:                 DIN[5]
                            (input port)
  Destination:            OSERDESE2_master/D6
  Path Group:             (none)
  Path Type:              Max at Slow Process Corner
  Data Path Delay:        2.087ns  (logic 0.972ns (46.584%)  route 1.115ns (53.416%))
  Logic Levels:           1  (IBUF=1)

    Location             Delay type                Incr(ns)  Path(ns)    Netlist Resource(s)
  -------------------------------------------------------------------    -------------------
    P13                                               0.000     0.000 r  DIN[5] (IN)
                         net (fo=0)                   0.000     0.000    DIN[5]
    P13                  IBUF (Prop_ibuf_I_O)         0.972     0.972 r  DIN_IBUF[5]_inst/O
                         net (fo=1, routed)           1.115     2.087    DIN_IBUF[5]
    OLOGIC_X0Y14         OSERDESE2                                    r  OSERDESE2_master/D6
  -------------------------------------------------------------------    -------------------

Slack:                    inf
  Source:                 RST
                            (input port)
  Destination:            OSERDESE2_master/RST
  Path Group:             (none)
  Path Type:              Max at Slow Process Corner
  Data Path Delay:        2.040ns  (logic 0.929ns (45.534%)  route 1.111ns (54.466%))
  Logic Levels:           1  (IBUF=1)

    Location             Delay type                Incr(ns)  Path(ns)    Netlist Resource(s)
  -------------------------------------------------------------------    -------------------
    K11                                               0.000     0.000 r  RST (IN)
                         net (fo=0)                   0.000     0.000    RST
    K11                  IBUF (Prop_ibuf_I_O)         0.929     0.929 r  RST_IBUF_inst/O
                         net (fo=2, routed)           1.111     2.040    RST_IBUF
    OLOGIC_X0Y14         OSERDESE2                                    r  OSERDESE2_master/RST
  -------------------------------------------------------------------    -------------------

Slack:                    inf
  Source:                 DIN[8]
                            (input port)
  Destination:            OSERDESE2_slave/D3
  Path Group:             (none)
  Path Type:              Max at Slow Process Corner
  Data Path Delay:        1.992ns  (logic 0.972ns (48.797%)  route 1.020ns (51.203%))
  Logic Levels:           1  (IBUF=1)

    Location             Delay type                Incr(ns)  Path(ns)    Netlist Resource(s)
  -------------------------------------------------------------------    -------------------
    N14                                               0.000     0.000 r  DIN[8] (IN)
                         net (fo=0)                   0.000     0.000    DIN[8]
    N14                  IBUF (Prop_ibuf_I_O)         0.972     0.972 r  DIN_IBUF[8]_inst/O
                         net (fo=1, routed)           1.020     1.992    DIN_IBUF[8]
    OLOGIC_X0Y13         OSERDESE2                                    r  OSERDESE2_slave/D3
  -------------------------------------------------------------------    -------------------

Slack:                    inf
  Source:                 DIN[3]
                            (input port)
  Destination:            OSERDESE2_master/D4
  Path Group:             (none)
  Path Type:              Max at Slow Process Corner
  Data Path Delay:        1.964ns  (logic 0.938ns (47.730%)  route 1.027ns (52.270%))
  Logic Levels:           1  (IBUF=1)

    Location             Delay type                Incr(ns)  Path(ns)    Netlist Resource(s)
  -------------------------------------------------------------------    -------------------
    N11                                               0.000     0.000 r  DIN[3] (IN)
                         net (fo=0)                   0.000     0.000    DIN[3]
    N11                  IBUF (Prop_ibuf_I_O)         0.938     0.938 r  DIN_IBUF[3]_inst/O
                         net (fo=1, routed)           1.027     1.964    DIN_IBUF[3]
    OLOGIC_X0Y14         OSERDESE2                                    r  OSERDESE2_master/D4
  -------------------------------------------------------------------    -------------------





Min Delay Paths
--------------------------------------------------------------------------------------
Slack:                    inf
  Source:                 OCE
                            (input port)
  Destination:            OSERDESE2_slave/OCE
  Path Group:             (none)
  Path Type:              Min at Fast Process Corner
  Data Path Delay:        0.435ns  (logic 0.154ns (35.481%)  route 0.280ns (64.519%))
  Logic Levels:           1  (IBUF=1)

    Location             Delay type                Incr(ns)  Path(ns)    Netlist Resource(s)
  -------------------------------------------------------------------    -------------------
    K12                                               0.000     0.000 r  OCE (IN)
                         net (fo=0)                   0.000     0.000    OCE
    K12                  IBUF (Prop_ibuf_I_O)         0.154     0.154 r  OCE_IBUF_inst/O
                         net (fo=2, routed)           0.280     0.435    OCE_IBUF
    OLOGIC_X0Y13         OSERDESE2                                    r  OSERDESE2_slave/OCE
  -------------------------------------------------------------------    -------------------

Slack:                    inf
  Source:                 DIN[9]
                            (input port)
  Destination:            OSERDESE2_slave/D4
  Path Group:             (none)
  Path Type:              Min at Fast Process Corner
  Data Path Delay:        0.463ns  (logic 0.176ns (38.121%)  route 0.286ns (61.879%))
  Logic Levels:           1  (IBUF=1)

    Location             Delay type                Incr(ns)  Path(ns)    Netlist Resource(s)
  -------------------------------------------------------------------    -------------------
    M12                                               0.000     0.000 r  DIN[9] (IN)
                         net (fo=0)                   0.000     0.000    DIN[9]
    M12                  IBUF (Prop_ibuf_I_O)         0.176     0.176 r  DIN_IBUF[9]_inst/O
                         net (fo=1, routed)           0.286     0.463    DIN_IBUF[9]
    OLOGIC_X0Y13         OSERDESE2                                    r  OSERDESE2_slave/D4
  -------------------------------------------------------------------    -------------------

Slack:                    inf
  Source:                 OCE
                            (input port)
  Destination:            OSERDESE2_master/OCE
  Path Group:             (none)
  Path Type:              Min at Fast Process Corner
  Data Path Delay:        0.484ns  (logic 0.154ns (31.829%)  route 0.330ns (68.171%))
  Logic Levels:           1  (IBUF=1)

    Location             Delay type                Incr(ns)  Path(ns)    Netlist Resource(s)
  -------------------------------------------------------------------    -------------------
    K12                                               0.000     0.000 r  OCE (IN)
                         net (fo=0)                   0.000     0.000    OCE
    K12                  IBUF (Prop_ibuf_I_O)         0.154     0.154 r  OCE_IBUF_inst/O
                         net (fo=2, routed)           0.330     0.484    OCE_IBUF
    OLOGIC_X0Y14         OSERDESE2                                    r  OSERDESE2_master/OCE
  -------------------------------------------------------------------    -------------------

Slack:                    inf
  Source:                 RST
                            (input port)
  Destination:            OSERDESE2_slave/RST
  Path Group:             (none)
  Path Type:              Min at Fast Process Corner
  Data Path Delay:        0.492ns  (logic 0.158ns (32.154%)  route 0.334ns (67.846%))
  Logic Levels:           1  (IBUF=1)

    Location             Delay type                Incr(ns)  Path(ns)    Netlist Resource(s)
  -------------------------------------------------------------------    -------------------
    K11                                               0.000     0.000 r  RST (IN)
                         net (fo=0)                   0.000     0.000    RST
    K11                  IBUF (Prop_ibuf_I_O)         0.158     0.158 r  RST_IBUF_inst/O
                         net (fo=2, routed)           0.334     0.492    RST_IBUF
    OLOGIC_X0Y13         OSERDESE2                                    r  OSERDESE2_slave/RST
  -------------------------------------------------------------------    -------------------

Slack:                    inf
  Source:                 DIN[7]
                            (input port)
  Destination:            OSERDESE2_master/D8
  Path Group:             (none)
  Path Type:              Min at Fast Process Corner
  Data Path Delay:        0.498ns  (logic 0.199ns (39.894%)  route 0.299ns (60.106%))
  Logic Levels:           1  (IBUF=1)

    Location             Delay type                Incr(ns)  Path(ns)    Netlist Resource(s)
  -------------------------------------------------------------------    -------------------
    M14                                               0.000     0.000 r  DIN[7] (IN)
                         net (fo=0)                   0.000     0.000    DIN[7]
    M14                  IBUF (Prop_ibuf_I_O)         0.199     0.199 r  DIN_IBUF[7]_inst/O
                         net (fo=1, routed)           0.299     0.498    DIN_IBUF[7]
    OLOGIC_X0Y14         OSERDESE2                                    r  OSERDESE2_master/D8
  -------------------------------------------------------------------    -------------------

Slack:                    inf
  Source:                 DIN[3]
                            (input port)
  Destination:            OSERDESE2_master/D4
  Path Group:             (none)
  Path Type:              Min at Fast Process Corner
  Data Path Delay:        0.545ns  (logic 0.167ns (30.620%)  route 0.378ns (69.380%))
  Logic Levels:           1  (IBUF=1)

    Location             Delay type                Incr(ns)  Path(ns)    Netlist Resource(s)
  -------------------------------------------------------------------    -------------------
    N11                                               0.000     0.000 r  DIN[3] (IN)
                         net (fo=0)                   0.000     0.000    DIN[3]
    N11                  IBUF (Prop_ibuf_I_O)         0.167     0.167 r  DIN_IBUF[3]_inst/O
                         net (fo=1, routed)           0.378     0.545    DIN_IBUF[3]
    OLOGIC_X0Y14         OSERDESE2                                    r  OSERDESE2_master/D4
  -------------------------------------------------------------------    -------------------

Slack:                    inf
  Source:                 RST
                            (input port)
  Destination:            OSERDESE2_master/RST
  Path Group:             (none)
  Path Type:              Min at Fast Process Corner
  Data Path Delay:        0.546ns  (logic 0.158ns (29.006%)  route 0.387ns (70.994%))
  Logic Levels:           1  (IBUF=1)

    Location             Delay type                Incr(ns)  Path(ns)    Netlist Resource(s)
  -------------------------------------------------------------------    -------------------
    K11                                               0.000     0.000 r  RST (IN)
                         net (fo=0)                   0.000     0.000    RST
    K11                  IBUF (Prop_ibuf_I_O)         0.158     0.158 r  RST_IBUF_inst/O
                         net (fo=2, routed)           0.387     0.546    RST_IBUF
    OLOGIC_X0Y14         OSERDESE2                                    r  OSERDESE2_master/RST
  -------------------------------------------------------------------    -------------------

Slack:                    inf
  Source:                 DIN[8]
                            (input port)
  Destination:            OSERDESE2_slave/D3
  Path Group:             (none)
  Path Type:              Min at Fast Process Corner
  Data Path Delay:        0.556ns  (logic 0.201ns (36.140%)  route 0.355ns (63.860%))
  Logic Levels:           1  (IBUF=1)

    Location             Delay type                Incr(ns)  Path(ns)    Netlist Resource(s)
  -------------------------------------------------------------------    -------------------
    N14                                               0.000     0.000 r  DIN[8] (IN)
                         net (fo=0)                   0.000     0.000    DIN[8]
    N14                  IBUF (Prop_ibuf_I_O)         0.201     0.201 r  DIN_IBUF[8]_inst/O
                         net (fo=1, routed)           0.355     0.556    DIN_IBUF[8]
    OLOGIC_X0Y13         OSERDESE2                                    r  OSERDESE2_slave/D3
  -------------------------------------------------------------------    -------------------

Slack:                    inf
  Source:                 DIN[6]
                            (input port)
  Destination:            OSERDESE2_master/D7
  Path Group:             (none)
  Path Type:              Min at Fast Process Corner
  Data Path Delay:        0.585ns  (logic 0.204ns (34.933%)  route 0.381ns (65.068%))
  Logic Levels:           1  (IBUF=1)

    Location             Delay type                Incr(ns)  Path(ns)    Netlist Resource(s)
  -------------------------------------------------------------------    -------------------
    P12                                               0.000     0.000 r  DIN[6] (IN)
                         net (fo=0)                   0.000     0.000    DIN[6]
    P12                  IBUF (Prop_ibuf_I_O)         0.204     0.204 r  DIN_IBUF[6]_inst/O
                         net (fo=1, routed)           0.381     0.585    DIN_IBUF[6]
    OLOGIC_X0Y14         OSERDESE2                                    r  OSERDESE2_master/D7
  -------------------------------------------------------------------    -------------------

Slack:                    inf
  Source:                 DIN[0]
                            (input port)
  Destination:            OSERDESE2_master/D1
  Path Group:             (none)
  Path Type:              Min at Fast Process Corner
  Data Path Delay:        0.586ns  (logic 0.153ns (26.195%)  route 0.432ns (73.805%))
  Logic Levels:           1  (IBUF=1)

    Location             Delay type                Incr(ns)  Path(ns)    Netlist Resource(s)
  -------------------------------------------------------------------    -------------------
    M10                                               0.000     0.000 r  DIN[0] (IN)
                         net (fo=0)                   0.000     0.000    DIN[0]
    M10                  IBUF (Prop_ibuf_I_O)         0.153     0.153 r  DIN_IBUF[0]_inst/O
                         net (fo=1, routed)           0.432     0.586    DIN_IBUF[0]
    OLOGIC_X0Y14         OSERDESE2                                    r  OSERDESE2_master/D1
  -------------------------------------------------------------------    -------------------





