Copyright 1986-2022 Xilinx, Inc. All Rights Reserved. Copyright 2022-2025 Advanced Micro Devices, Inc. All Rights Reserved.
---------------------------------------------------------------------------------------------------------------------------------------------
| Tool Version : Vivado v.2025.2 (lin64) Build 6299465 Fri Nov 14 12:34:56 MST 2025
| Date         : Wed Mar  4 12:25:08 2026
| Host         : Laptop running 64-bit Ubuntu 24.04.4 LTS
| Command      : report_drc -file OSERDES_10_to_1_drc_routed.rpt -pb OSERDES_10_to_1_drc_routed.pb -rpx OSERDES_10_to_1_drc_routed.rpx
| Design       : OSERDES_10_to_1
| Device       : xc7s15ftgb196-1
| Speed File   : -1
| Design State : Fully Routed
---------------------------------------------------------------------------------------------------------------------------------------------

Report DRC

Table of Contents
-----------------
1. REPORT SUMMARY
2. REPORT DETAILS

1. REPORT SUMMARY
-----------------
            Netlist: netlist
          Floorplan: design_1
      Design limits: <entire design considered>
           Ruledeck: default
             Max checks: <unlimited>
             Checks found: 9
+-----------+------------------+-----------------------------------------------------+--------+
| Rule      | Severity         | Description                                         | Checks |
+-----------+------------------+-----------------------------------------------------+--------+
| AVAL-69   | Error            | OSERDES_DataWidth4Tri1                              | 2      |
| NSTD-1    | Critical Warning | Unspecified I/O Standard                            | 1      |
| UCIO-1    | Critical Warning | Unconstrained Logical Port                          | 1      |
| AVAL-68   | Warning          | OSERDES_TqDdrTriWidth4                              | 2      |
| CFGBVS-1  | Warning          | Missing CFGBVS and CONFIG_VOLTAGE Design Properties | 1      |
| REQP-1580 | Warning          | Phase alignment                                     | 2      |
+-----------+------------------+-----------------------------------------------------+--------+

2. REPORT DETAILS
-----------------
AVAL-69#1 Error
OSERDES_DataWidth4Tri1  
Unsupported programming for OSERDESE2_master. DATA_WIDTH set greater than 4 requires TRISTATE_WIDTH to be set to 1
Related violations: <none>

AVAL-69#2 Error
OSERDES_DataWidth4Tri1  
Unsupported programming for OSERDESE2_slave. DATA_WIDTH set greater than 4 requires TRISTATE_WIDTH to be set to 1
Related violations: <none>

NSTD-1#1 Critical Warning
Unspecified I/O Standard  
15 out of 15 logical ports use I/O standard (IOSTANDARD) value 'DEFAULT', instead of a user assigned specific value. This may cause I/O contention or incompatibility with the board power or connectivity affecting performance, signal integrity or in extreme cases cause damage to the device or the components to which it is connected. To correct this violation, specify all I/O standards. This design will fail to generate a bitstream unless all logical ports have a user specified I/O standard value defined. To allow bitstream creation with unspecified I/O standard values (not recommended), use this command: set_property SEVERITY {Warning} [get_drc_checks NSTD-1].  NOTE: When using the Vivado Runs infrastructure (e.g. launch_runs Tcl command), add this command to a .tcl file and add that file as a pre-hook for write_bitstream step for the implementation run. Problem ports: CLK, CLKDIV, DIN[9:0], OCE, OQ, RST.
Related violations: <none>

UCIO-1#1 Critical Warning
Unconstrained Logical Port  
15 out of 15 logical ports have no user assigned specific location constraint (LOC). This may cause I/O contention or incompatibility with the board power or connectivity affecting performance, signal integrity or in extreme cases cause damage to the device or the components to which it is connected. To correct this violation, specify all pin locations. This design will fail to generate a bitstream unless all logical ports have a user specified site LOC constraint defined.  To allow bitstream creation with unspecified pin locations (not recommended), use this command: set_property SEVERITY {Warning} [get_drc_checks UCIO-1].  NOTE: When using the Vivado Runs infrastructure (e.g. launch_runs Tcl command), add this command to a .tcl file and add that file as a pre-hook for write_bitstream step for the implementation run.  Problem ports: CLK, CLKDIV, DIN[9:0], OCE, OQ, RST.
Related violations: <none>

AVAL-68#1 Warning
OSERDES_TqDdrTriWidth4  
Unexpected programming for OSERDESE2_master with DATA_RATE_TQ DDR and TRISTATE_WIDTH 4. With this programming DATE_RATE_OQ DDR should be set with DATA_WIDTH 4 or DATA_RATE_OQ SDR should be set with DATA_WIDTH 2
Related violations: <none>

AVAL-68#2 Warning
OSERDES_TqDdrTriWidth4  
Unexpected programming for OSERDESE2_slave with DATA_RATE_TQ DDR and TRISTATE_WIDTH 4. With this programming DATE_RATE_OQ DDR should be set with DATA_WIDTH 4 or DATA_RATE_OQ SDR should be set with DATA_WIDTH 2
Related violations: <none>

CFGBVS-1#1 Warning
Missing CFGBVS and CONFIG_VOLTAGE Design Properties  
Neither the CFGBVS nor CONFIG_VOLTAGE voltage property is set in the current_design.  Configuration bank voltage select (CFGBVS) must be set to VCCO or GND, and CONFIG_VOLTAGE must be set to the correct configuration voltage, in order to determine the I/O voltage support for the pins in bank 0.  It is suggested to specify these either using the 'Edit Device Properties' function in the GUI or directly in the XDC file using the following syntax:

 set_property CFGBVS value1 [current_design]
 #where value1 is either VCCO or GND

 set_property CONFIG_VOLTAGE value2 [current_design]
 #where value2 is the voltage provided to configuration bank 0

Refer to the device configuration user guide for more information.
Related violations: <none>

REQP-1580#1 Warning
Phase alignment  
Unsupported clocking topology used for OSERDESE2 OSERDESE2_master. This can result in corrupted data. The OSERDESE2_master/CLK / OSERDESE2_master/CLKDIV pins should be driven by the same source through the same buffer type or by a BUFIO / BUFR combination in order to have a proper phase relationship. Please refer to the Select I/O User Guide for supported clocking topologies of the chosen INTERFACE_TYPE mode.
Related violations: <none>

REQP-1580#2 Warning
Phase alignment  
Unsupported clocking topology used for OSERDESE2 OSERDESE2_slave. This can result in corrupted data. The OSERDESE2_slave/CLK / OSERDESE2_slave/CLKDIV pins should be driven by the same source through the same buffer type or by a BUFIO / BUFR combination in order to have a proper phase relationship. Please refer to the Select I/O User Guide for supported clocking topologies of the chosen INTERFACE_TYPE mode.
Related violations: <none>


