Copyright 1986-2022 Xilinx, Inc. All Rights Reserved. Copyright 2022-2025 Advanced Micro Devices, Inc. All Rights Reserved.
---------------------------------------------------------------------------------------------------------------------------------------------
| Tool Version : Vivado v.2025.2 (lin64) Build 6299465 Fri Nov 14 12:34:56 MST 2025
| Date         : Mon May  4 12:32:31 2026
| Host         : Laptop running 64-bit Ubuntu 24.04.4 LTS
| Command      : report_clock_utilization -file main_top_wrapper_clock_utilization_routed.rpt
| Design       : main_top_wrapper
| Device       : 7s15-ftgb196
| Speed File   : -1  PRODUCTION 1.23 2018-06-13
| Design State : Routed
---------------------------------------------------------------------------------------------------------------------------------------------

Clock Utilization Report

Table of Contents
-----------------
1. Clock Primitive Utilization
2. Global Clock Resources
3. Global Clock Source Details
4. Clock Regions: Key Resource Utilization
5. Clock Regions : Global Clock Summary
6. Device Cell Placement Summary for Global Clock g0
7. Device Cell Placement Summary for Global Clock g1
8. Device Cell Placement Summary for Global Clock g2
9. Device Cell Placement Summary for Global Clock g3
10. Clock Region Cell Placement per Global Clock: Region X0Y0
11. Clock Region Cell Placement per Global Clock: Region X1Y0

1. Clock Primitive Utilization
------------------------------

+----------+------+-----------+-----+--------------+--------+
| Type     | Used | Available | LOC | Clock Region | Pblock |
+----------+------+-----------+-----+--------------+--------+
| BUFGCTRL |    4 |        16 |   0 |            0 |      0 |
| BUFH     |    0 |        24 |   0 |            0 |      0 |
| BUFIO    |    0 |         8 |   0 |            0 |      0 |
| BUFMR    |    0 |         4 |   0 |            0 |      0 |
| BUFR     |    0 |         8 |   0 |            0 |      0 |
| MMCM     |    2 |         2 |   0 |            0 |      0 |
| PLL      |    0 |         2 |   0 |            0 |      0 |
+----------+------+-----------+-----+--------------+--------+


2. Global Clock Resources
-------------------------

+-----------+-----------+-----------------+------------+---------------+--------------+-------------------+-------------+-----------------+--------------+--------------------------------+----------------------------------------------------------------------------------------------------------------------------------+---------------------------------------------------------------------------------------------------------------------------+
| Global Id | Source Id | Driver Type/Pin | Constraint | Site          | Clock Region | Load Clock Region | Clock Loads | Non-Clock Loads | Clock Period | Clock                          | Driver Pin                                                                                                                       | Net                                                                                                                       |
+-----------+-----------+-----------------+------------+---------------+--------------+-------------------+-------------+-----------------+--------------+--------------------------------+----------------------------------------------------------------------------------------------------------------------------------+---------------------------------------------------------------------------------------------------------------------------+
| g0        | src0      | BUFG/O          | None       | BUFGCTRL_X0Y2 | n/a          |                 2 |         257 |               0 |       20.833 | com_side_wrapper_0_qlink_clk_o | main_top_i/com_side_wrapper_0/U0/com_side_i/block_test_0/Sindri_QLink_top_0/U0/QLINK1/MMCM48_INST/MMCME2_BASE_inst_0_BUFG_inst/O | main_top_i/com_side_wrapper_0/U0/com_side_i/block_test_0/Sindri_QLink_top_0/U0/QLINK1/MMCM48_INST/MMCME2_BASE_inst_0_BUFG |
| g1        | src1      | BUFG/O          | None       | BUFGCTRL_X0Y0 | n/a          |                 1 |         127 |               1 |        6.667 | clock_pixel_unbuffered         | main_top_i/top_level_0/U0/clocking_0/U0/BUFG_pclock/O                                                                            | main_top_i/top_level_0/U0/clocking_0/U0/O_buff_clkpixel                                                                   |
| g2        | src2      | BUFG/O          | None       | BUFGCTRL_X0Y3 | n/a          |                 1 |         106 |               0 |       40.000 | CLK25_I                        | main_top_i/top_level_0/U0/clocking_0/U0/BUFG_clk/O                                                                               | main_top_i/top_level_0/U0/clocking_0/U0/O_buff_clk                                                                        |
| g3        | src3      | BUFG/O          | None       | BUFGCTRL_X0Y1 | n/a          |                 1 |           6 |               0 |        1.333 | clock_x5pixel_unbuffered       | main_top_i/top_level_0/U0/clocking_0/U0/BUFG_pclockx5/O                                                                          | main_top_i/top_level_0/U0/clocking_0/U0/O_buff_clk5xpixel                                                                 |
+-----------+-----------+-----------------+------------+---------------+--------------+-------------------+-------------+-----------------+--------------+--------------------------------+----------------------------------------------------------------------------------------------------------------------------------+---------------------------------------------------------------------------------------------------------------------------+
* Clock Loads column represents cell count of net connects that connect to a clock pin. Internal cell leaf pins are not considered
** Non-Clock Loads column represents cell count of non-clock pin loads


3. Global Clock Source Details
------------------------------

+-----------+-----------+--------------------+------------+-----------------+--------------+-------------+-----------------+---------------------+--------------------------------+----------------------------------------------------------------------------------------------------------------------------+----------------------------------------------------------------------------------------------------------------------+
| Source Id | Global Id | Driver Type/Pin    | Constraint | Site            | Clock Region | Clock Loads | Non-Clock Loads | Source Clock Period | Source Clock                   | Driver Pin                                                                                                                 | Net                                                                                                                  |
+-----------+-----------+--------------------+------------+-----------------+--------------+-------------+-----------------+---------------------+--------------------------------+----------------------------------------------------------------------------------------------------------------------------+----------------------------------------------------------------------------------------------------------------------+
| src0      | g0        | MMCME2_ADV/CLKOUT0 | None       | MMCME2_ADV_X0Y0 | X0Y0         |           1 |               0 |              20.833 | com_side_wrapper_0_qlink_clk_o | main_top_i/com_side_wrapper_0/U0/com_side_i/block_test_0/Sindri_QLink_top_0/U0/QLINK1/MMCM48_INST/MMCME2_BASE_inst/CLKOUT0 | main_top_i/com_side_wrapper_0/U0/com_side_i/block_test_0/Sindri_QLink_top_0/U0/QLINK1/MMCM48_INST/MMCME2_BASE_inst_0 |
| src1      | g1        | MMCME2_ADV/CLKOUT0 | None       | MMCME2_ADV_X1Y0 | X1Y0         |           1 |               0 |               6.667 | clock_pixel_unbuffered         | main_top_i/top_level_0/U0/clocking_0/U0/PLL_BASE_inst/CLKOUT0                                                              | main_top_i/top_level_0/U0/clocking_0/U0/clock_pixel_unbuffered                                                       |
| src2      | g2        | IBUF/O             | IOB_X0Y26  | IOB_X0Y26       | X0Y0         |           1 |               0 |              40.000 | CLK25_I                        | CLK25_I_IBUF_inst/O                                                                                                        | CLK25_I_IBUF                                                                                                         |
| src3      | g3        | MMCME2_ADV/CLKOUT1 | None       | MMCME2_ADV_X1Y0 | X1Y0         |           1 |               0 |               1.333 | clock_x5pixel_unbuffered       | main_top_i/top_level_0/U0/clocking_0/U0/PLL_BASE_inst/CLKOUT1                                                              | main_top_i/top_level_0/U0/clocking_0/U0/clock_x5pixel_unbuffered                                                     |
+-----------+-----------+--------------------+------------+-----------------+--------------+-------------+-----------------+---------------------+--------------------------------+----------------------------------------------------------------------------------------------------------------------------+----------------------------------------------------------------------------------------------------------------------+
* Clock Loads column represents cell count of net connects that connect to a clock pin. Internal cell leaf pins are not considered
** Non-Clock Loads column represents cell count of non-clock pin loads


4. Clock Regions: Key Resource Utilization
------------------------------------------

+-------------------+--------------+--------------+--------------+--------------+--------------+--------------+--------------+--------------+--------------+--------------+--------------+--------------+--------------+--------------+--------------+
|                   | Global Clock |     BUFRs    |    BUFMRs    |    BUFIOs    |     MMCM     |      PLL     |      GT      |      PCI     |    ILOGIC    |    OLOGIC    |      FF      |     LUTM     |    RAMB18    |    RAMB36    |    DSP48E2   |
+-------------------+------+-------+------+-------+------+-------+------+-------+------+-------+------+-------+------+-------+------+-------+------+-------+------+-------+------+-------+------+-------+------+-------+------+-------+------+-------+
| Clock Region Name | Used | Avail | Used | Avail | Used | Avail | Used | Avail | Used | Avail | Used | Avail | Used | Avail | Used | Avail | Used | Avail | Used | Avail | Used | Avail | Used | Avail | Used | Avail | Used | Avail | Used | Avail |
+-------------------+------+-------+------+-------+------+-------+------+-------+------+-------+------+-------+------+-------+------+-------+------+-------+------+-------+------+-------+------+-------+------+-------+------+-------+------+-------+
| X0Y0              |    1 |    12 |    0 |     4 |    0 |     2 |    0 |     4 |    0 |     1 |    0 |     1 |    0 |     0 |    0 |     0 |    0 |    50 |    0 |    50 |    4 |   900 |    0 |   200 |    0 |     0 |    0 |     0 |    0 |     0 |
| X1Y0              |    4 |    12 |    0 |     4 |    0 |     2 |    0 |     4 |    1 |     1 |    0 |     1 |    0 |     0 |    0 |     0 |    0 |    50 |    6 |    50 |  442 |  1100 |  209 |   400 |    0 |    20 |    3 |    10 |    2 |    20 |
+-------------------+------+-------+------+-------+------+-------+------+-------+------+-------+------+-------+------+-------+------+-------+------+-------+------+-------+------+-------+------+-------+------+-------+------+-------+------+-------+
* Global Clock column represents track count; while other columns represents cell counts


5. Clock Regions : Global Clock Summary
---------------------------------------

All Modules
+----+----+----+
|    | X0 | X1 |
+----+----+----+
| Y0 |  0 |  0 |
+----+----+----+


6. Device Cell Placement Summary for Global Clock g0
----------------------------------------------------

+-----------+-----------------+-------------------+--------------------------------+-------------+----------------+-------------+----------+----------------+----------+---------------------------------------------------------------------------------------------------------------------------+
| Global Id | Driver Type/Pin | Driver Region (D) | Clock                          | Period (ns) | Waveform (ns)  | Slice Loads | IO Loads | Clocking Loads | GT Loads | Net                                                                                                                       |
+-----------+-----------------+-------------------+--------------------------------+-------------+----------------+-------------+----------+----------------+----------+---------------------------------------------------------------------------------------------------------------------------+
| g0        | BUFG/O          | n/a               | com_side_wrapper_0_qlink_clk_o |      20.833 | {0.000 10.417} |         257 |        0 |              0 |        0 | main_top_i/com_side_wrapper_0/U0/com_side_i/block_test_0/Sindri_QLink_top_0/U0/QLINK1/MMCM48_INST/MMCME2_BASE_inst_0_BUFG |
+-----------+-----------------+-------------------+--------------------------------+-------------+----------------+-------------+----------+----------------+----------+---------------------------------------------------------------------------------------------------------------------------+
* Slice Loads column represents load cell count of all cell types other than IO, GT and clock resources
** IO Loads column represents load cell count of IO types
*** Clocking Loads column represents load cell count that are clock resources (global clock buffer, MMCM, PLL, etc)
**** GT Loads column represents load cell count of GT types


+----+----+------+-----------------------+
|    | X0 | X1   | HORIZONTAL PROG DELAY |
+----+----+------+-----------------------+
| Y0 |  4 |  253 |                     0 |
+----+----+------+-----------------------+


7. Device Cell Placement Summary for Global Clock g1
----------------------------------------------------

+-----------+-----------------+-------------------+------------------------+-------------+---------------+-------------+----------+----------------+----------+---------------------------------------------------------+
| Global Id | Driver Type/Pin | Driver Region (D) | Clock                  | Period (ns) | Waveform (ns) | Slice Loads | IO Loads | Clocking Loads | GT Loads | Net                                                     |
+-----------+-----------------+-------------------+------------------------+-------------+---------------+-------------+----------+----------------+----------+---------------------------------------------------------+
| g1        | BUFG/O          | n/a               | clock_pixel_unbuffered |       6.667 | {0.000 3.333} |         121 |        7 |              0 |        0 | main_top_i/top_level_0/U0/clocking_0/U0/O_buff_clkpixel |
+-----------+-----------------+-------------------+------------------------+-------------+---------------+-------------+----------+----------------+----------+---------------------------------------------------------+
* Slice Loads column represents load cell count of all cell types other than IO, GT and clock resources
** IO Loads column represents load cell count of IO types
*** Clocking Loads column represents load cell count that are clock resources (global clock buffer, MMCM, PLL, etc)
**** GT Loads column represents load cell count of GT types


+----+----+------+-----------------------+
|    | X0 | X1   | HORIZONTAL PROG DELAY |
+----+----+------+-----------------------+
| Y0 |  0 |  128 |                     0 |
+----+----+------+-----------------------+


8. Device Cell Placement Summary for Global Clock g2
----------------------------------------------------

+-----------+-----------------+-------------------+---------+-------------+----------------+-------------+----------+----------------+----------+----------------------------------------------------+
| Global Id | Driver Type/Pin | Driver Region (D) | Clock   | Period (ns) | Waveform (ns)  | Slice Loads | IO Loads | Clocking Loads | GT Loads | Net                                                |
+-----------+-----------------+-------------------+---------+-------------+----------------+-------------+----------+----------------+----------+----------------------------------------------------+
| g2        | BUFG/O          | n/a               | CLK25_I |      40.000 | {0.000 20.000} |         105 |        0 |              1 |        0 | main_top_i/top_level_0/U0/clocking_0/U0/O_buff_clk |
+-----------+-----------------+-------------------+---------+-------------+----------------+-------------+----------+----------------+----------+----------------------------------------------------+
* Slice Loads column represents load cell count of all cell types other than IO, GT and clock resources
** IO Loads column represents load cell count of IO types
*** Clocking Loads column represents load cell count that are clock resources (global clock buffer, MMCM, PLL, etc)
**** GT Loads column represents load cell count of GT types


+----+----+------+-----------------------+
|    | X0 | X1   | HORIZONTAL PROG DELAY |
+----+----+------+-----------------------+
| Y0 |  0 |  106 |                     0 |
+----+----+------+-----------------------+


9. Device Cell Placement Summary for Global Clock g3
----------------------------------------------------

+-----------+-----------------+-------------------+--------------------------+-------------+---------------+-------------+----------+----------------+----------+-----------------------------------------------------------+
| Global Id | Driver Type/Pin | Driver Region (D) | Clock                    | Period (ns) | Waveform (ns) | Slice Loads | IO Loads | Clocking Loads | GT Loads | Net                                                       |
+-----------+-----------------+-------------------+--------------------------+-------------+---------------+-------------+----------+----------------+----------+-----------------------------------------------------------+
| g3        | BUFG/O          | n/a               | clock_x5pixel_unbuffered |       1.333 | {0.000 0.667} |           0 |        6 |              0 |        0 | main_top_i/top_level_0/U0/clocking_0/U0/O_buff_clk5xpixel |
+-----------+-----------------+-------------------+--------------------------+-------------+---------------+-------------+----------+----------------+----------+-----------------------------------------------------------+
* Slice Loads column represents load cell count of all cell types other than IO, GT and clock resources
** IO Loads column represents load cell count of IO types
*** Clocking Loads column represents load cell count that are clock resources (global clock buffer, MMCM, PLL, etc)
**** GT Loads column represents load cell count of GT types


+----+----+----+-----------------------+
|    | X0 | X1 | HORIZONTAL PROG DELAY |
+----+----+----+-----------------------+
| Y0 |  0 |  6 |                     0 |
+----+----+----+-----------------------+


10. Clock Region Cell Placement per Global Clock: Region X0Y0
-------------------------------------------------------------

+-----------+-------+-----------------+------------+-------------+-----------------+----+-------------+------+-----+----+------+-----+---------+---------------------------------------------------------------------------------------------------------------------------+
| Global Id | Track | Driver Type/Pin | Constraint | Clock Loads | Non-Clock Loads | FF | Memory LUTs | RAMB | DSP | GT | MMCM | PLL | Hard IP | Net                                                                                                                       |
+-----------+-------+-----------------+------------+-------------+-----------------+----+-------------+------+-----+----+------+-----+---------+---------------------------------------------------------------------------------------------------------------------------+
| g0        | n/a   | BUFG/O          | None       |           4 |               0 |  4 |           0 |    0 |   0 |  0 |    0 |   0 |       0 | main_top_i/com_side_wrapper_0/U0/com_side_i/block_test_0/Sindri_QLink_top_0/U0/QLINK1/MMCM48_INST/MMCME2_BASE_inst_0_BUFG |
+-----------+-------+-----------------+------------+-------------+-----------------+----+-------------+------+-----+----+------+-----+---------+---------------------------------------------------------------------------------------------------------------------------+
* Clock Loads column represents cell count of net connects that connect to a clock pin. Internal cell leaf pins are not considered
** Non-Clock Loads column represents cell count of non-clock pin loads
*** Columns FF, LUTRAM, RAMB through 'Hard IP' represents load cell counts


11. Clock Region Cell Placement per Global Clock: Region X1Y0
-------------------------------------------------------------

+-----------+-------+-----------------+------------+-------------+-----------------+-----+-------------+------+-----+----+------+-----+---------+---------------------------------------------------------------------------------------------------------------------------+
| Global Id | Track | Driver Type/Pin | Constraint | Clock Loads | Non-Clock Loads | FF  | Memory LUTs | RAMB | DSP | GT | MMCM | PLL | Hard IP | Net                                                                                                                       |
+-----------+-------+-----------------+------------+-------------+-----------------+-----+-------------+------+-----+----+------+-----+---------+---------------------------------------------------------------------------------------------------------------------------+
| g0        | n/a   | BUFG/O          | None       |         253 |               0 | 247 |           3 |    3 |   0 |  0 |    0 |   0 |       0 | main_top_i/com_side_wrapper_0/U0/com_side_i/block_test_0/Sindri_QLink_top_0/U0/QLINK1/MMCM48_INST/MMCME2_BASE_inst_0_BUFG |
| g1        | n/a   | BUFG/O          | None       |         127 |               1 |  93 |          27 |    0 |   1 |  0 |    0 |   0 |       0 | main_top_i/top_level_0/U0/clocking_0/U0/O_buff_clkpixel                                                                   |
| g2        | n/a   | BUFG/O          | None       |         106 |               0 | 102 |           1 |    1 |   1 |  0 |    1 |   0 |       0 | main_top_i/top_level_0/U0/clocking_0/U0/O_buff_clk                                                                        |
| g3        | n/a   | BUFG/O          | None       |           6 |               0 |   0 |           0 |    0 |   0 |  0 |    0 |   0 |       0 | main_top_i/top_level_0/U0/clocking_0/U0/O_buff_clk5xpixel                                                                 |
+-----------+-------+-----------------+------------+-------------+-----------------+-----+-------------+------+-----+----+------+-----+---------+---------------------------------------------------------------------------------------------------------------------------+
* Clock Loads column represents cell count of net connects that connect to a clock pin. Internal cell leaf pins are not considered
** Non-Clock Loads column represents cell count of non-clock pin loads
*** Columns FF, LUTRAM, RAMB through 'Hard IP' represents load cell counts



# Location of BUFG Primitives 
set_property LOC BUFGCTRL_X0Y0 [get_cells main_top_i/top_level_0/U0/clocking_0/U0/BUFG_pclock]
set_property LOC BUFGCTRL_X0Y1 [get_cells main_top_i/top_level_0/U0/clocking_0/U0/BUFG_pclockx5]
set_property LOC BUFGCTRL_X0Y3 [get_cells main_top_i/top_level_0/U0/clocking_0/U0/BUFG_clk]
set_property LOC BUFGCTRL_X0Y2 [get_cells main_top_i/com_side_wrapper_0/U0/com_side_i/block_test_0/Sindri_QLink_top_0/U0/QLINK1/MMCM48_INST/MMCME2_BASE_inst_0_BUFG_inst]

# Location of IO Primitives which is load of clock spine
set_property LOC IOB_X1Y30 [get_cells main_top_i/top_level_0/U0/output_PIX_CLK/U0/OBUFDS_inst]

# Location of clock ports
set_property LOC IOB_X0Y24 [get_ports CLK12_I]
set_property LOC IOB_X0Y26 [get_ports CLK25_I]

# Clock net "main_top_i/top_level_0/U0/clocking_0/U0/O_buff_clkpixel" driven by instance "main_top_i/top_level_0/U0/clocking_0/U0/BUFG_pclock" located at site "BUFGCTRL_X0Y0"
#startgroup
create_pblock {CLKAG_main_top_i/top_level_0/U0/clocking_0/U0/O_buff_clkpixel}
add_cells_to_pblock [get_pblocks  {CLKAG_main_top_i/top_level_0/U0/clocking_0/U0/O_buff_clkpixel}] [get_cells -filter { PRIMITIVE_GROUP != I/O && IS_PRIMITIVE==1 && PRIMITIVE_LEVEL !=INTERNAL && NAME!=main_top_i/top_level_0/U0/output_PIX_CLK/U0/OBUFDS_inst} -of_object [get_pins -filter {DIRECTION==IN} -of_objects [get_nets -hierarchical -filter {PARENT=="main_top_i/top_level_0/U0/clocking_0/U0/O_buff_clkpixel"}]]]
resize_pblock [get_pblocks {CLKAG_main_top_i/top_level_0/U0/clocking_0/U0/O_buff_clkpixel}] -add {CLOCKREGION_X1Y0:CLOCKREGION_X1Y0}
#endgroup

# Clock net "main_top_i/top_level_0/U0/clocking_0/U0/O_buff_clk5xpixel" driven by instance "main_top_i/top_level_0/U0/clocking_0/U0/BUFG_pclockx5" located at site "BUFGCTRL_X0Y1"
#startgroup
create_pblock {CLKAG_main_top_i/top_level_0/U0/clocking_0/U0/O_buff_clk5xpixel}
add_cells_to_pblock [get_pblocks  {CLKAG_main_top_i/top_level_0/U0/clocking_0/U0/O_buff_clk5xpixel}] [get_cells -filter { PRIMITIVE_GROUP != I/O && IS_PRIMITIVE==1 && PRIMITIVE_LEVEL !=INTERNAL } -of_object [get_pins -filter {DIRECTION==IN} -of_objects [get_nets -hierarchical -filter {PARENT=="main_top_i/top_level_0/U0/clocking_0/U0/O_buff_clk5xpixel"}]]]
resize_pblock [get_pblocks {CLKAG_main_top_i/top_level_0/U0/clocking_0/U0/O_buff_clk5xpixel}] -add {CLOCKREGION_X1Y0:CLOCKREGION_X1Y0}
#endgroup

# Clock net "main_top_i/top_level_0/U0/clocking_0/U0/O_buff_clk" driven by instance "main_top_i/top_level_0/U0/clocking_0/U0/BUFG_clk" located at site "BUFGCTRL_X0Y3"
#startgroup
create_pblock {CLKAG_main_top_i/top_level_0/U0/clocking_0/U0/O_buff_clk}
add_cells_to_pblock [get_pblocks  {CLKAG_main_top_i/top_level_0/U0/clocking_0/U0/O_buff_clk}] [get_cells -filter { PRIMITIVE_GROUP != I/O && IS_PRIMITIVE==1 && PRIMITIVE_LEVEL !=INTERNAL && NAME!=main_top_i/top_level_0/U0/clocking_0/U0/PLL_BASE_inst} -of_object [get_pins -filter {DIRECTION==IN} -of_objects [get_nets -hierarchical -filter {PARENT=="main_top_i/top_level_0/U0/clocking_0/U0/O_buff_clk"}]]]
resize_pblock [get_pblocks {CLKAG_main_top_i/top_level_0/U0/clocking_0/U0/O_buff_clk}] -add {CLOCKREGION_X1Y0:CLOCKREGION_X1Y0}
#endgroup

# Clock net "main_top_i/com_side_wrapper_0/U0/com_side_i/block_test_0/Sindri_QLink_top_0/U0/QLINK1/MMCM48_INST/MMCME2_BASE_inst_0_BUFG" driven by instance "main_top_i/com_side_wrapper_0/U0/com_side_i/block_test_0/Sindri_QLink_top_0/U0/QLINK1/MMCM48_INST/MMCME2_BASE_inst_0_BUFG_inst" located at site "BUFGCTRL_X0Y2"
#startgroup
create_pblock {CLKAG_main_top_i/com_side_wrapper_0/U0/com_side_i/block_test_0/Sindri_QLink_top_0/U0/QLINK1/MMCM48_INST/MMCME2_BASE_inst_0_BUFG}
add_cells_to_pblock [get_pblocks  {CLKAG_main_top_i/com_side_wrapper_0/U0/com_side_i/block_test_0/Sindri_QLink_top_0/U0/QLINK1/MMCM48_INST/MMCME2_BASE_inst_0_BUFG}] [get_cells -filter { PRIMITIVE_GROUP != I/O && IS_PRIMITIVE==1 && PRIMITIVE_LEVEL !=INTERNAL } -of_object [get_pins -filter {DIRECTION==IN} -of_objects [get_nets -hierarchical -filter {PARENT=="main_top_i/com_side_wrapper_0/U0/com_side_i/block_test_0/Sindri_QLink_top_0/U0/QLINK1/MMCM48_INST/MMCME2_BASE_inst_0_BUFG"}]]]
resize_pblock [get_pblocks {CLKAG_main_top_i/com_side_wrapper_0/U0/com_side_i/block_test_0/Sindri_QLink_top_0/U0/QLINK1/MMCM48_INST/MMCME2_BASE_inst_0_BUFG}] -add {CLOCKREGION_X0Y0:CLOCKREGION_X0Y0 CLOCKREGION_X1Y0:CLOCKREGION_X1Y0}
#endgroup
