Copyright 1986-2022 Xilinx, Inc. All Rights Reserved. Copyright 2022-2025 Advanced Micro Devices, Inc. All Rights Reserved.
---------------------------------------------------------------------------------------------------------------------------------------------
| Tool Version : Vivado v.2025.2 (lin64) Build 6299465 Fri Nov 14 12:34:56 MST 2025
| Date         : Mon Jun  1 11:07:45 2026
| Host         : Laptop running 64-bit Ubuntu 24.04.4 LTS
| Command      : report_control_sets -verbose -file main_top_wrapper_control_sets_placed.rpt
| Design       : main_top_wrapper
| Device       : xc7s15
---------------------------------------------------------------------------------------------------------------------------------------------

Control Set Information

Table of Contents
-----------------
1. Summary
2. Histogram
3. Flip-Flop Distribution
4. Detailed Control Set Information

1. Summary
----------

+----------------------------------------------------------+-------+
|                          Status                          | Count |
+----------------------------------------------------------+-------+
| Total control sets                                       |    34 |
|    Minimum number of control sets                        |    34 |
|    Addition due to synthesis replication                 |     0 |
|    Addition due to physical synthesis replication        |     0 |
| Unused register locations in slices containing registers |   114 |
+----------------------------------------------------------+-------+
* Control sets can be merged at opt_design using control_set_merge or merge_equivalent_drivers
** Run report_qor_suggestions for automated merging and remapping suggestions


2. Histogram
------------

+--------------------+-------+
|       Fanout       | Count |
+--------------------+-------+
| Total control sets |    34 |
| >= 0 to < 4        |     2 |
| >= 4 to < 6        |    15 |
| >= 6 to < 8        |     2 |
| >= 8 to < 10       |     1 |
| >= 10 to < 12      |     2 |
| >= 12 to < 14      |     2 |
| >= 14 to < 16      |     2 |
| >= 16              |     8 |
+--------------------+-------+
* Control sets can be remapped at either synth_design or opt_design


3. Flip-Flop Distribution
-------------------------

+--------------+-----------------------+------------------------+-----------------+--------------+
| Clock Enable | Synchronous Set/Reset | Asynchronous Set/Reset | Total Registers | Total Slices |
+--------------+-----------------------+------------------------+-----------------+--------------+
| No           | No                    | No                     |             106 |           36 |
| No           | No                    | Yes                    |               0 |            0 |
| No           | Yes                   | No                     |             107 |           31 |
| Yes          | No                    | No                     |              97 |           31 |
| Yes          | No                    | Yes                    |               0 |            0 |
| Yes          | Yes                   | No                     |             152 |           48 |
+--------------+-----------------------+------------------------+-----------------+--------------+


4. Detailed Control Set Information
-----------------------------------

+----------------------------------------------------------------------------------------------------------------------------+-------------------------------------------------------------------------------------------------------------------------+-------------------------------------------------------------------------------------------------------------------+------------------+----------------+--------------+
|                                                        Clock Signal                                                        |                                                      Enable Signal                                                      |                                                  Set/Reset Signal                                                 | Slice Load Count | Bel Load Count | Bels / Slice |
+----------------------------------------------------------------------------------------------------------------------------+-------------------------------------------------------------------------------------------------------------------------+-------------------------------------------------------------------------------------------------------------------+------------------+----------------+--------------+
|  main_top_i/top_level_0/U0/clocking_0/U0/O_buff_clkpixel                                                                   | main_top_i/top_level_0/U0/color_fetcher_0/U0/square_counter0__0_n_2                                                     |                                                                                                                   |                1 |              1 |         1.00 |
|  main_top_i/top_level_0/U0/clocking_0/U0/O_buff_clk                                                                        | main_top_i/top_level_0/U0/row_fetcher_0/U0/piece_counter[6]_i_2_n_0                                                     |                                                                                                                   |                2 |              3 |         1.50 |
|  main_top_i/com_side_wrapper_0/U0/com_side_i/block_test_0/Sindri_QLink_top_0/U0/QLINK1/MMCM48_INST/MMCME2_BASE_inst_0_BUFG | main_top_i/com_side_wrapper_0/U0/com_side_i/block_test_0/Sindri_QLink_top_0/U0/QLINK1/U1/FSM_onehot_rx_state_reg[18][4] | main_top_i/com_side_wrapper_0/U0/com_side_i/block_test_0/Sindri_QLink_top_0/U0/QLINK1/sys_reset                   |                1 |              4 |         4.00 |
|  main_top_i/com_side_wrapper_0/U0/com_side_i/block_test_0/Sindri_QLink_top_0/U0/QLINK1/MMCM48_INST/MMCME2_BASE_inst_0_BUFG | main_top_i/com_side_wrapper_0/U0/com_side_i/block_test_0/Sindri_QLink_top_0/U0/QLINK1/U2/sel                            | main_top_i/com_side_wrapper_0/U0/com_side_i/block_test_0/Sindri_QLink_top_0/U0/QLINK1/U2/subcnt[3]_i_1__0_n_0     |                1 |              4 |         4.00 |
|  main_top_i/com_side_wrapper_0/U0/com_side_i/block_test_0/Sindri_QLink_top_0/U0/QLINK1/MMCM48_INST/MMCME2_BASE_inst_0_BUFG | main_top_i/com_side_wrapper_0/U0/com_side_i/block_test_0/Sindri_QLink_top_0/U0/QLINK1/U2/nxt_bitcnt[0]                  | main_top_i/com_side_wrapper_0/U0/com_side_i/block_test_0/Sindri_QLink_top_0/U0/QLINK1/U2/nxt_bitcnt[3]_i_1__0_n_0 |                1 |              4 |         4.00 |
|  main_top_i/com_side_wrapper_0/U0/com_side_i/block_test_0/Sindri_QLink_top_0/U0/QLINK1/MMCM48_INST/MMCME2_BASE_inst_0_BUFG | main_top_i/com_side_wrapper_0/U0/com_side_i/block_test_0/Sindri_QLink_top_0/U0/QLINK1/U1/nxt_bitcnt[3]_i_2__0_n_0       | main_top_i/com_side_wrapper_0/U0/com_side_i/block_test_0/Sindri_QLink_top_0/U0/QLINK1/U1/nxt_bitcnt[3]_i_1_n_0    |                1 |              4 |         4.00 |
|  main_top_i/com_side_wrapper_0/U0/com_side_i/block_test_0/Sindri_QLink_top_0/U0/QLINK1/MMCM48_INST/MMCME2_BASE_inst_0_BUFG | main_top_i/com_side_wrapper_0/U0/com_side_i/block_test_0/Sindri_QLink_top_0/U0/QLINK1/U1/FSM_onehot_rx_state_reg[18][6] | main_top_i/com_side_wrapper_0/U0/com_side_i/block_test_0/Sindri_QLink_top_0/U0/QLINK1/sys_reset                   |                1 |              4 |         4.00 |
|  main_top_i/com_side_wrapper_0/U0/com_side_i/block_test_0/Sindri_QLink_top_0/U0/QLINK1/MMCM48_INST/MMCME2_BASE_inst_0_BUFG |                                                                                                                         | main_top_i/com_side_wrapper_0/U0/com_side_i/block_test_0/Sindri_QLink_top_0/U0/QLINK1/U1/subcnt[3]_i_1_n_0        |                1 |              4 |         4.00 |
|  main_top_i/com_side_wrapper_0/U0/com_side_i/block_test_0/Sindri_QLink_top_0/U0/QLINK1/MMCM48_INST/MMCME2_BASE_inst_0_BUFG | main_top_i/com_side_wrapper_0/U0/com_side_i/block_test_0/Sindri_QLink_top_0/U0/QLINK1/U1/FSM_onehot_rx_state_reg[18][7] | main_top_i/com_side_wrapper_0/U0/com_side_i/block_test_0/Sindri_QLink_top_0/U0/QLINK1/sys_reset                   |                2 |              4 |         2.00 |
|  main_top_i/com_side_wrapper_0/U0/com_side_i/block_test_0/Sindri_QLink_top_0/U0/QLINK1/MMCM48_INST/MMCME2_BASE_inst_0_BUFG | main_top_i/com_side_wrapper_0/U0/com_side_i/block_test_0/Sindri_QLink_top_0/U0/QLINK1/U1/FSM_onehot_rx_state_reg[18][5] | main_top_i/com_side_wrapper_0/U0/com_side_i/block_test_0/Sindri_QLink_top_0/U0/QLINK1/sys_reset                   |                2 |              4 |         2.00 |
|  main_top_i/com_side_wrapper_0/U0/com_side_i/block_test_0/Sindri_QLink_top_0/U0/QLINK1/MMCM48_INST/MMCME2_BASE_inst_0_BUFG | main_top_i/com_side_wrapper_0/U0/com_side_i/block_test_0/Sindri_QLink_top_0/U0/QLINK1/U1/FSM_onehot_rx_state_reg[18][1] | main_top_i/com_side_wrapper_0/U0/com_side_i/block_test_0/Sindri_QLink_top_0/U0/QLINK1/sys_reset                   |                2 |              4 |         2.00 |
|  main_top_i/com_side_wrapper_0/U0/com_side_i/block_test_0/Sindri_QLink_top_0/U0/QLINK1/MMCM48_INST/MMCME2_BASE_inst_0_BUFG | main_top_i/com_side_wrapper_0/U0/com_side_i/block_test_0/Sindri_QLink_top_0/U0/QLINK1/U1/FSM_onehot_rx_state_reg[18][3] | main_top_i/com_side_wrapper_0/U0/com_side_i/block_test_0/Sindri_QLink_top_0/U0/QLINK1/sys_reset                   |                2 |              4 |         2.00 |
|  main_top_i/com_side_wrapper_0/U0/com_side_i/block_test_0/Sindri_QLink_top_0/U0/QLINK1/MMCM48_INST/MMCME2_BASE_inst_0_BUFG | main_top_i/com_side_wrapper_0/U0/com_side_i/block_test_0/Sindri_QLink_top_0/U0/QLINK1/U1/FSM_onehot_rx_state_reg[18][2] | main_top_i/com_side_wrapper_0/U0/com_side_i/block_test_0/Sindri_QLink_top_0/U0/QLINK1/sys_reset                   |                2 |              4 |         2.00 |
|  main_top_i/com_side_wrapper_0/U0/com_side_i/block_test_0/Sindri_QLink_top_0/U0/QLINK1/MMCM48_INST/MMCME2_BASE_inst_0_BUFG | main_top_i/com_side_wrapper_0/U0/com_side_i/block_test_0/Sindri_QLink_top_0/U0/QLINK1/U1/FSM_onehot_rx_state_reg[18][0] | main_top_i/com_side_wrapper_0/U0/com_side_i/block_test_0/Sindri_QLink_top_0/U0/QLINK1/sys_reset                   |                2 |              4 |         2.00 |
|  main_top_i/com_side_wrapper_0/U0/com_side_i/block_test_0/Sindri_QLink_top_0/U0/QLINK1/MMCM48_INST/MMCME2_BASE_inst_0_BUFG | main_top_i/com_side_wrapper_0/U0/com_side_i/block_test_0/Sindri_QLink_top_0/U0/QLINK1/U1/E[0]                           | main_top_i/com_side_wrapper_0/U0/com_side_i/block_test_0/Sindri_QLink_top_0/U0/QLINK1/sys_reset                   |                1 |              4 |         4.00 |
|  main_top_i/com_side_wrapper_0/U0/com_side_i/block_test_0/Sindri_QLink_top_0/U0/QLINK1/MMCM48_INST/MMCME2_BASE_inst_0_BUFG | main_top_i/com_side_wrapper_0/U0/com_side_i/block_test_0/Sindri_QLink_top_0/U0/QLINK1/U1/E[1]                           | main_top_i/com_side_wrapper_0/U0/com_side_i/block_test_0/Sindri_QLink_top_0/U0/QLINK1/sys_reset                   |                1 |              4 |         4.00 |
|  main_top_i/com_side_wrapper_0/U0/com_side_i/block_test_0/Sindri_QLink_top_0/U0/QLINK1/MMCM48_INST/MMCME2_BASE_inst_0_BUFG | main_top_i/com_side_wrapper_0/U0/com_side_i/block_test_0/Sindri_QLink_top_0/U0/QLINK1/U2/nxt_char_cnt_reg[4][0]         | main_top_i/com_side_wrapper_0/U0/com_side_i/block_test_0/Sindri_QLink_top_0/U0/QLINK1/sys_reset                   |                1 |              5 |         5.00 |
|  main_top_i/com_side_wrapper_0/U0/com_side_i/block_test_0/Sindri_QLink_top_0/U0/QLINK1/MMCM48_INST/MMCME2_BASE_inst_0_BUFG | main_top_i/com_side_wrapper_0/U0/com_side_i/block_test_0/Sindri_QLink_top_0/U0/QLINK1/enc_wr                            | main_top_i/com_side_wrapper_0/U0/com_side_i/block_test_0/Sindri_QLink_top_0/U0/QLINK1/sys_reset                   |                1 |              7 |         7.00 |
|  main_top_i/com_side_wrapper_0/U0/com_side_i/block_test_0/Sindri_QLink_top_0/U0/QLINK1/MMCM48_INST/MMCME2_BASE_inst_0_BUFG | main_top_i/com_side_wrapper_0/U0/com_side_i/block_test_0/Sindri_QLink_top_0/U0/QLINK1/U2/sys_reset_reg[0]               |                                                                                                                   |                2 |              7 |         3.50 |
|  main_top_i/com_side_wrapper_0/U0/com_side_i/block_test_0/Sindri_QLink_top_0/U0/QLINK1/MMCM48_INST/MMCME2_BASE_inst_0_BUFG | main_top_i/com_side_wrapper_0/U0/com_side_i/block_test_0/Sindri_QLink_top_0/U0/QLINK1/E[0]                              |                                                                                                                   |                3 |              8 |         2.67 |
|  main_top_i/top_level_0/U0/clocking_0/U0/O_buff_clk                                                                        | main_top_i/top_level_0/U0/row_fetcher_0/U0/read_addr[31]_i_1_n_0                                                        |                                                                                                                   |                2 |             11 |         5.50 |
|  main_top_i/top_level_0/U0/clocking_0/U0/O_buff_clkpixel                                                                   | main_top_i/top_level_0/U0/color_fetcher_0/U0/square_counter0__0_n_2                                                     | main_top_i/top_level_0/U0/color_fetcher_0/U0/square_counter[11]_i_1_n_0                                           |                3 |             11 |         3.67 |
|  main_top_i/top_level_0/U0/clocking_0/U0/O_buff_clkpixel                                                                   | main_top_i/top_level_0/U0/vga_gen_0/U0/eqOp                                                                             | main_top_i/top_level_0/U0/vga_gen_0/U0/n[vCounter][0]                                                             |                3 |             12 |         4.00 |
|  main_top_i/top_level_0/U0/clocking_0/U0/O_buff_clkpixel                                                                   |                                                                                                                         | main_top_i/top_level_0/U0/vga_gen_0/U0/eqOp                                                                       |                3 |             12 |         4.00 |
|  main_top_i/top_level_0/U0/clocking_0/U0/O_buff_clk                                                                        | main_top_i/top_level_0/U0/row_fetcher_0/U0/piece_counter[6]_i_2_n_0                                                     | main_top_i/top_level_0/U0/row_fetcher_0/U0/piece_counter[6]_i_1_n_0                                               |                4 |             14 |         3.50 |
|  main_top_i/top_level_0/U0/clocking_0/U0/O_buff_clkpixel                                                                   |                                                                                                                         | main_top_i/top_level_0/U0/vga_gen_0/U0/queue_reg[15][blank]_0                                                     |                4 |             14 |         3.50 |
|  main_top_i/com_side_wrapper_0/U0/com_side_i/block_test_0/Sindri_QLink_top_0/U0/QLINK1/MMCM48_INST/MMCME2_BASE_inst_0_BUFG | main_top_i/com_side_wrapper_0/U0/com_side_i/block_test_0/Sindri_QLink_top_0/U0/QLINK1/U1/strobe_reg_0[0]                | main_top_i/com_side_wrapper_0/U0/com_side_i/block_test_0/Sindri_QLink_top_0/U0/QLINK1/sys_reset                   |                8 |             19 |         2.38 |
|  main_top_i/com_side_wrapper_0/U0/com_side_i/block_test_0/Sindri_QLink_top_0/U0/QLINK1/MMCM48_INST/MMCME2_BASE_inst_0_BUFG |                                                                                                                         |                                                                                                                   |               12 |             25 |         2.08 |
|  main_top_i/com_side_wrapper_0/U0/com_side_i/block_test_0/Sindri_QLink_top_0/U0/QLINK1/MMCM48_INST/MMCME2_BASE_inst_0_BUFG | main_top_i/com_side_wrapper_0/U0/com_side_i/block_test_0/Sindri_QLink_top_0/U0/QLINK1/wr_reg_1[0]                       |                                                                                                                   |               12 |             32 |         2.67 |
|  main_top_i/com_side_wrapper_0/U0/com_side_i/block_test_0/Sindri_QLink_top_0/U0/QLINK1/MMCM48_INST/MMCME2_BASE_inst_0_BUFG | main_top_i/com_side_wrapper_0/U0/com_side_i/block_test_0/Sindri_QLink_top_0/U0/QLINK1/nxt_timestamp[0]                  | main_top_i/com_side_wrapper_0/U0/com_side_i/block_test_0/Sindri_QLink_top_0/U0/QLINK1/sys_reset                   |                9 |             32 |         3.56 |
|  main_top_i/top_level_0/U0/clocking_0/U0/O_buff_clk                                                                        | main_top_i/top_level_0/U0/row_fetcher_0/U0/sel                                                                          |                                                                                                                   |                9 |             35 |         3.89 |
|  main_top_i/top_level_0/U0/clocking_0/U0/O_buff_clk                                                                        |                                                                                                                         |                                                                                                                   |               10 |             40 |         4.00 |
|  main_top_i/top_level_0/U0/clocking_0/U0/O_buff_clkpixel                                                                   |                                                                                                                         |                                                                                                                   |               14 |             70 |         5.00 |
|  main_top_i/com_side_wrapper_0/U0/com_side_i/block_test_0/Sindri_QLink_top_0/U0/QLINK1/MMCM48_INST/MMCME2_BASE_inst_0_BUFG |                                                                                                                         | main_top_i/com_side_wrapper_0/U0/com_side_i/block_test_0/Sindri_QLink_top_0/U0/QLINK1/sys_reset                   |               23 |             77 |         3.35 |
+----------------------------------------------------------------------------------------------------------------------------+-------------------------------------------------------------------------------------------------------------------------+-------------------------------------------------------------------------------------------------------------------+------------------+----------------+--------------+


