Copyright 1986-2022 Xilinx, Inc. All Rights Reserved. Copyright 2022-2025 Advanced Micro Devices, Inc. All Rights Reserved.
----------------------------------------------------------------------------------------------------------------------------------------------------------------------
| Tool Version     : Vivado v.2025.2 (lin64) Build 6299465 Fri Nov 14 12:34:56 MST 2025
| Date             : Wed May 27 16:56:26 2026
| Host             : Laptop running 64-bit Ubuntu 24.04.4 LTS
| Command          : report_power -file main_top_wrapper_power_routed.rpt -pb main_top_wrapper_power_summary_routed.pb -rpx main_top_wrapper_power_routed.rpx
| Design           : main_top_wrapper
| Device           : xc7s15ftgb196-1
| Design State     : routed
| Grade            : commercial
| Process          : typical
| Characterization : Production
----------------------------------------------------------------------------------------------------------------------------------------------------------------------

Power Report

Table of Contents
-----------------
1. Summary
1.1 On-Chip Components
1.2 Power Supply Summary
1.3 Confidence Level
2. Settings
2.1 Environment
2.2 Clock Constraints
3. Detailed Reports
3.1 By Hierarchy

1. Summary
----------

+--------------------------+--------------+
| Total On-Chip Power (W)  | 0.372        |
| Design Power Budget (W)  | Unspecified* |
| Power Budget Margin (W)  | NA           |
| Dynamic (W)              | 0.352        |
| Device Static (W)        | 0.020        |
| Effective TJA (C/W)      | 3.4          |
| Max Ambient (C)          | 83.7         |
| Junction Temperature (C) | 26.3         |
| Confidence Level         | Medium       |
| Setting File             | ---          |
| Simulation Activity File | ---          |
| Design Nets Matched      | NA           |
+--------------------------+--------------+
* Specify Design Power Budget using, set_operating_conditions -design_power_budget <value in Watts>


1.1 On-Chip Components
----------------------

+-------------------------+-----------+----------+-----------+-----------------+
| On-Chip                 | Power (W) | Used     | Available | Utilization (%) |
+-------------------------+-----------+----------+-----------+-----------------+
| Clocks                  |     0.006 |        9 |       --- |             --- |
| Slice Logic             |    <0.001 |     1210 |       --- |             --- |
|   LUT as Logic          |    <0.001 |      472 |      8000 |            5.90 |
|   LUT as Shift Register |    <0.001 |       21 |      2400 |            0.88 |
|   CARRY4                |    <0.001 |       37 |      2000 |            1.85 |
|   Register              |    <0.001 |      462 |     16000 |            2.89 |
|   F7/F8 Muxes           |    <0.001 |       12 |      8000 |            0.15 |
|   Others                |     0.000 |       58 |       --- |             --- |
| Signals                 |    <0.001 |      942 |       --- |             --- |
| Block RAM               |     0.003 |        2 |        10 |           20.00 |
| MMCM                    |     0.200 |        2 |         2 |          100.00 |
| DSPs                    |     0.001 |        2 |        20 |           10.00 |
| I/O                     |     0.141 |       20 |       100 |           20.00 |
| Static Power            |     0.020 |          |           |                 |
| Total                   |     0.372 |          |           |                 |
+-------------------------+-----------+----------+-----------+-----------------+


1.2 Power Supply Summary
------------------------

+-----------+-------------+-----------+-------------+------------+-------------+-------------+------------+
| Source    | Voltage (V) | Total (A) | Dynamic (A) | Static (A) | Powerup (A) | Budget (A)  | Margin (A) |
+-----------+-------------+-----------+-------------+------------+-------------+-------------+------------+
| Vccint    |       1.000 |     0.020 |       0.016 |      0.004 |       NA    | Unspecified | NA         |
| Vccaux    |       1.800 |     0.118 |       0.111 |      0.007 |       NA    | Unspecified | NA         |
| Vcco33    |       3.300 |     0.043 |       0.042 |      0.001 |       NA    | Unspecified | NA         |
| Vcco25    |       2.500 |     0.000 |       0.000 |      0.000 |       NA    | Unspecified | NA         |
| Vcco18    |       1.800 |     0.000 |       0.000 |      0.000 |       NA    | Unspecified | NA         |
| Vcco15    |       1.500 |     0.000 |       0.000 |      0.000 |       NA    | Unspecified | NA         |
| Vcco135   |       1.350 |     0.000 |       0.000 |      0.000 |       NA    | Unspecified | NA         |
| Vcco12    |       1.200 |     0.000 |       0.000 |      0.000 |       NA    | Unspecified | NA         |
| Vccaux_io |       1.800 |     0.000 |       0.000 |      0.000 |       NA    | Unspecified | NA         |
| Vccbram   |       1.000 |     0.000 |       0.000 |      0.000 |       NA    | Unspecified | NA         |
| Vccadc    |       1.800 |     0.000 |       0.000 |      0.000 |       NA    | Unspecified | NA         |
+-----------+-------------+-----------+-------------+------------+-------------+-------------+------------+


1.3 Confidence Level
--------------------

+-----------------------------+------------+-------------------------------------------------------+------------------------------------------------------------------------------------------------------------+
| User Input Data             | Confidence | Details                                               | Action                                                                                                     |
+-----------------------------+------------+-------------------------------------------------------+------------------------------------------------------------------------------------------------------------+
| Design implementation state | High       | Design is routed                                      |                                                                                                            |
| Clock nodes activity        | High       | User specified more than 95% of clocks                |                                                                                                            |
| I/O nodes activity          | Medium     | More than 5% of inputs are missing user specification | Provide missing input activity with simulation results or by editing the "By Resource Type -> I/Os" view   |
| Internal nodes activity     | Medium     | User specified less than 25% of internal nodes        | Provide missing internal nodes activity with simulation results or by editing the "By Resource Type" views |
| Device models               | High       | Device models are Production                          |                                                                                                            |
|                             |            |                                                       |                                                                                                            |
| Overall confidence level    | Medium     |                                                       |                                                                                                            |
+-----------------------------+------------+-------------------------------------------------------+------------------------------------------------------------------------------------------------------------+


2. Settings
-----------

2.1 Environment
---------------

+-----------------------+--------------------------+
| Ambient Temp (C)      | 25.0                     |
| ThetaJA (C/W)         | 3.4                      |
| Airflow (LFM)         | 250                      |
| Heat Sink             | medium (Medium Profile)  |
| ThetaSA (C/W)         | 15.4                     |
| Board Selection       | medium (10"x10")         |
| # of Board Layers     | 12to15 (12 to 15 Layers) |
| Board Temperature (C) | 25.0                     |
+-----------------------+--------------------------+


2.2 Clock Constraints
---------------------

+--------------------------+----------------------------------------------------------------------------------------------------------------------+-----------------+
| Clock                    | Domain                                                                                                               | Constraint (ns) |
+--------------------------+----------------------------------------------------------------------------------------------------------------------+-----------------+
| CLK12_I                  | CLK12_I                                                                                                              |            83.3 |
| CLK25_I                  | CLK25_I                                                                                                              |            40.0 |
| block_test_0_qlink_clk_o | main_top_i/com_side_wrapper_0/U0/com_side_i/block_test_0/Sindri_QLink_top_0/U0/QLINK1/MMCM48_INST/MMCME2_BASE_inst_0 |            20.8 |
| clk_feedback             | main_top_i/com_side_wrapper_0/U0/com_side_i/block_test_0/Sindri_QLink_top_0/U0/QLINK1/MMCM48_INST/clk_feedback       |            83.3 |
| clk_feedback_1           | main_top_i/top_level_0/U0/clocking_0/U0/clk_feedback                                                                 |            40.0 |
| clock_pixel_unbuffered   | main_top_i/top_level_0/U0/clocking_0/U0/clock_pixel_unbuffered                                                       |             6.7 |
| clock_x5pixel_unbuffered | main_top_i/top_level_0/U0/clocking_0/U0/clock_x5pixel_unbuffered                                                     |             1.3 |
+--------------------------+----------------------------------------------------------------------------------------------------------------------+-----------------+


3. Detailed Reports
-------------------

3.1 By Hierarchy
----------------

+------------------------+-----------+
| Name                   | Power (W) |
+------------------------+-----------+
| main_top_wrapper       |     0.352 |
|   main_top_i           |     0.352 |
|     com_side_wrapper_0 |     0.109 |
|       U0               |     0.109 |
|     top_level_0        |     0.243 |
|       U0               |     0.243 |
+------------------------+-----------+


