Copyright 1986-2022 Xilinx, Inc. All Rights Reserved. Copyright 2022-2025 Advanced Micro Devices, Inc. All Rights Reserved.
--------------------------------------------------------------------------------------------------------------------------------------------------------------------------
| Tool Version : Vivado v.2025.2 (lin64) Build 6299465 Fri Nov 14 12:34:56 MST 2025
| Date         : Mon Mar  9 11:09:09 2026
| Host         : kasper-ubuntu-pc running 64-bit Ubuntu 22.04.5 LTS
| Command      : report_methodology -file receiver_top_methodology_drc_routed.rpt -pb receiver_top_methodology_drc_routed.pb -rpx receiver_top_methodology_drc_routed.rpx
| Design       : receiver_top
| Device       : xc7s15ftgb196-1
| Speed File   : -1
| Design State : Fully Routed
--------------------------------------------------------------------------------------------------------------------------------------------------------------------------

Report Methodology

Table of Contents
-----------------
1. REPORT SUMMARY
2. REPORT DETAILS

1. REPORT SUMMARY
-----------------
            Netlist: netlist
          Floorplan: design_1
      Design limits: <entire design considered>
             Max checks: <unlimited>
             Checks found: 2
+--------+----------+------------------------------------------------------+--------+
| Rule   | Severity | Description                                          | Checks |
+--------+----------+------------------------------------------------------+--------+
| XDCC-4 | Warning  | User Clock constraint overwritten with the same name | 1      |
| XDCC-8 | Warning  | User Clock constraint overwritten on the same source | 1      |
+--------+----------+------------------------------------------------------+--------+

2. REPORT DETAILS
-----------------
XDCC-4#1 Warning
User Clock constraint overwritten with the same name  
A new clock constraint create_clock overrides a previous user clock constraint with the same name.
New: create_clock -period 40.000 -name CLK100_I -waveform {0.000 20.000} [get_ports CLK100_I] (Source: /home/kasper-ubuntu/Documents/AAPL_project/vhdl/sindri_constraints.xdc (Line: 67))
Previous: create_clock -period 10.000 [get_ports CLK100_I] (Source: /home/kasper-ubuntu/Documents/AAPL_project/QLink_2020/QLink_2020/constraints_copy.xdc (Line: 25))
Related violations: <none>

XDCC-8#1 Warning
User Clock constraint overwritten on the same source  
A new clock constraint create_clock overrides a previous user clock constraint defined on the same source.
New: create_clock -period 40.000 -name CLK100_I -waveform {0.000 20.000} [get_ports CLK100_I] (Source: /home/kasper-ubuntu/Documents/AAPL_project/vhdl/sindri_constraints.xdc (Line: 67))
Previous: create_clock -period 10.000 [get_ports CLK100_I] (Source: /home/kasper-ubuntu/Documents/AAPL_project/QLink_2020/QLink_2020/constraints_copy.xdc (Line: 25))
Related violations: <none>


