
*** Running vivado
    with args -log Sindri_QLink_top.vdi -applog -m64 -product Vivado -messageDb vivado.pb -mode batch -source Sindri_QLink_top.tcl -notrace


****** Vivado v2025.2 (64-bit)
  **** SW Build 6299465 on Fri Nov 14 12:34:56 MST 2025
  **** IP Build 6300035 on Fri Nov 14 10:48:45 MST 2025
  **** SharedData Build 6298862 on Thu Nov 13 04:50:51 MST 2025
  **** Start of session at: Thu Apr  2 10:35:48 2026
    ** Copyright 1986-2022 Xilinx, Inc. All Rights Reserved.
    ** Copyright 2022-2025 Advanced Micro Devices, Inc. All Rights Reserved.

source Sindri_QLink_top.tcl -notrace
Command: link_design -top Sindri_QLink_top -part xc7s15ftgb196-1
Design is defaulting to srcset: sources_1
Design is defaulting to constrset: constrs_1
INFO: [Device 21-403] Loading part xc7s15ftgb196-1
Netlist sorting complete. Time (s): cpu = 00:00:00 ; elapsed = 00:00:00 . Memory (MB): peak = 1699.418 ; gain = 0.000 ; free physical = 8692 ; free virtual = 14492
INFO: [Netlist 29-17] Analyzing 22 Unisim elements for replacement
INFO: [Netlist 29-28] Unisim Transformation completed in 0 CPU seconds
INFO: [Project 1-479] Netlist was created with Vivado 2025.2
INFO: [Project 1-570] Preparing netlist for logic optimization
Parsing XDC File [/home/kasper-ubuntu/Documents/AAPL_project/vhdl/sindri_constraints.xdc]
WARNING: [Vivado 12-584] No ports matched 'nBUTTON_I'. [/home/kasper-ubuntu/Documents/AAPL_project/vhdl/sindri_constraints.xdc:35]
CRITICAL WARNING: [Common 17-55] 'set_property' expects at least one object. [/home/kasper-ubuntu/Documents/AAPL_project/vhdl/sindri_constraints.xdc:35]
Resolution: If [get_<value>] was used to populate the object, check to make sure this command returns at least one valid object.
WARNING: [Vivado 12-584] No ports matched 'nBUTTON_I'. [/home/kasper-ubuntu/Documents/AAPL_project/vhdl/sindri_constraints.xdc:36]
CRITICAL WARNING: [Common 17-55] 'set_property' expects at least one object. [/home/kasper-ubuntu/Documents/AAPL_project/vhdl/sindri_constraints.xdc:36]
Resolution: If [get_<value>] was used to populate the object, check to make sure this command returns at least one valid object.
WARNING: [Vivado 12-584] No ports matched 'CLK1'. [/home/kasper-ubuntu/Documents/AAPL_project/vhdl/sindri_constraints.xdc:65]
CRITICAL WARNING: [Common 17-55] 'set_property' expects at least one object. [/home/kasper-ubuntu/Documents/AAPL_project/vhdl/sindri_constraints.xdc:65]
Resolution: If [get_<value>] was used to populate the object, check to make sure this command returns at least one valid object.
WARNING: [Vivado 12-584] No ports matched 'CLK100_I'. [/home/kasper-ubuntu/Documents/AAPL_project/vhdl/sindri_constraints.xdc:66]
CRITICAL WARNING: [Common 17-55] 'set_property' expects at least one object. [/home/kasper-ubuntu/Documents/AAPL_project/vhdl/sindri_constraints.xdc:66]
Resolution: If [get_<value>] was used to populate the object, check to make sure this command returns at least one valid object.
WARNING: [Vivado 12-584] No ports matched 'CLK100_I'. [/home/kasper-ubuntu/Documents/AAPL_project/vhdl/sindri_constraints.xdc:67]
CRITICAL WARNING: [Vivado 12-4739] create_clock:No valid object(s) found for '-objects [get_ports CLK100_I]'. [/home/kasper-ubuntu/Documents/AAPL_project/vhdl/sindri_constraints.xdc:67]
Resolution: Check if the specified object(s) exists in the current design. If it does, ensure that the correct design hierarchy was specified for the object. If you are working with clocks, make sure create_clock was used to create the clock object before it is referenced.
WARNING: [Vivado 12-584] No ports matched 'BB_05'. [/home/kasper-ubuntu/Documents/AAPL_project/vhdl/sindri_constraints.xdc:79]
CRITICAL WARNING: [Common 17-55] 'set_property' expects at least one object. [/home/kasper-ubuntu/Documents/AAPL_project/vhdl/sindri_constraints.xdc:79]
Resolution: If [get_<value>] was used to populate the object, check to make sure this command returns at least one valid object.
WARNING: [Vivado 12-584] No ports matched 'BB_05'. [/home/kasper-ubuntu/Documents/AAPL_project/vhdl/sindri_constraints.xdc:80]
CRITICAL WARNING: [Common 17-55] 'set_property' expects at least one object. [/home/kasper-ubuntu/Documents/AAPL_project/vhdl/sindri_constraints.xdc:80]
Resolution: If [get_<value>] was used to populate the object, check to make sure this command returns at least one valid object.
WARNING: [Vivado 12-584] No ports matched 'BB_06'. [/home/kasper-ubuntu/Documents/AAPL_project/vhdl/sindri_constraints.xdc:83]
CRITICAL WARNING: [Common 17-55] 'set_property' expects at least one object. [/home/kasper-ubuntu/Documents/AAPL_project/vhdl/sindri_constraints.xdc:83]
Resolution: If [get_<value>] was used to populate the object, check to make sure this command returns at least one valid object.
WARNING: [Vivado 12-584] No ports matched 'BB_06'. [/home/kasper-ubuntu/Documents/AAPL_project/vhdl/sindri_constraints.xdc:84]
CRITICAL WARNING: [Common 17-55] 'set_property' expects at least one object. [/home/kasper-ubuntu/Documents/AAPL_project/vhdl/sindri_constraints.xdc:84]
Resolution: If [get_<value>] was used to populate the object, check to make sure this command returns at least one valid object.
WARNING: [Vivado 12-584] No ports matched 'BB_07'. [/home/kasper-ubuntu/Documents/AAPL_project/vhdl/sindri_constraints.xdc:87]
CRITICAL WARNING: [Common 17-55] 'set_property' expects at least one object. [/home/kasper-ubuntu/Documents/AAPL_project/vhdl/sindri_constraints.xdc:87]
Resolution: If [get_<value>] was used to populate the object, check to make sure this command returns at least one valid object.
WARNING: [Vivado 12-584] No ports matched 'BB_07'. [/home/kasper-ubuntu/Documents/AAPL_project/vhdl/sindri_constraints.xdc:88]
CRITICAL WARNING: [Common 17-55] 'set_property' expects at least one object. [/home/kasper-ubuntu/Documents/AAPL_project/vhdl/sindri_constraints.xdc:88]
Resolution: If [get_<value>] was used to populate the object, check to make sure this command returns at least one valid object.
WARNING: [Vivado 12-584] No ports matched 'BB_08'. [/home/kasper-ubuntu/Documents/AAPL_project/vhdl/sindri_constraints.xdc:91]
CRITICAL WARNING: [Common 17-55] 'set_property' expects at least one object. [/home/kasper-ubuntu/Documents/AAPL_project/vhdl/sindri_constraints.xdc:91]
Resolution: If [get_<value>] was used to populate the object, check to make sure this command returns at least one valid object.
WARNING: [Vivado 12-584] No ports matched 'BB_08'. [/home/kasper-ubuntu/Documents/AAPL_project/vhdl/sindri_constraints.xdc:92]
CRITICAL WARNING: [Common 17-55] 'set_property' expects at least one object. [/home/kasper-ubuntu/Documents/AAPL_project/vhdl/sindri_constraints.xdc:92]
Resolution: If [get_<value>] was used to populate the object, check to make sure this command returns at least one valid object.
WARNING: [Vivado 12-584] No ports matched 'BB_09'. [/home/kasper-ubuntu/Documents/AAPL_project/vhdl/sindri_constraints.xdc:95]
CRITICAL WARNING: [Common 17-55] 'set_property' expects at least one object. [/home/kasper-ubuntu/Documents/AAPL_project/vhdl/sindri_constraints.xdc:95]
Resolution: If [get_<value>] was used to populate the object, check to make sure this command returns at least one valid object.
WARNING: [Vivado 12-584] No ports matched 'BB_09'. [/home/kasper-ubuntu/Documents/AAPL_project/vhdl/sindri_constraints.xdc:96]
CRITICAL WARNING: [Common 17-55] 'set_property' expects at least one object. [/home/kasper-ubuntu/Documents/AAPL_project/vhdl/sindri_constraints.xdc:96]
Resolution: If [get_<value>] was used to populate the object, check to make sure this command returns at least one valid object.
WARNING: [Vivado 12-584] No ports matched 'BB_10'. [/home/kasper-ubuntu/Documents/AAPL_project/vhdl/sindri_constraints.xdc:99]
CRITICAL WARNING: [Common 17-55] 'set_property' expects at least one object. [/home/kasper-ubuntu/Documents/AAPL_project/vhdl/sindri_constraints.xdc:99]
Resolution: If [get_<value>] was used to populate the object, check to make sure this command returns at least one valid object.
WARNING: [Vivado 12-584] No ports matched 'BB_10'. [/home/kasper-ubuntu/Documents/AAPL_project/vhdl/sindri_constraints.xdc:100]
CRITICAL WARNING: [Common 17-55] 'set_property' expects at least one object. [/home/kasper-ubuntu/Documents/AAPL_project/vhdl/sindri_constraints.xdc:100]
Resolution: If [get_<value>] was used to populate the object, check to make sure this command returns at least one valid object.
WARNING: [Vivado 12-584] No ports matched 'BB_11'. [/home/kasper-ubuntu/Documents/AAPL_project/vhdl/sindri_constraints.xdc:103]
CRITICAL WARNING: [Common 17-55] 'set_property' expects at least one object. [/home/kasper-ubuntu/Documents/AAPL_project/vhdl/sindri_constraints.xdc:103]
Resolution: If [get_<value>] was used to populate the object, check to make sure this command returns at least one valid object.
WARNING: [Vivado 12-584] No ports matched 'BB_11'. [/home/kasper-ubuntu/Documents/AAPL_project/vhdl/sindri_constraints.xdc:104]
CRITICAL WARNING: [Common 17-55] 'set_property' expects at least one object. [/home/kasper-ubuntu/Documents/AAPL_project/vhdl/sindri_constraints.xdc:104]
Resolution: If [get_<value>] was used to populate the object, check to make sure this command returns at least one valid object.
WARNING: [Vivado 12-584] No ports matched 'BB_12'. [/home/kasper-ubuntu/Documents/AAPL_project/vhdl/sindri_constraints.xdc:107]
CRITICAL WARNING: [Common 17-55] 'set_property' expects at least one object. [/home/kasper-ubuntu/Documents/AAPL_project/vhdl/sindri_constraints.xdc:107]
Resolution: If [get_<value>] was used to populate the object, check to make sure this command returns at least one valid object.
WARNING: [Vivado 12-584] No ports matched 'BB_12'. [/home/kasper-ubuntu/Documents/AAPL_project/vhdl/sindri_constraints.xdc:108]
CRITICAL WARNING: [Common 17-55] 'set_property' expects at least one object. [/home/kasper-ubuntu/Documents/AAPL_project/vhdl/sindri_constraints.xdc:108]
Resolution: If [get_<value>] was used to populate the object, check to make sure this command returns at least one valid object.
WARNING: [Vivado 12-584] No ports matched 'BB_13'. [/home/kasper-ubuntu/Documents/AAPL_project/vhdl/sindri_constraints.xdc:111]
CRITICAL WARNING: [Common 17-55] 'set_property' expects at least one object. [/home/kasper-ubuntu/Documents/AAPL_project/vhdl/sindri_constraints.xdc:111]
Resolution: If [get_<value>] was used to populate the object, check to make sure this command returns at least one valid object.
WARNING: [Vivado 12-584] No ports matched 'BB_13'. [/home/kasper-ubuntu/Documents/AAPL_project/vhdl/sindri_constraints.xdc:112]
CRITICAL WARNING: [Common 17-55] 'set_property' expects at least one object. [/home/kasper-ubuntu/Documents/AAPL_project/vhdl/sindri_constraints.xdc:112]
Resolution: If [get_<value>] was used to populate the object, check to make sure this command returns at least one valid object.
WARNING: [Vivado 12-584] No ports matched 'BB_14'. [/home/kasper-ubuntu/Documents/AAPL_project/vhdl/sindri_constraints.xdc:115]
CRITICAL WARNING: [Common 17-55] 'set_property' expects at least one object. [/home/kasper-ubuntu/Documents/AAPL_project/vhdl/sindri_constraints.xdc:115]
Resolution: If [get_<value>] was used to populate the object, check to make sure this command returns at least one valid object.
WARNING: [Vivado 12-584] No ports matched 'BB_14'. [/home/kasper-ubuntu/Documents/AAPL_project/vhdl/sindri_constraints.xdc:116]
CRITICAL WARNING: [Common 17-55] 'set_property' expects at least one object. [/home/kasper-ubuntu/Documents/AAPL_project/vhdl/sindri_constraints.xdc:116]
Resolution: If [get_<value>] was used to populate the object, check to make sure this command returns at least one valid object.
WARNING: [Vivado 12-584] No ports matched 'BB_15'. [/home/kasper-ubuntu/Documents/AAPL_project/vhdl/sindri_constraints.xdc:119]
CRITICAL WARNING: [Common 17-55] 'set_property' expects at least one object. [/home/kasper-ubuntu/Documents/AAPL_project/vhdl/sindri_constraints.xdc:119]
Resolution: If [get_<value>] was used to populate the object, check to make sure this command returns at least one valid object.
WARNING: [Vivado 12-584] No ports matched 'BB_15'. [/home/kasper-ubuntu/Documents/AAPL_project/vhdl/sindri_constraints.xdc:120]
CRITICAL WARNING: [Common 17-55] 'set_property' expects at least one object. [/home/kasper-ubuntu/Documents/AAPL_project/vhdl/sindri_constraints.xdc:120]
Resolution: If [get_<value>] was used to populate the object, check to make sure this command returns at least one valid object.
WARNING: [Vivado 12-584] No ports matched 'BB_17'. [/home/kasper-ubuntu/Documents/AAPL_project/vhdl/sindri_constraints.xdc:124]
CRITICAL WARNING: [Common 17-55] 'set_property' expects at least one object. [/home/kasper-ubuntu/Documents/AAPL_project/vhdl/sindri_constraints.xdc:124]
Resolution: If [get_<value>] was used to populate the object, check to make sure this command returns at least one valid object.
WARNING: [Vivado 12-584] No ports matched 'BB_17'. [/home/kasper-ubuntu/Documents/AAPL_project/vhdl/sindri_constraints.xdc:125]
CRITICAL WARNING: [Common 17-55] 'set_property' expects at least one object. [/home/kasper-ubuntu/Documents/AAPL_project/vhdl/sindri_constraints.xdc:125]
Resolution: If [get_<value>] was used to populate the object, check to make sure this command returns at least one valid object.
WARNING: [Vivado 12-584] No ports matched 'BB_18'. [/home/kasper-ubuntu/Documents/AAPL_project/vhdl/sindri_constraints.xdc:128]
CRITICAL WARNING: [Common 17-55] 'set_property' expects at least one object. [/home/kasper-ubuntu/Documents/AAPL_project/vhdl/sindri_constraints.xdc:128]
Resolution: If [get_<value>] was used to populate the object, check to make sure this command returns at least one valid object.
WARNING: [Vivado 12-584] No ports matched 'BB_18'. [/home/kasper-ubuntu/Documents/AAPL_project/vhdl/sindri_constraints.xdc:129]
CRITICAL WARNING: [Common 17-55] 'set_property' expects at least one object. [/home/kasper-ubuntu/Documents/AAPL_project/vhdl/sindri_constraints.xdc:129]
Resolution: If [get_<value>] was used to populate the object, check to make sure this command returns at least one valid object.
WARNING: [Vivado 12-584] No ports matched 'BB_19'. [/home/kasper-ubuntu/Documents/AAPL_project/vhdl/sindri_constraints.xdc:132]
CRITICAL WARNING: [Common 17-55] 'set_property' expects at least one object. [/home/kasper-ubuntu/Documents/AAPL_project/vhdl/sindri_constraints.xdc:132]
Resolution: If [get_<value>] was used to populate the object, check to make sure this command returns at least one valid object.
WARNING: [Vivado 12-584] No ports matched 'BB_19'. [/home/kasper-ubuntu/Documents/AAPL_project/vhdl/sindri_constraints.xdc:133]
CRITICAL WARNING: [Common 17-55] 'set_property' expects at least one object. [/home/kasper-ubuntu/Documents/AAPL_project/vhdl/sindri_constraints.xdc:133]
Resolution: If [get_<value>] was used to populate the object, check to make sure this command returns at least one valid object.
WARNING: [Vivado 12-584] No ports matched 'BB_20'. [/home/kasper-ubuntu/Documents/AAPL_project/vhdl/sindri_constraints.xdc:136]
CRITICAL WARNING: [Common 17-55] 'set_property' expects at least one object. [/home/kasper-ubuntu/Documents/AAPL_project/vhdl/sindri_constraints.xdc:136]
Resolution: If [get_<value>] was used to populate the object, check to make sure this command returns at least one valid object.
WARNING: [Vivado 12-584] No ports matched 'BB_20'. [/home/kasper-ubuntu/Documents/AAPL_project/vhdl/sindri_constraints.xdc:137]
CRITICAL WARNING: [Common 17-55] 'set_property' expects at least one object. [/home/kasper-ubuntu/Documents/AAPL_project/vhdl/sindri_constraints.xdc:137]
Resolution: If [get_<value>] was used to populate the object, check to make sure this command returns at least one valid object.
WARNING: [Vivado 12-584] No ports matched 'BB_21'. [/home/kasper-ubuntu/Documents/AAPL_project/vhdl/sindri_constraints.xdc:140]
CRITICAL WARNING: [Common 17-55] 'set_property' expects at least one object. [/home/kasper-ubuntu/Documents/AAPL_project/vhdl/sindri_constraints.xdc:140]
Resolution: If [get_<value>] was used to populate the object, check to make sure this command returns at least one valid object.
WARNING: [Vivado 12-584] No ports matched 'BB_21'. [/home/kasper-ubuntu/Documents/AAPL_project/vhdl/sindri_constraints.xdc:141]
CRITICAL WARNING: [Common 17-55] 'set_property' expects at least one object. [/home/kasper-ubuntu/Documents/AAPL_project/vhdl/sindri_constraints.xdc:141]
Resolution: If [get_<value>] was used to populate the object, check to make sure this command returns at least one valid object.
WARNING: [Vivado 12-584] No ports matched 'BB_22'. [/home/kasper-ubuntu/Documents/AAPL_project/vhdl/sindri_constraints.xdc:144]
CRITICAL WARNING: [Common 17-55] 'set_property' expects at least one object. [/home/kasper-ubuntu/Documents/AAPL_project/vhdl/sindri_constraints.xdc:144]
Resolution: If [get_<value>] was used to populate the object, check to make sure this command returns at least one valid object.
WARNING: [Vivado 12-584] No ports matched 'BB_22'. [/home/kasper-ubuntu/Documents/AAPL_project/vhdl/sindri_constraints.xdc:145]
CRITICAL WARNING: [Common 17-55] 'set_property' expects at least one object. [/home/kasper-ubuntu/Documents/AAPL_project/vhdl/sindri_constraints.xdc:145]
Resolution: If [get_<value>] was used to populate the object, check to make sure this command returns at least one valid object.
WARNING: [Vivado 12-584] No ports matched 'BB_23'. [/home/kasper-ubuntu/Documents/AAPL_project/vhdl/sindri_constraints.xdc:148]
CRITICAL WARNING: [Common 17-55] 'set_property' expects at least one object. [/home/kasper-ubuntu/Documents/AAPL_project/vhdl/sindri_constraints.xdc:148]
Resolution: If [get_<value>] was used to populate the object, check to make sure this command returns at least one valid object.
WARNING: [Vivado 12-584] No ports matched 'BB_23'. [/home/kasper-ubuntu/Documents/AAPL_project/vhdl/sindri_constraints.xdc:149]
CRITICAL WARNING: [Common 17-55] 'set_property' expects at least one object. [/home/kasper-ubuntu/Documents/AAPL_project/vhdl/sindri_constraints.xdc:149]
Resolution: If [get_<value>] was used to populate the object, check to make sure this command returns at least one valid object.
WARNING: [Vivado 12-584] No ports matched 'BB_24'. [/home/kasper-ubuntu/Documents/AAPL_project/vhdl/sindri_constraints.xdc:152]
CRITICAL WARNING: [Common 17-55] 'set_property' expects at least one object. [/home/kasper-ubuntu/Documents/AAPL_project/vhdl/sindri_constraints.xdc:152]
Resolution: If [get_<value>] was used to populate the object, check to make sure this command returns at least one valid object.
WARNING: [Vivado 12-584] No ports matched 'BB_24'. [/home/kasper-ubuntu/Documents/AAPL_project/vhdl/sindri_constraints.xdc:153]
CRITICAL WARNING: [Common 17-55] 'set_property' expects at least one object. [/home/kasper-ubuntu/Documents/AAPL_project/vhdl/sindri_constraints.xdc:153]
Resolution: If [get_<value>] was used to populate the object, check to make sure this command returns at least one valid object.
WARNING: [Vivado 12-584] No ports matched 'BB_25'. [/home/kasper-ubuntu/Documents/AAPL_project/vhdl/sindri_constraints.xdc:156]
CRITICAL WARNING: [Common 17-55] 'set_property' expects at least one object. [/home/kasper-ubuntu/Documents/AAPL_project/vhdl/sindri_constraints.xdc:156]
Resolution: If [get_<value>] was used to populate the object, check to make sure this command returns at least one valid object.
WARNING: [Vivado 12-584] No ports matched 'BB_25'. [/home/kasper-ubuntu/Documents/AAPL_project/vhdl/sindri_constraints.xdc:157]
CRITICAL WARNING: [Common 17-55] 'set_property' expects at least one object. [/home/kasper-ubuntu/Documents/AAPL_project/vhdl/sindri_constraints.xdc:157]
Resolution: If [get_<value>] was used to populate the object, check to make sure this command returns at least one valid object.
WARNING: [Vivado 12-584] No ports matched 'BB_26'. [/home/kasper-ubuntu/Documents/AAPL_project/vhdl/sindri_constraints.xdc:160]
CRITICAL WARNING: [Common 17-55] 'set_property' expects at least one object. [/home/kasper-ubuntu/Documents/AAPL_project/vhdl/sindri_constraints.xdc:160]
Resolution: If [get_<value>] was used to populate the object, check to make sure this command returns at least one valid object.
WARNING: [Vivado 12-584] No ports matched 'BB_26'. [/home/kasper-ubuntu/Documents/AAPL_project/vhdl/sindri_constraints.xdc:161]
CRITICAL WARNING: [Common 17-55] 'set_property' expects at least one object. [/home/kasper-ubuntu/Documents/AAPL_project/vhdl/sindri_constraints.xdc:161]
Resolution: If [get_<value>] was used to populate the object, check to make sure this command returns at least one valid object.
WARNING: [Vivado 12-584] No ports matched 'BB_27'. [/home/kasper-ubuntu/Documents/AAPL_project/vhdl/sindri_constraints.xdc:164]
CRITICAL WARNING: [Common 17-55] 'set_property' expects at least one object. [/home/kasper-ubuntu/Documents/AAPL_project/vhdl/sindri_constraints.xdc:164]
Resolution: If [get_<value>] was used to populate the object, check to make sure this command returns at least one valid object.
WARNING: [Vivado 12-584] No ports matched 'BB_27'. [/home/kasper-ubuntu/Documents/AAPL_project/vhdl/sindri_constraints.xdc:165]
CRITICAL WARNING: [Common 17-55] 'set_property' expects at least one object. [/home/kasper-ubuntu/Documents/AAPL_project/vhdl/sindri_constraints.xdc:165]
Resolution: If [get_<value>] was used to populate the object, check to make sure this command returns at least one valid object.
WARNING: [Vivado 12-584] No ports matched 'BB_28'. [/home/kasper-ubuntu/Documents/AAPL_project/vhdl/sindri_constraints.xdc:168]
CRITICAL WARNING: [Common 17-55] 'set_property' expects at least one object. [/home/kasper-ubuntu/Documents/AAPL_project/vhdl/sindri_constraints.xdc:168]
Resolution: If [get_<value>] was used to populate the object, check to make sure this command returns at least one valid object.
WARNING: [Vivado 12-584] No ports matched 'BB_28'. [/home/kasper-ubuntu/Documents/AAPL_project/vhdl/sindri_constraints.xdc:169]
CRITICAL WARNING: [Common 17-55] 'set_property' expects at least one object. [/home/kasper-ubuntu/Documents/AAPL_project/vhdl/sindri_constraints.xdc:169]
Resolution: If [get_<value>] was used to populate the object, check to make sure this command returns at least one valid object.
WARNING: [Vivado 12-584] No ports matched 'BB_29'. [/home/kasper-ubuntu/Documents/AAPL_project/vhdl/sindri_constraints.xdc:172]
CRITICAL WARNING: [Common 17-55] 'set_property' expects at least one object. [/home/kasper-ubuntu/Documents/AAPL_project/vhdl/sindri_constraints.xdc:172]
Resolution: If [get_<value>] was used to populate the object, check to make sure this command returns at least one valid object.
WARNING: [Vivado 12-584] No ports matched 'BB_29'. [/home/kasper-ubuntu/Documents/AAPL_project/vhdl/sindri_constraints.xdc:173]
CRITICAL WARNING: [Common 17-55] 'set_property' expects at least one object. [/home/kasper-ubuntu/Documents/AAPL_project/vhdl/sindri_constraints.xdc:173]
Resolution: If [get_<value>] was used to populate the object, check to make sure this command returns at least one valid object.
WARNING: [Vivado 12-584] No ports matched 'BB_30'. [/home/kasper-ubuntu/Documents/AAPL_project/vhdl/sindri_constraints.xdc:176]
CRITICAL WARNING: [Common 17-55] 'set_property' expects at least one object. [/home/kasper-ubuntu/Documents/AAPL_project/vhdl/sindri_constraints.xdc:176]
Resolution: If [get_<value>] was used to populate the object, check to make sure this command returns at least one valid object.
WARNING: [Vivado 12-584] No ports matched 'BB_30'. [/home/kasper-ubuntu/Documents/AAPL_project/vhdl/sindri_constraints.xdc:177]
CRITICAL WARNING: [Common 17-55] 'set_property' expects at least one object. [/home/kasper-ubuntu/Documents/AAPL_project/vhdl/sindri_constraints.xdc:177]
Resolution: If [get_<value>] was used to populate the object, check to make sure this command returns at least one valid object.
Finished Parsing XDC File [/home/kasper-ubuntu/Documents/AAPL_project/vhdl/sindri_constraints.xdc]
INFO: [Opt 31-138] Pushed 0 inverter(s) to 0 load pin(s).
Netlist sorting complete. Time (s): cpu = 00:00:00 ; elapsed = 00:00:00 . Memory (MB): peak = 1873.984 ; gain = 0.000 ; free physical = 8562 ; free virtual = 14362
INFO: [Project 1-111] Unisim Transformation Summary:
No Unisim elements were transformed.

7 Infos, 55 Warnings, 55 Critical Warnings and 0 Errors encountered.
link_design completed successfully
Command: opt_design
Attempting to get a license for feature 'Implementation' and/or device 'xc7s15'
INFO: [Common 17-349] Got license for feature 'Implementation' and/or device 'xc7s15'
Running DRC as a precondition to command opt_design

Starting DRC Task
INFO: [DRC 23-27] Running DRC with 8 threads
INFO: [Project 1-461] DRC finished with 0 Errors
INFO: [Project 1-462] Please refer to the DRC report (report_drc) for more information.

Time (s): cpu = 00:00:00.92 ; elapsed = 00:00:00.45 . Memory (MB): peak = 1933.867 ; gain = 53.910 ; free physical = 8540 ; free virtual = 14340

Starting Cache Timing Information Task
INFO: [Timing 38-35] Done setting XDC timing constraints.
INFO: [Timing 38-2] Deriving generated clocks
Ending Cache Timing Information Task | Checksum: 1fb23c6d3

Time (s): cpu = 00:00:04 ; elapsed = 00:00:04 . Memory (MB): peak = 2308.641 ; gain = 374.773 ; free physical = 8209 ; free virtual = 14025

Starting Logic Optimization Task

Phase 1 Initialization

Phase 1.1 Core Generation And Design Setup
Phase 1.1 Core Generation And Design Setup | Checksum: 1fb23c6d3

Time (s): cpu = 00:00:00 ; elapsed = 00:00:00.01 . Memory (MB): peak = 2692.391 ; gain = 0.000 ; free physical = 7832 ; free virtual = 13648

Phase 1.2 Setup Constraints And Sort Netlist
Phase 1.2 Setup Constraints And Sort Netlist | Checksum: 1fb23c6d3

Time (s): cpu = 00:00:00 ; elapsed = 00:00:00.01 . Memory (MB): peak = 2692.391 ; gain = 0.000 ; free physical = 7832 ; free virtual = 13648
Phase 1 Initialization | Checksum: 1fb23c6d3

Time (s): cpu = 00:00:00 ; elapsed = 00:00:00.01 . Memory (MB): peak = 2692.391 ; gain = 0.000 ; free physical = 7832 ; free virtual = 13648

Phase 2 Timer Update And Timing Data Collection

Phase 2.1 Detect if minReqCache needed
Phase 2.1 Detect if minReqCache needed | Checksum: 1fb23c6d3

Time (s): cpu = 00:00:00.01 ; elapsed = 00:00:00.02 . Memory (MB): peak = 2692.391 ; gain = 0.000 ; free physical = 7832 ; free virtual = 13648

Phase 2.2 Timer Update
Phase 2.2 Timer Update | Checksum: 1fb23c6d3

Time (s): cpu = 00:00:00.03 ; elapsed = 00:00:00.03 . Memory (MB): peak = 2692.391 ; gain = 0.000 ; free physical = 7832 ; free virtual = 13648

Phase 2.3 Timing Data Collection
Phase 2.3 Timing Data Collection | Checksum: 1fb23c6d3

Time (s): cpu = 00:00:00.03 ; elapsed = 00:00:00.03 . Memory (MB): peak = 2692.391 ; gain = 0.000 ; free physical = 7832 ; free virtual = 13648
Phase 2 Timer Update And Timing Data Collection | Checksum: 1fb23c6d3

Time (s): cpu = 00:00:00.03 ; elapsed = 00:00:00.03 . Memory (MB): peak = 2692.391 ; gain = 0.000 ; free physical = 7832 ; free virtual = 13648

Phase 3 Retarget
INFO: [Opt 31-1851] Number of loadless carry chains removed were: 0
INFO: [Opt 31-1834] Total Chains To Be Transformed Were: 0 AND Number of Transformed insts Created are: 0
INFO: [Opt 31-138] Pushed 0 inverter(s) to 0 load pin(s).
INFO: [Opt 31-49] Retargeted 0 cell(s).
Phase 3 Retarget | Checksum: 1fb23c6d3

Time (s): cpu = 00:00:00.03 ; elapsed = 00:00:00.05 . Memory (MB): peak = 2692.391 ; gain = 0.000 ; free physical = 7832 ; free virtual = 13648
Retarget | Checksum: 1fb23c6d3
INFO: [Opt 31-389] Phase Retarget created 0 cells and removed 0 cells
INFO: [Opt 31-1021] In phase Retarget, 1 netlist objects are constrained preventing optimization. Please run opt_design with -debug_log to get more detail. 

Phase 4 Constant propagation
INFO: [Opt 31-138] Pushed 0 inverter(s) to 0 load pin(s).
Phase 4 Constant propagation | Checksum: 1fb23c6d3

Time (s): cpu = 00:00:00.04 ; elapsed = 00:00:00.05 . Memory (MB): peak = 2692.391 ; gain = 0.000 ; free physical = 7832 ; free virtual = 13648
Constant propagation | Checksum: 1fb23c6d3
INFO: [Opt 31-389] Phase Constant propagation created 0 cells and removed 0 cells

Phase 5 Sweep
INFO: [Constraints 18-11670] Building netlist checker database with flags, 0x8
Done building netlist checker database: Time (s): cpu = 00:00:00 ; elapsed = 00:00:00 . Memory (MB): peak = 2692.391 ; gain = 0.000 ; free physical = 7832 ; free virtual = 13648
Phase 5 Sweep | Checksum: 183f05ccb

Time (s): cpu = 00:00:00.04 ; elapsed = 00:00:00.06 . Memory (MB): peak = 2692.391 ; gain = 0.000 ; free physical = 7832 ; free virtual = 13648
Sweep | Checksum: 183f05ccb
INFO: [Opt 31-389] Phase Sweep created 0 cells and removed 0 cells

Phase 6 BUFG optimization
Phase 6 BUFG optimization | Checksum: 183f05ccb

Time (s): cpu = 00:00:00.06 ; elapsed = 00:00:00.07 . Memory (MB): peak = 2724.406 ; gain = 32.016 ; free physical = 7832 ; free virtual = 13648
BUFG optimization | Checksum: 183f05ccb
INFO: [Opt 31-662] Phase BUFG optimization created 0 cells of which 0 are BUFGs and removed 0 cells.

Phase 7 Shift Register Optimization
INFO: [Opt 31-1064] SRL Remap converted 0 SRLs to 0 registers and converted 0 registers of register chains to 0 SRLs
Phase 7 Shift Register Optimization | Checksum: 183f05ccb

Time (s): cpu = 00:00:00.06 ; elapsed = 00:00:00.07 . Memory (MB): peak = 2724.406 ; gain = 32.016 ; free physical = 7832 ; free virtual = 13648
Shift Register Optimization | Checksum: 183f05ccb
INFO: [Opt 31-389] Phase Shift Register Optimization created 0 cells and removed 0 cells

Phase 8 Post Processing Netlist
Phase 8 Post Processing Netlist | Checksum: 183f05ccb

Time (s): cpu = 00:00:00.06 ; elapsed = 00:00:00.07 . Memory (MB): peak = 2724.406 ; gain = 32.016 ; free physical = 7832 ; free virtual = 13648
Post Processing Netlist | Checksum: 183f05ccb
INFO: [Opt 31-389] Phase Post Processing Netlist created 0 cells and removed 0 cells

Phase 9 Finalization

Phase 9.1 Finalizing Design Cores and Updating Shapes
Phase 9.1 Finalizing Design Cores and Updating Shapes | Checksum: 173ea80e7

Time (s): cpu = 00:00:00.07 ; elapsed = 00:00:00.08 . Memory (MB): peak = 2724.406 ; gain = 32.016 ; free physical = 7832 ; free virtual = 13648

Phase 9.2 Verifying Netlist Connectivity

Starting Connectivity Check Task

Time (s): cpu = 00:00:00 ; elapsed = 00:00:00 . Memory (MB): peak = 2724.406 ; gain = 0.000 ; free physical = 7832 ; free virtual = 13648
Phase 9.2 Verifying Netlist Connectivity | Checksum: 173ea80e7

Time (s): cpu = 00:00:00.07 ; elapsed = 00:00:00.08 . Memory (MB): peak = 2724.406 ; gain = 32.016 ; free physical = 7832 ; free virtual = 13648
Phase 9 Finalization | Checksum: 173ea80e7

Time (s): cpu = 00:00:00.07 ; elapsed = 00:00:00.08 . Memory (MB): peak = 2724.406 ; gain = 32.016 ; free physical = 7832 ; free virtual = 13648
Opt_design Change Summary
=========================


-------------------------------------------------------------------------------------------------------------------------
|  Phase                        |  #Cells created  |  #Cells Removed  |  #Constrained objects preventing optimizations  |
-------------------------------------------------------------------------------------------------------------------------
|  Retarget                     |               0  |               0  |                                              1  |
|  Constant propagation         |               0  |               0  |                                              0  |
|  Sweep                        |               0  |               0  |                                              0  |
|  BUFG optimization            |               0  |               0  |                                              0  |
|  Shift Register Optimization  |               0  |               0  |                                              0  |
|  Post Processing Netlist      |               0  |               0  |                                              0  |
-------------------------------------------------------------------------------------------------------------------------


Ending Logic Optimization Task | Checksum: 173ea80e7

Time (s): cpu = 00:00:00.07 ; elapsed = 00:00:00.08 . Memory (MB): peak = 2724.406 ; gain = 32.016 ; free physical = 7832 ; free virtual = 13648

Starting Power Optimization Task
INFO: [Pwropt 34-132] Skipping clock gating for clocks with a period < 2.00 ns.
Ending Power Optimization Task | Checksum: 173ea80e7

Time (s): cpu = 00:00:00 ; elapsed = 00:00:00.01 . Memory (MB): peak = 2724.406 ; gain = 0.000 ; free physical = 7832 ; free virtual = 13648

Starting Final Cleanup Task
Ending Final Cleanup Task | Checksum: 173ea80e7

Time (s): cpu = 00:00:00 ; elapsed = 00:00:00 . Memory (MB): peak = 2724.406 ; gain = 0.000 ; free physical = 7832 ; free virtual = 13648
Netlist sorting complete. Time (s): cpu = 00:00:00 ; elapsed = 00:00:00 . Memory (MB): peak = 2724.406 ; gain = 0.000 ; free physical = 7832 ; free virtual = 13648
INFO: [Common 17-83] Releasing license: Implementation
29 Infos, 55 Warnings, 55 Critical Warnings and 0 Errors encountered.
opt_design completed successfully
opt_design: Time (s): cpu = 00:00:07 ; elapsed = 00:00:07 . Memory (MB): peak = 2724.406 ; gain = 844.449 ; free physical = 7832 ; free virtual = 13648
INFO: [Vivado 12-24828] Executing command : report_drc -file Sindri_QLink_top_drc_opted.rpt -pb Sindri_QLink_top_drc_opted.pb -rpx Sindri_QLink_top_drc_opted.rpx
Command: report_drc -file Sindri_QLink_top_drc_opted.rpt -pb Sindri_QLink_top_drc_opted.pb -rpx Sindri_QLink_top_drc_opted.rpx
INFO: [IP_Flow 19-234] Refreshing IP repositories
INFO: [IP_Flow 19-1704] No user IP repositories specified
INFO: [IP_Flow 19-2313] Loaded Vivado IP repository '/home/kasper-ubuntu/Vivado/2025.2/data/ip'.
INFO: [DRC 23-27] Running DRC with 8 threads
INFO: [Vivado_Tcl 2-168] The results of DRC are in file /home/kasper-ubuntu/Documents/AAPL_project/QLink_2020/QLink_2020.runs/impl_1/Sindri_QLink_top_drc_opted.rpt.
report_drc completed successfully
INFO: [Timing 38-480] Writing timing data to binary archive.
Wrote PlaceDB: Time (s): cpu = 00:00:00 ; elapsed = 00:00:00 . Memory (MB): peak = 2724.406 ; gain = 0.000 ; free physical = 7820 ; free virtual = 13636
Wrote PulsedLatchDB: Time (s): cpu = 00:00:00 ; elapsed = 00:00:00 . Memory (MB): peak = 2724.406 ; gain = 0.000 ; free physical = 7820 ; free virtual = 13636
Writing XDEF routing.
Write ShapeDB Complete: Time (s): cpu = 00:00:00 ; elapsed = 00:00:00 . Memory (MB): peak = 2724.406 ; gain = 0.000 ; free physical = 7820 ; free virtual = 13636
Writing XDEF routing logical nets.
Writing XDEF routing special nets.
Wrote RouteStorage: Time (s): cpu = 00:00:00.04 ; elapsed = 00:00:00.01 . Memory (MB): peak = 2724.406 ; gain = 0.000 ; free physical = 7820 ; free virtual = 13636
Wrote PlaceStorage: Time (s): cpu = 00:00:00 ; elapsed = 00:00:00 . Memory (MB): peak = 2724.406 ; gain = 0.000 ; free physical = 7820 ; free virtual = 13636
Wrote Netlist Cache: Time (s): cpu = 00:00:00.01 ; elapsed = 00:00:00 . Memory (MB): peak = 2724.406 ; gain = 0.000 ; free physical = 7820 ; free virtual = 13636
Wrote Device Cache: Time (s): cpu = 00:00:00 ; elapsed = 00:00:00.01 . Memory (MB): peak = 2724.406 ; gain = 0.000 ; free physical = 7820 ; free virtual = 13637
Write Physdb Complete: Time (s): cpu = 00:00:00.06 ; elapsed = 00:00:00.02 . Memory (MB): peak = 2724.406 ; gain = 0.000 ; free physical = 7820 ; free virtual = 13637
INFO: [Common 17-1381] The checkpoint '/home/kasper-ubuntu/Documents/AAPL_project/QLink_2020/QLink_2020.runs/impl_1/Sindri_QLink_top_opt.dcp' has been generated.
Command: place_design
Attempting to get a license for feature 'Implementation' and/or device 'xc7s15'
INFO: [Common 17-349] Got license for feature 'Implementation' and/or device 'xc7s15'
INFO: [Common 17-83] Releasing license: Implementation
INFO: [DRC 23-27] Running DRC with 8 threads
INFO: [Vivado_Tcl 4-198] DRC finished with 0 Errors
INFO: [Vivado_Tcl 4-199] Please refer to the DRC report (report_drc) for more information.
INFO: [Timing 38-35] Done setting XDC timing constraints.
Running DRC as a precondition to command place_design
INFO: [DRC 23-27] Running DRC with 8 threads
INFO: [Vivado_Tcl 4-198] DRC finished with 0 Errors
INFO: [Vivado_Tcl 4-199] Please refer to the DRC report (report_drc) for more information.
INFO: [Place 30-611] Multithreading enabled for place_design using a maximum of 6 CPUs

Starting Placer Task

Phase 1 Placer Initialization

Phase 1.1 Placer Initialization Netlist Sorting
Netlist sorting complete. Time (s): cpu = 00:00:00 ; elapsed = 00:00:00 . Memory (MB): peak = 2724.406 ; gain = 0.000 ; free physical = 7806 ; free virtual = 13623
Phase 1.1 Placer Initialization Netlist Sorting | Checksum: 107e93ad4

Time (s): cpu = 00:00:00 ; elapsed = 00:00:00.01 . Memory (MB): peak = 2724.406 ; gain = 0.000 ; free physical = 7806 ; free virtual = 13623
Netlist sorting complete. Time (s): cpu = 00:00:00 ; elapsed = 00:00:00 . Memory (MB): peak = 2724.406 ; gain = 0.000 ; free physical = 7806 ; free virtual = 13623

Phase 1.2 IO Placement/ Clock Placement/ Build Placer Device
Phase 1.2 IO Placement/ Clock Placement/ Build Placer Device | Checksum: 134c2b710

Time (s): cpu = 00:00:00.18 ; elapsed = 00:00:00.07 . Memory (MB): peak = 2724.406 ; gain = 0.000 ; free physical = 7804 ; free virtual = 13625

Phase 1.3 Build Placer Netlist Model
Phase 1.3 Build Placer Netlist Model | Checksum: 14625cad2

Time (s): cpu = 00:00:00.43 ; elapsed = 00:00:00.18 . Memory (MB): peak = 2745.434 ; gain = 21.027 ; free physical = 7804 ; free virtual = 13626

Phase 1.4 Constrain Clocks/Macros
Phase 1.4 Constrain Clocks/Macros | Checksum: 14625cad2

Time (s): cpu = 00:00:00.44 ; elapsed = 00:00:00.18 . Memory (MB): peak = 2745.434 ; gain = 21.027 ; free physical = 7804 ; free virtual = 13626
Phase 1 Placer Initialization | Checksum: 14625cad2

Time (s): cpu = 00:00:00.44 ; elapsed = 00:00:00.19 . Memory (MB): peak = 2745.434 ; gain = 21.027 ; free physical = 7804 ; free virtual = 13626

Phase 2 Global Placement

Phase 2.1 Floorplanning
Phase 2.1 Floorplanning | Checksum: 1a3ac7027

Time (s): cpu = 00:00:00.56 ; elapsed = 00:00:00.24 . Memory (MB): peak = 2745.434 ; gain = 21.027 ; free physical = 7804 ; free virtual = 13626

Phase 2.2 Update Timing before SLR Path Opt
Phase 2.2 Update Timing before SLR Path Opt | Checksum: 14c1b51bb

Time (s): cpu = 00:00:00.64 ; elapsed = 00:00:00.29 . Memory (MB): peak = 2745.434 ; gain = 21.027 ; free physical = 7804 ; free virtual = 13626

Phase 2.3 Post-Processing in Floorplanning
Phase 2.3 Post-Processing in Floorplanning | Checksum: 14c1b51bb

Time (s): cpu = 00:00:00.65 ; elapsed = 00:00:00.29 . Memory (MB): peak = 2745.434 ; gain = 21.027 ; free physical = 7804 ; free virtual = 13626

Phase 2.4 Global Place Phase1
Phase 2.4 Global Place Phase1 | Checksum: 146ca4498

Time (s): cpu = 00:00:02 ; elapsed = 00:00:00.79 . Memory (MB): peak = 2745.434 ; gain = 21.027 ; free physical = 7801 ; free virtual = 13624

Phase 2.5 Global Place Phase2

Phase 2.5.1 UpdateTiming Before Physical Synthesis
Phase 2.5.1 UpdateTiming Before Physical Synthesis | Checksum: 146ca4498

Time (s): cpu = 00:00:03 ; elapsed = 00:00:00.84 . Memory (MB): peak = 2745.434 ; gain = 21.027 ; free physical = 7801 ; free virtual = 13624

Phase 2.5.2 Physical Synthesis In Placer
INFO: [Physopt 32-1035] Found 0 LUTNM shape to break, 10 LUT instances to create LUTNM shape
INFO: [Physopt 32-1044] Break lutnm for timing: one critical 0, two critical 0, total 0, new lutff created 0
INFO: [Physopt 32-1138] End 1 Pass. Optimized 5 nets or LUTs. Breaked 0 LUT, combined 5 existing LUTs and moved 0 existing LUT
INFO: [Physopt 32-65] No nets found for high-fanout optimization.
INFO: [Physopt 32-232] Optimized 0 net. Created 0 new instance.
INFO: [Physopt 32-775] End 1 Pass. Optimized 0 net or cell. Created 0 new cell, deleted 0 existing cell and moved 0 existing cell
INFO: [Physopt 32-670] No setup violation found.  DSP Register Optimization was not performed.
INFO: [Physopt 32-670] No setup violation found.  Shift Register to Pipeline Optimization was not performed.
INFO: [Physopt 32-670] No setup violation found.  Shift Register Optimization was not performed.
INFO: [Physopt 32-670] No setup violation found.  BRAM Register Optimization was not performed.
INFO: [Physopt 32-670] No setup violation found.  URAM Register Optimization was not performed.
INFO: [Physopt 32-949] No candidate nets found for dynamic/static region interface net replication
INFO: [Physopt 32-775] End 1 Pass. Optimized 0 net or cell. Created 0 new cell, deleted 0 existing cell and moved 0 existing cell
Netlist sorting complete. Time (s): cpu = 00:00:00 ; elapsed = 00:00:00 . Memory (MB): peak = 2745.434 ; gain = 0.000 ; free physical = 7801 ; free virtual = 13627

Summary of Physical Synthesis Optimizations
============================================


-----------------------------------------------------------------------------------------------------------------------------------------------------------
|  Optimization                                     |  Added Cells  |  Removed Cells  |  Optimized Cells/Nets  |  Dont Touch  |  Iterations  |  Elapsed   |
-----------------------------------------------------------------------------------------------------------------------------------------------------------
|  LUT Combining                                    |            0  |              5  |                     5  |           0  |           1  |  00:00:00  |
|  Retime                                           |            0  |              0  |                     0  |           0  |           1  |  00:00:00  |
|  Very High Fanout                                 |            0  |              0  |                     0  |           0  |           1  |  00:00:00  |
|  DSP Register                                     |            0  |              0  |                     0  |           0  |           0  |  00:00:00  |
|  Shift Register to Pipeline                       |            0  |              0  |                     0  |           0  |           0  |  00:00:00  |
|  Shift Register                                   |            0  |              0  |                     0  |           0  |           0  |  00:00:00  |
|  BRAM Register                                    |            0  |              0  |                     0  |           0  |           0  |  00:00:00  |
|  URAM Register                                    |            0  |              0  |                     0  |           0  |           0  |  00:00:00  |
|  Dynamic/Static Region Interface Net Replication  |            0  |              0  |                     0  |           0  |           1  |  00:00:00  |
|  Total                                            |            0  |              5  |                     5  |           0  |           4  |  00:00:00  |
-----------------------------------------------------------------------------------------------------------------------------------------------------------


Phase 2.5.2 Physical Synthesis In Placer | Checksum: 2163bfdc9

Time (s): cpu = 00:00:03 ; elapsed = 00:00:01 . Memory (MB): peak = 2745.434 ; gain = 21.027 ; free physical = 7801 ; free virtual = 13627
Phase 2.5 Global Place Phase2 | Checksum: 17fa97766

Time (s): cpu = 00:00:03 ; elapsed = 00:00:01 . Memory (MB): peak = 2745.434 ; gain = 21.027 ; free physical = 7801 ; free virtual = 13627
Phase 2 Global Placement | Checksum: 17fa97766

Time (s): cpu = 00:00:03 ; elapsed = 00:00:01 . Memory (MB): peak = 2745.434 ; gain = 21.027 ; free physical = 7801 ; free virtual = 13627

Phase 3 Detail Placement

Phase 3.1 Commit Multi Column Macros
Phase 3.1 Commit Multi Column Macros | Checksum: 1dd830662

Time (s): cpu = 00:00:03 ; elapsed = 00:00:01 . Memory (MB): peak = 2745.434 ; gain = 21.027 ; free physical = 7801 ; free virtual = 13627

Phase 3.2 Commit Most Macros & LUTRAMs
Phase 3.2 Commit Most Macros & LUTRAMs | Checksum: 147c1a2e4

Time (s): cpu = 00:00:03 ; elapsed = 00:00:01 . Memory (MB): peak = 2745.434 ; gain = 21.027 ; free physical = 7801 ; free virtual = 13627

Phase 3.3 Area Swap Optimization
Phase 3.3 Area Swap Optimization | Checksum: 1c84c2618

Time (s): cpu = 00:00:03 ; elapsed = 00:00:01 . Memory (MB): peak = 2745.434 ; gain = 21.027 ; free physical = 7801 ; free virtual = 13627

Phase 3.4 Pipeline Register Optimization
Phase 3.4 Pipeline Register Optimization | Checksum: 14abc7ce4

Time (s): cpu = 00:00:03 ; elapsed = 00:00:01 . Memory (MB): peak = 2745.434 ; gain = 21.027 ; free physical = 7801 ; free virtual = 13627

Phase 3.5 Small Shape Detail Placement
Phase 3.5 Small Shape Detail Placement | Checksum: 25ff17b14

Time (s): cpu = 00:00:04 ; elapsed = 00:00:02 . Memory (MB): peak = 2745.434 ; gain = 21.027 ; free physical = 7801 ; free virtual = 13628

Phase 3.6 Re-assign LUT pins
Phase 3.6 Re-assign LUT pins | Checksum: 24f18d1e7

Time (s): cpu = 00:00:04 ; elapsed = 00:00:02 . Memory (MB): peak = 2745.434 ; gain = 21.027 ; free physical = 7801 ; free virtual = 13628

Phase 3.7 Pipeline Register Optimization
Phase 3.7 Pipeline Register Optimization | Checksum: 2d1272bbb

Time (s): cpu = 00:00:04 ; elapsed = 00:00:02 . Memory (MB): peak = 2745.434 ; gain = 21.027 ; free physical = 7801 ; free virtual = 13628
Phase 3 Detail Placement | Checksum: 2d1272bbb

Time (s): cpu = 00:00:04 ; elapsed = 00:00:02 . Memory (MB): peak = 2745.434 ; gain = 21.027 ; free physical = 7801 ; free virtual = 13628

Phase 4 Post Placement Optimization and Clean-Up

Phase 4.1 Post Commit Optimization
INFO: [Timing 38-35] Done setting XDC timing constraints.

Phase 4.1.1 Post Placement Optimization
Post Placement Optimization Initialization | Checksum: 250abeba0

Phase 4.1.1.1 BUFG Insertion

Starting Physical Synthesis Task

Phase 1 Physical Synthesis Initialization
INFO: [Physopt 32-721] Multithreading enabled for phys_opt_design using a maximum of 6 CPUs
INFO: [Physopt 32-619] Estimated Timing Summary | WNS=14.728 | TNS=0.000 |
Phase 1 Physical Synthesis Initialization | Checksum: 1340d417b

Time (s): cpu = 00:00:00.02 ; elapsed = 00:00:00.02 . Memory (MB): peak = 2745.434 ; gain = 0.000 ; free physical = 7801 ; free virtual = 13628
INFO: [Place 46-56] BUFG insertion identified 0 candidate nets. Inserted BUFG: 0, Replicated BUFG Driver: 0, Skipped due to Placement/Routing Conflicts: 0, Skipped due to Timing Degradation: 0, Skipped due to netlist editing failed: 0.
Ending Physical Synthesis Task | Checksum: 299334840

Time (s): cpu = 00:00:00.02 ; elapsed = 00:00:00.02 . Memory (MB): peak = 2745.434 ; gain = 0.000 ; free physical = 7801 ; free virtual = 13628
Phase 4.1.1.1 BUFG Insertion | Checksum: 250abeba0

Time (s): cpu = 00:00:04 ; elapsed = 00:00:02 . Memory (MB): peak = 2745.434 ; gain = 21.027 ; free physical = 7801 ; free virtual = 13628

Phase 4.1.1.2 Post Placement Timing Optimization
INFO: [Place 30-746] Post Placement Timing Summary WNS=14.728. For the most accurate timing information please run report_timing.
Phase 4.1.1.2 Post Placement Timing Optimization | Checksum: 3111c3742

Time (s): cpu = 00:00:04 ; elapsed = 00:00:02 . Memory (MB): peak = 2745.434 ; gain = 21.027 ; free physical = 7801 ; free virtual = 13628

Time (s): cpu = 00:00:04 ; elapsed = 00:00:02 . Memory (MB): peak = 2745.434 ; gain = 21.027 ; free physical = 7801 ; free virtual = 13628
Phase 4.1 Post Commit Optimization | Checksum: 3111c3742

Time (s): cpu = 00:00:04 ; elapsed = 00:00:02 . Memory (MB): peak = 2745.434 ; gain = 21.027 ; free physical = 7801 ; free virtual = 13628

Phase 4.2 Post Placement Cleanup
Phase 4.2 Post Placement Cleanup | Checksum: 3111c3742

Time (s): cpu = 00:00:04 ; elapsed = 00:00:02 . Memory (MB): peak = 2745.434 ; gain = 21.027 ; free physical = 7801 ; free virtual = 13628

Phase 4.3 Placer Reporting

Phase 4.3.1 Print Estimated Congestion
INFO: [Place 30-612] Post-Placement Estimated Congestion 
 ____________________________________________________
|           | Global Congestion | Short Congestion  |
| Direction | Region Size       | Region Size       |
|___________|___________________|___________________|
|      North|                1x1|                1x1|
|___________|___________________|___________________|
|      South|                1x1|                1x1|
|___________|___________________|___________________|
|       East|                1x1|                1x1|
|___________|___________________|___________________|
|       West|                1x1|                1x1|
|___________|___________________|___________________|

Phase 4.3.1 Print Estimated Congestion | Checksum: 3111c3742

Time (s): cpu = 00:00:04 ; elapsed = 00:00:02 . Memory (MB): peak = 2745.434 ; gain = 21.027 ; free physical = 7801 ; free virtual = 13628
Phase 4.3 Placer Reporting | Checksum: 3111c3742

Time (s): cpu = 00:00:04 ; elapsed = 00:00:02 . Memory (MB): peak = 2745.434 ; gain = 21.027 ; free physical = 7801 ; free virtual = 13628

Phase 4.4 Final Placement Cleanup
Netlist sorting complete. Time (s): cpu = 00:00:00 ; elapsed = 00:00:00 . Memory (MB): peak = 2745.434 ; gain = 0.000 ; free physical = 7801 ; free virtual = 13628

Time (s): cpu = 00:00:04 ; elapsed = 00:00:02 . Memory (MB): peak = 2745.434 ; gain = 21.027 ; free physical = 7801 ; free virtual = 13628
Phase 4 Post Placement Optimization and Clean-Up | Checksum: 2c43b0e13

Time (s): cpu = 00:00:04 ; elapsed = 00:00:02 . Memory (MB): peak = 2745.434 ; gain = 21.027 ; free physical = 7801 ; free virtual = 13628
Ending Placer Task | Checksum: 1e050d8fe

Time (s): cpu = 00:00:04 ; elapsed = 00:00:02 . Memory (MB): peak = 2745.434 ; gain = 21.027 ; free physical = 7801 ; free virtual = 13628
66 Infos, 55 Warnings, 55 Critical Warnings and 0 Errors encountered.
place_design completed successfully
INFO: [Vivado 12-24838] Running report commands "report_control_sets, report_io, report_utilization" in parallel.
Running report generation with 3 threads.
INFO: [Vivado 12-24828] Executing command : report_control_sets -verbose -file Sindri_QLink_top_control_sets_placed.rpt
report_control_sets: Time (s): cpu = 00:00:00.11 ; elapsed = 00:00:00.12 . Memory (MB): peak = 2745.434 ; gain = 0.000 ; free physical = 7776 ; free virtual = 13602
INFO: [Vivado 12-24828] Executing command : report_utilization -file Sindri_QLink_top_utilization_placed.rpt -pb Sindri_QLink_top_utilization_placed.pb
INFO: [Vivado 12-24828] Executing command : report_io -file Sindri_QLink_top_io_placed.rpt
report_io: Time (s): cpu = 00:00:00.25 ; elapsed = 00:00:00.21 . Memory (MB): peak = 2745.434 ; gain = 0.000 ; free physical = 7765 ; free virtual = 13592
INFO: [Timing 38-480] Writing timing data to binary archive.
Wrote PlaceDB: Time (s): cpu = 00:00:00 ; elapsed = 00:00:00 . Memory (MB): peak = 2745.434 ; gain = 0.000 ; free physical = 7765 ; free virtual = 13592
Wrote PulsedLatchDB: Time (s): cpu = 00:00:00 ; elapsed = 00:00:00 . Memory (MB): peak = 2745.434 ; gain = 0.000 ; free physical = 7765 ; free virtual = 13592
Writing XDEF routing.
Write ShapeDB Complete: Time (s): cpu = 00:00:00 ; elapsed = 00:00:00 . Memory (MB): peak = 2745.434 ; gain = 0.000 ; free physical = 7765 ; free virtual = 13592
Writing XDEF routing logical nets.
Writing XDEF routing special nets.
Wrote RouteStorage: Time (s): cpu = 00:00:00.04 ; elapsed = 00:00:00.01 . Memory (MB): peak = 2745.434 ; gain = 0.000 ; free physical = 7765 ; free virtual = 13592
Wrote PlaceStorage: Time (s): cpu = 00:00:00.03 ; elapsed = 00:00:00.02 . Memory (MB): peak = 2745.434 ; gain = 0.000 ; free physical = 7765 ; free virtual = 13592
Wrote Netlist Cache: Time (s): cpu = 00:00:00 ; elapsed = 00:00:00 . Memory (MB): peak = 2745.434 ; gain = 0.000 ; free physical = 7765 ; free virtual = 13592
Wrote Device Cache: Time (s): cpu = 00:00:00.01 ; elapsed = 00:00:00 . Memory (MB): peak = 2745.434 ; gain = 0.000 ; free physical = 7765 ; free virtual = 13592
Write Physdb Complete: Time (s): cpu = 00:00:00.08 ; elapsed = 00:00:00.03 . Memory (MB): peak = 2745.434 ; gain = 0.000 ; free physical = 7765 ; free virtual = 13592
INFO: [Common 17-1381] The checkpoint '/home/kasper-ubuntu/Documents/AAPL_project/QLink_2020/QLink_2020.runs/impl_1/Sindri_QLink_top_placed.dcp' has been generated.
Command: route_design
Attempting to get a license for feature 'Implementation' and/or device 'xc7s15'
INFO: [Common 17-349] Got license for feature 'Implementation' and/or device 'xc7s15'


Starting Routing Task
INFO: [Route 35-254] Multithreading enabled for route_design using a maximum of 6 CPUs

Phase 1 Build RT Design
Checksum: PlaceDB: da8de0fa ConstDB: 0 ShapeSum: 57b0e8c6 RouteDB: ae120f3e
Post Restoration Checksum: NetGraph: 5583ea8f | NumContArr: 65a5874 | Constraints: c2a8fa9d | Timing: c2a8fa9d
Phase 1 Build RT Design | Checksum: 1e130383d

Time (s): cpu = 00:00:05 ; elapsed = 00:00:05 . Memory (MB): peak = 2745.434 ; gain = 0.000 ; free physical = 7773 ; free virtual = 13601

Phase 2 Router Initialization

Phase 2.1 Fix Topology Constraints
Phase 2.1 Fix Topology Constraints | Checksum: 1e130383d

Time (s): cpu = 00:00:05 ; elapsed = 00:00:05 . Memory (MB): peak = 2745.434 ; gain = 0.000 ; free physical = 7773 ; free virtual = 13602

Phase 2.2 Pre Route Cleanup
Phase 2.2 Pre Route Cleanup | Checksum: 1e130383d

Time (s): cpu = 00:00:05 ; elapsed = 00:00:05 . Memory (MB): peak = 2745.434 ; gain = 0.000 ; free physical = 7773 ; free virtual = 13602
 Number of Nodes with overlaps = 0

Phase 2.3 Update Timing
Phase 2.3 Update Timing | Checksum: 204c1c0e1

Time (s): cpu = 00:00:06 ; elapsed = 00:00:05 . Memory (MB): peak = 2745.434 ; gain = 0.000 ; free physical = 7773 ; free virtual = 13602
INFO: [Route 35-416] Intermediate Timing Summary | WNS=14.794 | TNS=0.000  | WHS=-0.115 | THS=-4.486 |


Phase 2.4 Soft Constraint Pins - Fast Budgeting
Phase 2.4 Soft Constraint Pins - Fast Budgeting | Checksum: 2a5700bc8

Time (s): cpu = 00:00:06 ; elapsed = 00:00:05 . Memory (MB): peak = 2745.434 ; gain = 0.000 ; free physical = 7773 ; free virtual = 13602

Router Utilization Summary
  Global Vertical Routing Utilization    = 0 %
  Global Horizontal Routing Utilization  = 0 %
  Routable Net Status*
  *Does not include unroutable nets such as driverless and loadless.
  Run report_route_status for detailed report.
  Number of Failed Nets               = 423
    (Failed Nets is the sum of unrouted and partially routed nets)
  Number of Unrouted Nets             = 423
  Number of Partially Routed Nets     = 0
  Number of Node Overlaps             = 0

Phase 2 Router Initialization | Checksum: 2a5700bc8

Time (s): cpu = 00:00:06 ; elapsed = 00:00:05 . Memory (MB): peak = 2745.434 ; gain = 0.000 ; free physical = 7773 ; free virtual = 13602

Phase 3 Global Routing
Phase 3 Global Routing | Checksum: 2a5700bc8

Time (s): cpu = 00:00:06 ; elapsed = 00:00:05 . Memory (MB): peak = 2745.434 ; gain = 0.000 ; free physical = 7773 ; free virtual = 13602

Phase 4 Initial Routing

Phase 4.1 Initial Net Routing Pass
Phase 4.1 Initial Net Routing Pass | Checksum: 1e666d706

Time (s): cpu = 00:00:06 ; elapsed = 00:00:05 . Memory (MB): peak = 2745.434 ; gain = 0.000 ; free physical = 7773 ; free virtual = 13602
Phase 4 Initial Routing | Checksum: 1e666d706

Time (s): cpu = 00:00:06 ; elapsed = 00:00:05 . Memory (MB): peak = 2745.434 ; gain = 0.000 ; free physical = 7773 ; free virtual = 13602

Phase 5 Rip-up And Reroute

Phase 5.1 Global Iteration 0
 Number of Nodes with overlaps = 23
 Number of Nodes with overlaps = 0
INFO: [Route 35-416] Intermediate Timing Summary | WNS=14.615 | TNS=0.000  | WHS=N/A    | THS=N/A    |

Phase 5.1 Global Iteration 0 | Checksum: 295b3c06b

Time (s): cpu = 00:00:06 ; elapsed = 00:00:05 . Memory (MB): peak = 2745.434 ; gain = 0.000 ; free physical = 7773 ; free virtual = 13602

Phase 5.2 Global Iteration 1
 Number of Nodes with overlaps = 1
 Number of Nodes with overlaps = 0
INFO: [Route 35-416] Intermediate Timing Summary | WNS=14.615 | TNS=0.000  | WHS=N/A    | THS=N/A    |

Phase 5.2 Global Iteration 1 | Checksum: 25341d33b

Time (s): cpu = 00:00:06 ; elapsed = 00:00:05 . Memory (MB): peak = 2745.434 ; gain = 0.000 ; free physical = 7773 ; free virtual = 13602
Phase 5 Rip-up And Reroute | Checksum: 25341d33b

Time (s): cpu = 00:00:06 ; elapsed = 00:00:05 . Memory (MB): peak = 2745.434 ; gain = 0.000 ; free physical = 7773 ; free virtual = 13602

Phase 6 Delay and Skew Optimization

Phase 6.1 Delay CleanUp
Phase 6.1 Delay CleanUp | Checksum: 25341d33b

Time (s): cpu = 00:00:06 ; elapsed = 00:00:05 . Memory (MB): peak = 2745.434 ; gain = 0.000 ; free physical = 7773 ; free virtual = 13602

Phase 6.2 Clock Skew Optimization
Phase 6.2 Clock Skew Optimization | Checksum: 25341d33b

Time (s): cpu = 00:00:06 ; elapsed = 00:00:05 . Memory (MB): peak = 2745.434 ; gain = 0.000 ; free physical = 7773 ; free virtual = 13602
Phase 6 Delay and Skew Optimization | Checksum: 25341d33b

Time (s): cpu = 00:00:06 ; elapsed = 00:00:05 . Memory (MB): peak = 2745.434 ; gain = 0.000 ; free physical = 7773 ; free virtual = 13602

Phase 7 Post Hold Fix

Phase 7.1 Hold Fix Iter
INFO: [Route 35-416] Intermediate Timing Summary | WNS=14.709 | TNS=0.000  | WHS=0.143  | THS=0.000  |

Phase 7.1 Hold Fix Iter | Checksum: 28063b872

Time (s): cpu = 00:00:06 ; elapsed = 00:00:05 . Memory (MB): peak = 2745.434 ; gain = 0.000 ; free physical = 7773 ; free virtual = 13602
Phase 7 Post Hold Fix | Checksum: 28063b872

Time (s): cpu = 00:00:06 ; elapsed = 00:00:05 . Memory (MB): peak = 2745.434 ; gain = 0.000 ; free physical = 7773 ; free virtual = 13602

Phase 8 Route finalize

Router Utilization Summary
  Global Vertical Routing Utilization    = 0.280566 %
  Global Horizontal Routing Utilization  = 0.364496 %
  Routable Net Status*
  *Does not include unroutable nets such as driverless and loadless.
  Run report_route_status for detailed report.
  Number of Failed Nets               = 0
    (Failed Nets is the sum of unrouted and partially routed nets)
  Number of Unrouted Nets             = 0
  Number of Partially Routed Nets     = 0
  Number of Node Overlaps             = 0

Phase 8 Route finalize | Checksum: 28063b872

Time (s): cpu = 00:00:06 ; elapsed = 00:00:05 . Memory (MB): peak = 2745.434 ; gain = 0.000 ; free physical = 7773 ; free virtual = 13602

Phase 9 Verifying routed nets

 Verification completed successfully
Phase 9 Verifying routed nets | Checksum: 28063b872

Time (s): cpu = 00:00:06 ; elapsed = 00:00:05 . Memory (MB): peak = 2745.434 ; gain = 0.000 ; free physical = 7773 ; free virtual = 13602

Phase 10 Depositing Routes
Phase 10 Depositing Routes | Checksum: 1e9b09912

Time (s): cpu = 00:00:06 ; elapsed = 00:00:05 . Memory (MB): peak = 2745.434 ; gain = 0.000 ; free physical = 7773 ; free virtual = 13602

Phase 11 Post Process Routing
Phase 11 Post Process Routing | Checksum: 1e9b09912

Time (s): cpu = 00:00:06 ; elapsed = 00:00:05 . Memory (MB): peak = 2745.434 ; gain = 0.000 ; free physical = 7773 ; free virtual = 13602

Phase 12 Post Router Timing
INFO: [Route 35-57] Estimated Timing Summary | WNS=14.709 | TNS=0.000  | WHS=0.143  | THS=0.000  |

INFO: [Route 35-327] The final timing numbers are based on the router estimated timing analysis. For a complete and accurate timing signoff, please run report_timing_summary.
Phase 12 Post Router Timing | Checksum: 1e9b09912

Time (s): cpu = 00:00:06 ; elapsed = 00:00:05 . Memory (MB): peak = 2745.434 ; gain = 0.000 ; free physical = 7773 ; free virtual = 13602
Total Elapsed time in route_design: 5.3 secs

Phase 13 Post-Route Event Processing
Phase 13 Post-Route Event Processing | Checksum: 19a8f85f1

Time (s): cpu = 00:00:06 ; elapsed = 00:00:05 . Memory (MB): peak = 2745.434 ; gain = 0.000 ; free physical = 7773 ; free virtual = 13602
INFO: [Route 35-16] Router Completed Successfully
Ending Routing Task | Checksum: 19a8f85f1

Time (s): cpu = 00:00:06 ; elapsed = 00:00:05 . Memory (MB): peak = 2745.434 ; gain = 0.000 ; free physical = 7773 ; free virtual = 13602

Routing Is Done.
INFO: [Common 17-83] Releasing license: Implementation
82 Infos, 55 Warnings, 55 Critical Warnings and 0 Errors encountered.
route_design completed successfully
route_design: Time (s): cpu = 00:00:06 ; elapsed = 00:00:05 . Memory (MB): peak = 2745.434 ; gain = 0.000 ; free physical = 7773 ; free virtual = 13602
INFO: [Vivado 12-24828] Executing command : report_drc -file Sindri_QLink_top_drc_routed.rpt -pb Sindri_QLink_top_drc_routed.pb -rpx Sindri_QLink_top_drc_routed.rpx
Command: report_drc -file Sindri_QLink_top_drc_routed.rpt -pb Sindri_QLink_top_drc_routed.pb -rpx Sindri_QLink_top_drc_routed.rpx
INFO: [IP_Flow 19-1839] IP Catalog is up to date.
INFO: [DRC 23-27] Running DRC with 8 threads
INFO: [Vivado_Tcl 2-168] The results of DRC are in file /home/kasper-ubuntu/Documents/AAPL_project/QLink_2020/QLink_2020.runs/impl_1/Sindri_QLink_top_drc_routed.rpt.
report_drc completed successfully
INFO: [Vivado 12-24828] Executing command : report_methodology -file Sindri_QLink_top_methodology_drc_routed.rpt -pb Sindri_QLink_top_methodology_drc_routed.pb -rpx Sindri_QLink_top_methodology_drc_routed.rpx
Command: report_methodology -file Sindri_QLink_top_methodology_drc_routed.rpt -pb Sindri_QLink_top_methodology_drc_routed.pb -rpx Sindri_QLink_top_methodology_drc_routed.rpx
INFO: [Timing 38-35] Done setting XDC timing constraints.
INFO: [DRC 23-133] Running Methodology with 8 threads
INFO: [Vivado_Tcl 2-1520] The results of Report Methodology are in file /home/kasper-ubuntu/Documents/AAPL_project/QLink_2020/QLink_2020.runs/impl_1/Sindri_QLink_top_methodology_drc_routed.rpt.
report_methodology completed successfully
INFO: [Vivado 12-24828] Executing command : report_timing_summary -max_paths 10 -file Sindri_QLink_top_timing_summary_routed.rpt -pb Sindri_QLink_top_timing_summary_routed.pb -rpx Sindri_QLink_top_timing_summary_routed.rpx -warn_on_violation 
INFO: [Timing 38-35] Done setting XDC timing constraints.
INFO: [Timing 38-91] UpdateTimingParams: Speed grade: -1, Delay Type: min_max.
INFO: [Timing 38-191] Multithreading enabled for timing update using a maximum of 6 CPUs
INFO: [Vivado 12-24838] Running report commands "report_bus_skew, report_incremental_reuse, report_route_status" in parallel.
Running report generation with 3 threads.
INFO: [Vivado 12-24828] Executing command : report_route_status -file Sindri_QLink_top_route_status.rpt -pb Sindri_QLink_top_route_status.pb
INFO: [Vivado 12-24828] Executing command : report_incremental_reuse -file Sindri_QLink_top_incremental_reuse_routed.rpt
INFO: [Vivado_Tcl 4-1062] Incremental flow is disabled. No incremental reuse Info to report.
INFO: [Vivado 12-24828] Executing command : report_bus_skew -warn_on_violation -file Sindri_QLink_top_bus_skew_routed.rpt -pb Sindri_QLink_top_bus_skew_routed.pb -rpx Sindri_QLink_top_bus_skew_routed.rpx
INFO: [Timing 38-91] UpdateTimingParams: Speed grade: -1, Delay Type: min_max.
INFO: [Timing 38-191] Multithreading enabled for timing update using a maximum of 6 CPUs
INFO: [Vivado 12-24828] Executing command : report_power -file Sindri_QLink_top_power_routed.rpt -pb Sindri_QLink_top_power_summary_routed.pb -rpx Sindri_QLink_top_power_routed.rpx
Command: report_power -file Sindri_QLink_top_power_routed.rpt -pb Sindri_QLink_top_power_summary_routed.pb -rpx Sindri_QLink_top_power_routed.rpx
Running Vector-less Activity Propagation...

Finished Running Vector-less Activity Propagation
102 Infos, 55 Warnings, 55 Critical Warnings and 0 Errors encountered.
report_power completed successfully
INFO: [Vivado 12-24828] Executing command : report_clock_utilization -file Sindri_QLink_top_clock_utilization_routed.rpt
INFO: [Timing 38-480] Writing timing data to binary archive.
Wrote PlaceDB: Time (s): cpu = 00:00:00 ; elapsed = 00:00:00 . Memory (MB): peak = 2753.438 ; gain = 0.000 ; free physical = 7773 ; free virtual = 13604
Wrote PulsedLatchDB: Time (s): cpu = 00:00:00 ; elapsed = 00:00:00 . Memory (MB): peak = 2753.438 ; gain = 0.000 ; free physical = 7773 ; free virtual = 13604
Writing XDEF routing.
Write ShapeDB Complete: Time (s): cpu = 00:00:00.01 ; elapsed = 00:00:00 . Memory (MB): peak = 2753.438 ; gain = 0.000 ; free physical = 7773 ; free virtual = 13604
Writing XDEF routing logical nets.
Writing XDEF routing special nets.
Wrote RouteStorage: Time (s): cpu = 00:00:00.05 ; elapsed = 00:00:00.01 . Memory (MB): peak = 2753.438 ; gain = 0.000 ; free physical = 7773 ; free virtual = 13604
Wrote PlaceStorage: Time (s): cpu = 00:00:00.02 ; elapsed = 00:00:00.02 . Memory (MB): peak = 2753.438 ; gain = 0.000 ; free physical = 7773 ; free virtual = 13604
Wrote Netlist Cache: Time (s): cpu = 00:00:00 ; elapsed = 00:00:00 . Memory (MB): peak = 2753.438 ; gain = 0.000 ; free physical = 7773 ; free virtual = 13604
Wrote Device Cache: Time (s): cpu = 00:00:00.01 ; elapsed = 00:00:00 . Memory (MB): peak = 2753.438 ; gain = 0.000 ; free physical = 7773 ; free virtual = 13604
Write Physdb Complete: Time (s): cpu = 00:00:00.09 ; elapsed = 00:00:00.03 . Memory (MB): peak = 2753.438 ; gain = 0.000 ; free physical = 7773 ; free virtual = 13604
INFO: [Common 17-1381] The checkpoint '/home/kasper-ubuntu/Documents/AAPL_project/QLink_2020/QLink_2020.runs/impl_1/Sindri_QLink_top_routed.dcp' has been generated.
Command: write_bitstream -force Sindri_QLink_top.bit
Attempting to get a license for feature 'Implementation' and/or device 'xc7s15'
INFO: [Common 17-349] Got license for feature 'Implementation' and/or device 'xc7s15'
Running DRC as a precondition to command write_bitstream
INFO: [IP_Flow 19-1839] IP Catalog is up to date.
INFO: [DRC 23-27] Running DRC with 8 threads
INFO: [Vivado 12-3199] DRC finished with 0 Errors
INFO: [Vivado 12-3200] Please refer to the DRC report (report_drc) for more information.
Integrating Hard IP ELF/MEM with the PDI.
INFO: [Designutils 20-2272] Running write_bitstream with 6 threads.
Loading data files...
Loading site data...
Loading route data...
Processing options...
Creating bitmap...
Creating bitstream...
Writing bitstream ./Sindri_QLink_top.bit...
INFO: [Vivado 12-1842] Bitgen Completed Successfully.
INFO: [Common 17-83] Releasing license: Implementation
113 Infos, 55 Warnings, 55 Critical Warnings and 0 Errors encountered.
write_bitstream completed successfully
write_bitstream: Time (s): cpu = 00:00:07 ; elapsed = 00:00:11 . Memory (MB): peak = 2820.879 ; gain = 67.441 ; free physical = 7633 ; free virtual = 13469
INFO: [Common 17-206] Exiting Vivado at Thu Apr  2 10:36:25 2026...
