Copyright 1986-2022 Xilinx, Inc. All Rights Reserved. Copyright 2022-2025 Advanced Micro Devices, Inc. All Rights Reserved.
---------------------------------------------------------------------------------------------------------------------------------------------
| Tool Version : Vivado v.2025.2 (lin64) Build 6299465 Fri Nov 14 12:34:56 MST 2025
| Date         : Thu Apr  2 10:36:06 2026
| Host         : kasper-ubuntu-pc running 64-bit Ubuntu 22.04.5 LTS
| Command      : report_control_sets -verbose -file Sindri_QLink_top_control_sets_placed.rpt
| Design       : Sindri_QLink_top
| Device       : xc7s15
---------------------------------------------------------------------------------------------------------------------------------------------

Control Set Information

Table of Contents
-----------------
1. Summary
2. Histogram
3. Flip-Flop Distribution
4. Detailed Control Set Information

1. Summary
----------

+----------------------------------------------------------+-------+
|                          Status                          | Count |
+----------------------------------------------------------+-------+
| Total control sets                                       |    31 |
|    Minimum number of control sets                        |    31 |
|    Addition due to synthesis replication                 |     0 |
|    Addition due to physical synthesis replication        |     0 |
| Unused register locations in slices containing registers |   138 |
+----------------------------------------------------------+-------+
* Control sets can be merged at opt_design using control_set_merge or merge_equivalent_drivers
** Run report_qor_suggestions for automated merging and remapping suggestions


2. Histogram
------------

+--------------------+-------+
|       Fanout       | Count |
+--------------------+-------+
| Total control sets |    31 |
| >= 0 to < 4        |     9 |
| >= 4 to < 6        |    15 |
| >= 6 to < 8        |     3 |
| >= 8 to < 10       |     1 |
| >= 10 to < 12      |     0 |
| >= 12 to < 14      |     0 |
| >= 14 to < 16      |     0 |
| >= 16              |     3 |
+--------------------+-------+
* Control sets can be remapped at either synth_design or opt_design


3. Flip-Flop Distribution
-------------------------

+--------------+-----------------------+------------------------+-----------------+--------------+
| Clock Enable | Synchronous Set/Reset | Asynchronous Set/Reset | Total Registers | Total Slices |
+--------------+-----------------------+------------------------+-----------------+--------------+
| No           | No                    | No                     |               9 |            6 |
| No           | No                    | Yes                    |               0 |            0 |
| No           | Yes                   | No                     |              50 |           17 |
| Yes          | No                    | No                     |               7 |            2 |
| Yes          | No                    | Yes                    |               0 |            0 |
| Yes          | Yes                   | No                     |             132 |           49 |
+--------------+-----------------------+------------------------+-----------------+--------------+


4. Detailed Control Set Information
-----------------------------------

+--------------+--------------------------------------------+------------------------------------+------------------+----------------+--------------+
| Clock Signal |                Enable Signal               |          Set/Reset Signal          | Slice Load Count | Bel Load Count | Bels / Slice |
+--------------+--------------------------------------------+------------------------------------+------------------+----------------+--------------+
|  clk48_BUFG  | QLINK1/U1/p_0_in_0[3]                      | QLINK1/sys_reset                   |                1 |              1 |         1.00 |
|  clk48_BUFG  | QLINK1/U1/p_0_in_0[7]                      | QLINK1/sys_reset                   |                1 |              1 |         1.00 |
|  clk48_BUFG  | QLINK1/U1/p_0_in_0[5]                      | QLINK1/sys_reset                   |                1 |              1 |         1.00 |
|  clk48_BUFG  | QLINK1/U1/p_0_in_0[6]                      | QLINK1/sys_reset                   |                1 |              1 |         1.00 |
|  clk48_BUFG  | QLINK1/U1/p_0_in_0[2]                      | QLINK1/sys_reset                   |                1 |              1 |         1.00 |
|  clk48_BUFG  | QLINK1/U1/p_0_in_0[1]                      | QLINK1/sys_reset                   |                1 |              1 |         1.00 |
|  clk48_BUFG  | QLINK1/U1/p_0_in_0[0]                      | QLINK1/sys_reset                   |                1 |              1 |         1.00 |
|  clk48_BUFG  | QLINK1/U1/p_0_in_0[4]                      | QLINK1/sys_reset                   |                1 |              1 |         1.00 |
|  clk48_BUFG  | QLINK1/E[0]                                | QLINK1/sys_reset                   |                1 |              3 |         3.00 |
|  clk48_BUFG  | QLINK1/U1/FSM_onehot_rx_state_reg[18]_0[6] | QLINK1/sys_reset                   |                1 |              4 |         4.00 |
|  clk48_BUFG  | QLINK1/U1/FSM_onehot_rx_state_reg[18]_0[2] | QLINK1/sys_reset                   |                1 |              4 |         4.00 |
|  clk48_BUFG  |                                            | QLINK1/U1/subcnt[3]_i_1_n_0        |                1 |              4 |         4.00 |
|  clk48_BUFG  | QLINK1/U1/FSM_onehot_rx_state_reg[18]_0[0] | QLINK1/sys_reset                   |                1 |              4 |         4.00 |
|  clk48_BUFG  | QLINK1/U2/nxt_bitcnt[0]                    | QLINK1/U2/nxt_bitcnt[3]_i_1__0_n_0 |                2 |              4 |         2.00 |
|  clk48_BUFG  | QLINK1/U1/FSM_onehot_rx_state_reg[18]_0[4] | QLINK1/sys_reset                   |                2 |              4 |         2.00 |
|  clk48_BUFG  | QLINK1/U2/sel                              | QLINK1/U2/subcnt[3]_i_1__0_n_0     |                1 |              4 |         4.00 |
|  clk48_BUFG  | QLINK1/U1/FSM_onehot_rx_state_reg[18]_0[7] | QLINK1/sys_reset                   |                3 |              4 |         1.33 |
|  clk48_BUFG  | QLINK1/U1/E[0]                             | QLINK1/sys_reset                   |                1 |              4 |         4.00 |
|  clk48_BUFG  | QLINK1/U1/nxt_bitcnt[3]_i_2__0_n_0         | QLINK1/U1/nxt_bitcnt[3]_i_1_n_0    |                1 |              4 |         4.00 |
|  clk48_BUFG  | QLINK1/U1/E[1]                             | QLINK1/sys_reset                   |                1 |              4 |         4.00 |
|  clk48_BUFG  | QLINK1/U1/FSM_onehot_rx_state_reg[18]_0[3] | QLINK1/sys_reset                   |                1 |              4 |         4.00 |
|  clk48_BUFG  | QLINK1/U1/FSM_onehot_rx_state_reg[18]_0[5] | QLINK1/sys_reset                   |                1 |              4 |         4.00 |
|  clk48_BUFG  | QLINK1/U1/FSM_onehot_rx_state_reg[18]_0[1] | QLINK1/sys_reset                   |                1 |              4 |         4.00 |
|  clk48_BUFG  | QLINK1/U2/nxt_char_cnt_reg[4][0]           | QLINK1/sys_reset                   |                1 |              5 |         5.00 |
|  clk48_BUFG  | QLINK1/sel                                 | QLINK1/sys_reset                   |                2 |              6 |         3.00 |
|  clk48_BUFG  | QLINK1/U2/sys_reset_reg[0]                 |                                    |                2 |              7 |         3.50 |
|  clk48_BUFG  | QLINK1/enc_wr                              | QLINK1/sys_reset                   |                1 |              7 |         7.00 |
|  clk48_BUFG  |                                            |                                    |                6 |              9 |         1.50 |
|  clk48_BUFG  | QLINK1/U1/FSM_onehot_rx_state_reg[14][0]   | QLINK1/sys_reset                   |                8 |             19 |         2.38 |
|  clk48_BUFG  | QLINK1/nxt_timestamp[0]                    | QLINK1/sys_reset                   |               11 |             32 |         2.91 |
|  clk48_BUFG  |                                            | QLINK1/sys_reset                   |               16 |             46 |         2.88 |
+--------------+--------------------------------------------+------------------------------------+------------------+----------------+--------------+


